Archive member included to satisfy reference by file (symbol)

c:/nxp/s32ds_arm_v2.2/s32ds/build_tools/gcc_v6.3/gcc-6.3-arm32-eabi/bin/../lib/gcc/arm-none-eabi/6.3.1/thumb/v7e-m/fpv4-sp/hard\libgcc.a(_aeabi_uldivmod.o)
                              ./BaseDriver/Timer.o (__aeabi_uldivmod)
c:/nxp/s32ds_arm_v2.2/s32ds/build_tools/gcc_v6.3/gcc-6.3-arm32-eabi/bin/../lib/gcc/arm-none-eabi/6.3.1/thumb/v7e-m/fpv4-sp/hard\libgcc.a(_udivmoddi4.o)
                              c:/nxp/s32ds_arm_v2.2/s32ds/build_tools/gcc_v6.3/gcc-6.3-arm32-eabi/bin/../lib/gcc/arm-none-eabi/6.3.1/thumb/v7e-m/fpv4-sp/hard\libgcc.a(_aeabi_uldivmod.o) (__udivmoddi4)
c:/nxp/s32ds_arm_v2.2/s32ds/build_tools/gcc_v6.3/gcc-6.3-arm32-eabi/bin/../lib/gcc/arm-none-eabi/6.3.1/thumb/v7e-m/fpv4-sp/hard\libgcc.a(_dvmd_tls.o)
                              c:/nxp/s32ds_arm_v2.2/s32ds/build_tools/gcc_v6.3/gcc-6.3-arm32-eabi/bin/../lib/gcc/arm-none-eabi/6.3.1/thumb/v7e-m/fpv4-sp/hard\libgcc.a(_aeabi_uldivmod.o) (__aeabi_ldiv0)
C:/NXP/S32DS_ARM_v2.2/S32DS/build_tools/gcc_v6.3/gcc-6.3-arm32-eabi/arm-none-eabi/newlib/lib/thumb/v7e-m/fpv4-sp/hard\libc_nano.a(lib_a-exit.o)
                              C:/NXP/S32DS_ARM_v2.2/S32DS/build_tools/gcc_v6.3/gcc-6.3-arm32-eabi/arm-none-eabi/newlib/lib/thumb/v7e-m/fpv4-sp/hard/crt0.o (exit)
C:/NXP/S32DS_ARM_v2.2/S32DS/build_tools/gcc_v6.3/gcc-6.3-arm32-eabi/arm-none-eabi/newlib/lib/thumb/v7e-m/fpv4-sp/hard\libc_nano.a(lib_a-impure.o)
                              C:/NXP/S32DS_ARM_v2.2/S32DS/build_tools/gcc_v6.3/gcc-6.3-arm32-eabi/arm-none-eabi/newlib/lib/thumb/v7e-m/fpv4-sp/hard\libc_nano.a(lib_a-exit.o) (_global_impure_ptr)
C:/NXP/S32DS_ARM_v2.2/S32DS/build_tools/gcc_v6.3/gcc-6.3-arm32-eabi/arm-none-eabi/newlib/lib/thumb/v7e-m/fpv4-sp/hard\libc_nano.a(lib_a-init.o)
                              C:/NXP/S32DS_ARM_v2.2/S32DS/build_tools/gcc_v6.3/gcc-6.3-arm32-eabi/arm-none-eabi/newlib/lib/thumb/v7e-m/fpv4-sp/hard/crt0.o (__libc_init_array)
C:/NXP/S32DS_ARM_v2.2/S32DS/build_tools/gcc_v6.3/gcc-6.3-arm32-eabi/arm-none-eabi/newlib/lib/thumb/v7e-m/fpv4-sp/hard\libc_nano.a(lib_a-memset.o)
                              C:/NXP/S32DS_ARM_v2.2/S32DS/build_tools/gcc_v6.3/gcc-6.3-arm32-eabi/arm-none-eabi/newlib/lib/thumb/v7e-m/fpv4-sp/hard/crt0.o (memset)
C:/NXP/S32DS_ARM_v2.2/S32DS/build_tools/gcc_v6.3/gcc-6.3-arm32-eabi/arm-none-eabi/newlib/lib/thumb/v7e-m/fpv4-sp/hard\libnosys.a(_exit.o)
                              C:/NXP/S32DS_ARM_v2.2/S32DS/build_tools/gcc_v6.3/gcc-6.3-arm32-eabi/arm-none-eabi/newlib/lib/thumb/v7e-m/fpv4-sp/hard\libc_nano.a(lib_a-exit.o) (_exit)

Allocating common symbols
Common symbol       size              file

Speed_Value_lst     0x2               ./src/e-bike_app.o
s2_scan             0x2               ./BaseDriver/Gpio.o
Candence_Out_500us  0x2               ./src/e-bike_app.o
hallcode            0x1               ./src/e-bike_app.o
tx0_2ms             0x1               ./BaseDriver/lpuart_LPUART_0.o
s2_Falling          0x2               ./BaseDriver/Gpio.o
Speed_Mil_Hr        0x4               ./src/e-bike_app.o
Speed_Cnt_500us     0x2               ./src/e-bike_app.o
g_xtal0ClkFreq      0x4               ./SDK/platform/drivers/src/clock/S32K1xx/clock_S32K1xx.o
g_ftmChannelRunning
                    0x20              ./SDK/platform/pal/src/timing/timing_pal.o
ADC_ST              0x30              ./BaseDriver/Adc.o
s2_ap_ll            0x2               ./BaseDriver/Gpio.o
Candence_Out_Value  0x2               ./src/e-bike_app.o
s2_Rising           0x2               ./BaseDriver/Gpio.o
s2_8ms              0x2               ./BaseDriver/Gpio.o
timer_500us         0x1               ./BaseDriver/Timer.o
tx0_buf             0x100             ./BaseDriver/lpuart_LPUART_0.o
s2_ap               0x2               ./BaseDriver/Gpio.o
Speed_Value         0x2               ./src/e-bike_app.o
key_info            0x8               ./BaseDriver/Gpio.o
g_RtcClkInFreq      0x4               ./SDK/platform/drivers/src/clock/S32K1xx/clock_S32K1xx.o
timer_10us          0x4               ./BaseDriver/Timer.o
tr0_buf             0x100             ./BaseDriver/lpuart_LPUART_0.o
lpUartState1        0x34              ./BaseDriver/lpuart_LPUART_0.o
tr0_2ms             0x1               ./BaseDriver/lpuart_LPUART_0.o
adcRawValue         0x2               ./BaseDriver/Adc.o
MT_State            0x1               ./src/e-bike_app.o
LED_4ms             0x4               ./BaseDriver/Timer.o
g_TClkFreq          0xc               ./SDK/platform/drivers/src/clock/S32K1xx/clock_S32K1xx.o
Candence_In_Value   0x2               ./src/e-bike_app.o
EB_APP_ST           0x2c              ./src/e-bike_app.o
Candence_In_500us   0x2               ./src/e-bike_app.o
adc_pal_1_results0  0xa               ./board/peripherals_adc_pal_1.o
dmaController1_State
                    0x40              ./board/peripherals_dmaController1.o
dmaController1Chn0_State
                    0x10              ./board/peripherals_dmaController1.o

[...]
Memory Configuration

Name             Origin             Length             Attributes
m_interrupts     0x00000000         0x00000400         xr
m_flash_config   0x00000400         0x00000010         xr
m_text           0x00000410         0x0003fbf0         xr
m_data           0x1fffc000         0x00004000         rw
m_data_2         0x20000000         0x00003000         rw
*default*        0x00000000         0xffffffff

Linker script and memory map

LOAD c:/nxp/s32ds_arm_v2.2/s32ds/build_tools/gcc_v6.3/gcc-6.3-arm32-eabi/bin/../lib/gcc/arm-none-eabi/6.3.1/thumb/v7e-m/fpv4-sp/hard/crti.o
LOAD c:/nxp/s32ds_arm_v2.2/s32ds/build_tools/gcc_v6.3/gcc-6.3-arm32-eabi/bin/../lib/gcc/arm-none-eabi/6.3.1/thumb/v7e-m/fpv4-sp/hard/crtbegin.o
LOAD C:/NXP/S32DS_ARM_v2.2/S32DS/build_tools/gcc_v6.3/gcc-6.3-arm32-eabi/arm-none-eabi/newlib/lib/thumb/v7e-m/fpv4-sp/hard/crt0.o
LOAD ./BaseDriver/Adc.o
LOAD ./BaseDriver/Gpio.o
LOAD ./BaseDriver/Timer.o
LOAD ./BaseDriver/lpuart_LPUART_0.o
LOAD ./Project_Settings/Startup_Code/startup_S32K142.o
LOAD ./SDK/platform/devices/S32K142/startup/system_S32K142.o
LOAD ./SDK/platform/devices/startup.o
LOAD ./SDK/platform/drivers/src/adc/adc_driver.o
LOAD ./SDK/platform/drivers/src/clock/S32K1xx/clock_S32K1xx.o
LOAD ./SDK/platform/drivers/src/edma/edma_driver.o
LOAD ./SDK/platform/drivers/src/edma/edma_hw_access.o
LOAD ./SDK/platform/drivers/src/edma/edma_irq.o
LOAD ./SDK/platform/drivers/src/ftm/ftm_common.o
LOAD ./SDK/platform/drivers/src/ftm/ftm_hw_access.o
LOAD ./SDK/platform/drivers/src/ftm/ftm_mc_driver.o
LOAD ./SDK/platform/drivers/src/ftm/ftm_oc_driver.o
LOAD ./SDK/platform/drivers/src/interrupt/interrupt_manager.o
LOAD ./SDK/platform/drivers/src/lpit/lpit_driver.o
LOAD ./SDK/platform/drivers/src/lptmr/lptmr_driver.o
LOAD ./SDK/platform/drivers/src/lptmr/lptmr_hw_access.o
LOAD ./SDK/platform/drivers/src/lpuart/lpuart_driver.o
LOAD ./SDK/platform/drivers/src/lpuart/lpuart_hw_access.o
LOAD ./SDK/platform/drivers/src/lpuart/lpuart_irq.o
LOAD ./SDK/platform/drivers/src/pdb/pdb_driver.o
LOAD ./SDK/platform/drivers/src/pdb/pdb_hw_access.o
LOAD ./SDK/platform/drivers/src/pins/pins_driver.o
LOAD ./SDK/platform/drivers/src/pins/pins_port_hw_access.o
LOAD ./SDK/platform/drivers/src/trgmux/trgmux_driver.o
LOAD ./SDK/platform/drivers/src/trgmux/trgmux_hw_access.o
LOAD ./SDK/platform/pal/src/adc/adc_irq.o
LOAD ./SDK/platform/pal/src/adc/adc_pal.o
LOAD ./SDK/platform/pal/src/timing/timing_irq.o
LOAD ./SDK/platform/pal/src/timing/timing_pal.o
LOAD ./SDK/rtos/osif/osif_baremetal.o
LOAD ./board/clock_config.o
LOAD ./board/peripherals_adc_pal_1.o
LOAD ./board/peripherals_dmaController1.o
LOAD ./board/peripherals_timing_pal_1.o
LOAD ./board/peripherals_timing_pal_2.o
LOAD ./board/peripherals_timing_pal_3.o
LOAD ./board/pin_mux.o
LOAD ./src/e-bike_app.o
LOAD ./src/main.o
START GROUP
LOAD c:/nxp/s32ds_arm_v2.2/s32ds/build_tools/gcc_v6.3/gcc-6.3-arm32-eabi/bin/../lib/gcc/arm-none-eabi/6.3.1/thumb/v7e-m/fpv4-sp/hard\libgcc.a
LOAD C:/NXP/S32DS_ARM_v2.2/S32DS/build_tools/gcc_v6.3/gcc-6.3-arm32-eabi/arm-none-eabi/newlib/lib/thumb/v7e-m/fpv4-sp/hard\libc_nano.a
END GROUP
START GROUP
LOAD c:/nxp/s32ds_arm_v2.2/s32ds/build_tools/gcc_v6.3/gcc-6.3-arm32-eabi/bin/../lib/gcc/arm-none-eabi/6.3.1/thumb/v7e-m/fpv4-sp/hard\libgcc.a
LOAD C:/NXP/S32DS_ARM_v2.2/S32DS/build_tools/gcc_v6.3/gcc-6.3-arm32-eabi/arm-none-eabi/newlib/lib/thumb/v7e-m/fpv4-sp/hard\libc_nano.a
LOAD C:/NXP/S32DS_ARM_v2.2/S32DS/build_tools/gcc_v6.3/gcc-6.3-arm32-eabi/arm-none-eabi/newlib/lib/thumb/v7e-m/fpv4-sp/hard\libnosys.a
END GROUP
START GROUP
LOAD c:/nxp/s32ds_arm_v2.2/s32ds/build_tools/gcc_v6.3/gcc-6.3-arm32-eabi/bin/../lib/gcc/arm-none-eabi/6.3.1/thumb/v7e-m/fpv4-sp/hard\libgcc.a
LOAD C:/NXP/S32DS_ARM_v2.2/S32DS/build_tools/gcc_v6.3/gcc-6.3-arm32-eabi/arm-none-eabi/newlib/lib/thumb/v7e-m/fpv4-sp/hard\libc_nano.a
LOAD C:/NXP/S32DS_ARM_v2.2/S32DS/build_tools/gcc_v6.3/gcc-6.3-arm32-eabi/arm-none-eabi/newlib/lib/thumb/v7e-m/fpv4-sp/hard\libnosys.a
END GROUP
LOAD c:/nxp/s32ds_arm_v2.2/s32ds/build_tools/gcc_v6.3/gcc-6.3-arm32-eabi/bin/../lib/gcc/arm-none-eabi/6.3.1/thumb/v7e-m/fpv4-sp/hard/crtend.o
LOAD c:/nxp/s32ds_arm_v2.2/s32ds/build_tools/gcc_v6.3/gcc-6.3-arm32-eabi/bin/../lib/gcc/arm-none-eabi/6.3.1/thumb/v7e-m/fpv4-sp/hard/crtn.o
                0x00000400                HEAP_SIZE = DEFINED (__heap_size__)?__heap_size__:0x400
                0x00000400                STACK_SIZE = DEFINED (__stack_size__)?__stack_size__:0x400
                0x00000400                M_VECTOR_RAM_SIZE = DEFINED (__flash_vector_table__)?0x0:0x400

.interrupts     0x00000000      0x400
                0x00000000                __VECTOR_TABLE = .
                0x00000000                __interrupts_start__ = .
                0x00000000                . = ALIGN (0x4)
 *(.isr_vector)
 .isr_vector    0x00000000      0x400 ./Project_Settings/Startup_Code/startup_S32K142.o
                0x00000000                __isr_vector
                0x00000400                __interrupts_end__ = .
                0x00000400                . = ALIGN (0x4)

.flash_config   0x00000400       0x10
                0x00000400                . = ALIGN (0x4)
 *(.FlashConfig)
 .FlashConfig   0x00000400       0x10 ./Project_Settings/Startup_Code/startup_S32K142.o
                0x00000410                . = ALIGN (0x4)

.text           0x00000410     0x55ac
                0x00000410                . = ALIGN (0x4)
 *(.text)
 .text          0x00000410       0x6c ./Project_Settings/Startup_Code/startup_S32K142.o
                0x00000410                Reset_Handler
                0x00000478                Reserved111_IRQHandler
                0x00000478                DebugMon_Handler
                0x00000478                Reserved88_IRQHandler
                0x00000478                CAN0_ORed_IRQHandler
                0x00000478                HardFault_Handler
                0x00000478                Reserved86_IRQHandler
                0x00000478                Reserved103_IRQHandler
                0x00000478                FTM2_Ovf_Reload_IRQHandler
                0x00000478                Reserved50_IRQHandler
                0x00000478                FTFC_Fault_IRQHandler
                0x00000478                FTM0_Ch6_Ch7_IRQHandler
                0x00000478                Reserved114_IRQHandler
                0x00000478                PendSV_Handler
                0x00000478                NMI_Handler
                0x00000478                Reserved89_IRQHandler
                0x00000478                ERM_double_fault_IRQHandler
                0x00000478                Reserved59_IRQHandler
                0x00000478                Reserved99_IRQHandler
                0x00000478                FTM3_Ch6_Ch7_IRQHandler
                0x00000478                Reserved92_IRQHandler
                0x00000478                FTM0_Ch4_Ch5_IRQHandler
                0x00000478                CAN1_Error_IRQHandler
                0x00000478                FTM3_Ch0_Ch1_IRQHandler
                0x00000478                SWI_IRQHandler
                0x00000478                FTM2_Ch4_Ch5_IRQHandler
                0x00000478                UsageFault_Handler
                0x00000478                FTM0_Ovf_Reload_IRQHandler
                0x00000478                DefaultISR
                0x00000478                Reserved58_IRQHandler
                0x00000478                CAN1_ORed_0_15_MB_IRQHandler
                0x00000478                FTM1_Ch2_Ch3_IRQHandler
                0x00000478                Reserved82_IRQHandler
                0x00000478                CAN0_ORed_16_31_MB_IRQHandler
                0x00000478                LPI2C0_Slave_IRQHandler
                0x00000478                Reserved71_IRQHandler
                0x00000478                PORTD_IRQHandler
                0x00000478                Reserved69_IRQHandler
                0x00000478                PORTB_IRQHandler
                0x00000478                Reserved70_IRQHandler
                0x00000478                FTM2_Ch2_Ch3_IRQHandler
                0x00000478                Reserved53_IRQHandler
                0x00000478                RTC_IRQHandler
                0x00000478                PDB0_IRQHandler
                0x00000478                Reserved54_IRQHandler
                0x00000478                FTM2_Ch6_Ch7_IRQHandler
                0x00000478                FTM3_Ch2_Ch3_IRQHandler
                0x00000478                FTM2_Ch0_Ch1_IRQHandler
                0x00000478                LPSPI1_IRQHandler
                0x00000478                LPUART1_RxTx_IRQHandler
                0x00000478                RTC_Seconds_IRQHandler
                0x00000478                Reserved108_IRQHandler
                0x00000478                Reserved72_IRQHandler
                0x00000478                Reserved110_IRQHandler
                0x00000478                Reserved107_IRQHandler
                0x00000478                Read_Collision_IRQHandler
                0x00000478                FTFC_IRQHandler
                0x00000478                FTM1_Ch6_Ch7_IRQHandler
                0x00000478                Reserved105_IRQHandler
                0x00000478                FTM1_Ch4_Ch5_IRQHandler
                0x00000478                FTM3_Ovf_Reload_IRQHandler
                0x00000478                LPSPI0_IRQHandler
                0x00000478                WDOG_EWM_IRQHandler
                0x00000478                MemManage_Handler
                0x00000478                Reserved90_IRQHandler
                0x00000478                Reserved83_IRQHandler
                0x00000478                FTM0_Fault_IRQHandler
                0x00000478                Reserved48_IRQHandler
                0x00000478                SVC_Handler
                0x00000478                ERM_single_fault_IRQHandler
                0x00000478                FTM2_Fault_IRQHandler
                0x00000478                FTM0_Ch2_Ch3_IRQHandler
                0x00000478                Reserved109_IRQHandler
                0x00000478                FTM0_Ch0_Ch1_IRQHandler
                0x00000478                FTM3_Fault_IRQHandler
                0x00000478                RCM_IRQHandler
                0x00000478                Reserved100_IRQHandler
                0x00000478                Reserved91_IRQHandler
                0x00000478                CAN1_ORed_IRQHandler
                0x00000478                SCG_IRQHandler
                0x00000478                PDB1_IRQHandler
                0x00000478                Reserved81_IRQHandler
                0x00000478                Reserved46_IRQHandler
                0x00000478                Reserved45_IRQHandler
                0x00000478                CAN0_Error_IRQHandler
                0x00000478                Reserved112_IRQHandler
                0x00000478                LPI2C0_Master_IRQHandler
                0x00000478                FTM1_Fault_IRQHandler
                0x00000478                Reserved106_IRQHandler
                0x00000478                LVD_LVW_IRQHandler
                0x00000478                Reserved51_IRQHandler
                0x00000478                PORTA_IRQHandler
                0x00000478                MCM_IRQHandler
                0x00000478                Reserved44_IRQHandler
                0x00000478                FTM3_Ch4_Ch5_IRQHandler
                0x00000478                CAN0_ORed_0_15_MB_IRQHandler
                0x00000478                PORTE_IRQHandler
                0x00000478                LPUART0_RxTx_IRQHandler
                0x00000478                BusFault_Handler
                0x00000478                Reserved87_IRQHandler
                0x00000478                FTM1_Ovf_Reload_IRQHandler
                0x00000478                Reserved93_IRQHandler
                0x00000478                CAN0_Wake_Up_IRQHandler
                0x00000478                CMP0_IRQHandler
                0x00000478                Reserved52_IRQHandler
                0x00000478                PORTC_IRQHandler
                0x00000478                FTM1_Ch0_Ch1_IRQHandler
                0x00000478                FLEXIO_IRQHandler
                0x00000478                Reserved113_IRQHandler
 .text          0x0000047c       0x30 c:/nxp/s32ds_arm_v2.2/s32ds/build_tools/gcc_v6.3/gcc-6.3-arm32-eabi/bin/../lib/gcc/arm-none-eabi/6.3.1/thumb/v7e-m/fpv4-sp/hard\libgcc.a(_aeabi_uldivmod.o)
                0x0000047c                __aeabi_uldivmod
 .text          0x000004ac      0x2e4 c:/nxp/s32ds_arm_v2.2/s32ds/build_tools/gcc_v6.3/gcc-6.3-arm32-eabi/bin/../lib/gcc/arm-none-eabi/6.3.1/thumb/v7e-m/fpv4-sp/hard\libgcc.a(_udivmoddi4.o)
                0x000004ac                __udivmoddi4
 .text          0x00000790        0x4 c:/nxp/s32ds_arm_v2.2/s32ds/build_tools/gcc_v6.3/gcc-6.3-arm32-eabi/bin/../lib/gcc/arm-none-eabi/6.3.1/thumb/v7e-m/fpv4-sp/hard\libgcc.a(_dvmd_tls.o)
                0x00000790                __aeabi_idiv0
                0x00000790                __aeabi_ldiv0
 *(.text*)
 .text.LED_Red_Toggle
                0x00000794       0x10 ./BaseDriver/Gpio.o
                0x00000794                LED_Red_Toggle
 .text.Power_Off
                0x000007a4       0x14 ./BaseDriver/Gpio.o
                0x000007a4                Power_Off
 .text.Power_On
                0x000007b8       0x14 ./BaseDriver/Gpio.o
                0x000007b8                Power_On
 .text.Lamp_Front_Dis
                0x000007cc       0x10 ./BaseDriver/Gpio.o
                0x000007cc                Lamp_Front_Dis
 .text.Lamp_Rear_Dis
                0x000007dc       0x10 ./BaseDriver/Gpio.o
                0x000007dc                Lamp_Rear_Dis
 .text.Key_Scan
                0x000007ec       0x44 ./BaseDriver/Gpio.o
                0x000007ec                Key_Scan
 .text.GPIO_Init
                0x00000830       0x28 ./BaseDriver/Gpio.o
                0x00000830                GPIO_Init
 .text.Key_State_Result
                0x00000858       0x5c ./BaseDriver/Gpio.o
                0x00000858                Key_State_Result
 .text.Key_Routine
                0x000008b4      0x100 ./BaseDriver/Gpio.o
                0x000008b4                Key_Routine
 .text.Brake_Routine
                0x000009b4       0x3c ./BaseDriver/Gpio.o
                0x000009b4                Brake_Routine
 .text.Timer_Init
                0x000009f0       0x88 ./BaseDriver/Timer.o
                0x000009f0                Timer_Init
 .text.timingLpitInst0_callback
                0x00000a78       0x20 ./BaseDriver/Timer.o
                0x00000a78                timingLpitInst0_callback
 .text.Time_2ms_Tasks
                0x00000a98       0x1c ./BaseDriver/Timer.o
                0x00000a98                Time_2ms_Tasks
 .text.Time_4ms_Tasks
                0x00000ab4       0x60 ./BaseDriver/Timer.o
                0x00000ab4                Time_4ms_Tasks
 .text.Time_8ms_Tasks
                0x00000b14       0x14 ./BaseDriver/Timer.o
                0x00000b14                Time_8ms_Tasks
 .text.timingLptmrInst0_callback
                0x00000b28       0x54 ./BaseDriver/Timer.o
                0x00000b28                timingLptmrInst0_callback
 .text.Uart0_TX_IRQ
                0x00000b7c       0x14 ./BaseDriver/lpuart_LPUART_0.o
                0x00000b7c                Uart0_TX_IRQ
 .text.Uart0_RX_IRQ
                0x00000b90       0x40 ./BaseDriver/lpuart_LPUART_0.o
                0x00000b90                Uart0_RX_IRQ
 .text.start_tx
                0x00000bd0       0x1c ./BaseDriver/lpuart_LPUART_0.o
                0x00000bd0                start_tx
 .text.Init_Uart
                0x00000bec       0x68 ./BaseDriver/lpuart_LPUART_0.o
                0x00000bec                Init_Uart
 .text.SystemInit
                0x00000c54       0x3c ./SDK/platform/devices/S32K142/startup/system_S32K142.o
                0x00000c54                SystemInit
 .text.init_data_bss
                0x00000c90       0xd8 ./SDK/platform/devices/startup.o
                0x00000c90                init_data_bss
 .text.ADC_DRV_GetChanResult
                0x00000d68       0x30 ./SDK/platform/drivers/src/adc/adc_driver.o
                0x00000d68                ADC_DRV_GetChanResult
 .text.CLOCK_SYS_GetCurrentRunMode
                0x00000d98       0x24 ./SDK/platform/drivers/src/clock/S32K1xx/clock_S32K1xx.o
 .text.CLOCK_SYS_GetSysOscFreq
                0x00000dbc       0x1c ./SDK/platform/drivers/src/clock/S32K1xx/clock_S32K1xx.o
 .text.CLOCK_SYS_ConfigureSOSC
                0x00000dd8      0x12c ./SDK/platform/drivers/src/clock/S32K1xx/clock_S32K1xx.o
 .text.CLOCK_SYS_GetSircFreq
                0x00000f04       0x2c ./SDK/platform/drivers/src/clock/S32K1xx/clock_S32K1xx.o
 .text.CLOCK_SYS_ConfigureSIRC
                0x00000f30       0xc4 ./SDK/platform/drivers/src/clock/S32K1xx/clock_S32K1xx.o
 .text.CLOCK_SYS_GetFircFreq
                0x00000ff4       0x20 ./SDK/platform/drivers/src/clock/S32K1xx/clock_S32K1xx.o
 .text.CLOCK_SYS_ConfigureFIRC
                0x00001014       0xb4 ./SDK/platform/drivers/src/clock/S32K1xx/clock_S32K1xx.o
 .text.CLOCK_SYS_GetSysPllFreq
                0x000010c8       0x44 ./SDK/platform/drivers/src/clock/S32K1xx/clock_S32K1xx.o
 .text.CLOCK_SYS_ConfigureSPLL
                0x0000110c      0x12c ./SDK/platform/drivers/src/clock/S32K1xx/clock_S32K1xx.o
 .text.CLOCK_SYS_SetSystemClockConfig
                0x00001238      0x204 ./SDK/platform/drivers/src/clock/S32K1xx/clock_S32K1xx.o
 .text.CLOCK_SYS_TransitionSystemClock
                0x0000143c       0x54 ./SDK/platform/drivers/src/clock/S32K1xx/clock_S32K1xx.o
 .text.CLOCK_SYS_GetSystemClockFreq
                0x00001490       0x80 ./SDK/platform/drivers/src/clock/S32K1xx/clock_S32K1xx.o
 .text.CLOCK_SYS_GetScgClkOutFreq
                0x00001510       0x44 ./SDK/platform/drivers/src/clock/S32K1xx/clock_S32K1xx.o
 .text.CLOCK_SYS_GetSysAsyncFreq
                0x00001554       0xc0 ./SDK/platform/drivers/src/clock/S32K1xx/clock_S32K1xx.o
 .text.CLOCK_SYS_GetSimRtcClkFreq
                0x00001614       0x50 ./SDK/platform/drivers/src/clock/S32K1xx/clock_S32K1xx.o
 .text.CLOCK_SYS_GetLpoFreq
                0x00001664       0x54 ./SDK/platform/drivers/src/clock/S32K1xx/clock_S32K1xx.o
 .text.CLOCK_SYS_GetSimClkOutFreq
                0x000016b8       0x98 ./SDK/platform/drivers/src/clock/S32K1xx/clock_S32K1xx.o
 .text.CLOCK_SYS_GetSimClockFreq
                0x00001750      0x1a4 ./SDK/platform/drivers/src/clock/S32K1xx/clock_S32K1xx.o
 .text.CLOCK_SYS_GetPeripheralClock
                0x000018f4       0xc8 ./SDK/platform/drivers/src/clock/S32K1xx/clock_S32K1xx.o
 .text.CLOCK_DRV_Init
                0x000019bc      0x610 ./SDK/platform/drivers/src/clock/S32K1xx/clock_S32K1xx.o
                0x000019bc                CLOCK_DRV_Init
 .text.CLOCK_DRV_GetFreq
                0x00001fcc      0x1dc ./SDK/platform/drivers/src/clock/S32K1xx/clock_S32K1xx.o
                0x00001fcc                CLOCK_DRV_GetFreq
 .text.CLOCK_SYS_Init
                0x000021a8       0x28 ./SDK/platform/drivers/src/clock/S32K1xx/clock_S32K1xx.o
                0x000021a8                CLOCK_SYS_Init
 .text.CLOCK_SYS_UpdateConfiguration
                0x000021d0       0xf4 ./SDK/platform/drivers/src/clock/S32K1xx/clock_S32K1xx.o
                0x000021d0                CLOCK_SYS_UpdateConfiguration
 .text.CLOCK_SYS_GetFreq
                0x000022c4        0x8 ./SDK/platform/drivers/src/clock/S32K1xx/clock_S32K1xx.o
                0x000022c4                CLOCK_SYS_GetFreq
 .text.EDMA_DRV_ClearIntStatus
                0x000022cc       0x20 ./SDK/platform/drivers/src/edma/edma_driver.o
 .text.EDMA_DRV_InstallCallback
                0x000022ec       0x38 ./SDK/platform/drivers/src/edma/edma_driver.o
                0x000022ec                EDMA_DRV_InstallCallback
 .text.EDMA_DRV_IRQHandler
                0x00002324       0x20 ./SDK/platform/drivers/src/edma/edma_driver.o
                0x00002324                EDMA_DRV_IRQHandler
 .text.EDMA_DRV_ErrorIRQHandler
                0x00002344       0x40 ./SDK/platform/drivers/src/edma/edma_driver.o
                0x00002344                EDMA_DRV_ErrorIRQHandler
 .text.EDMA_DRV_ConfigSingleBlockTransfer
                0x00002384      0x1f0 ./SDK/platform/drivers/src/edma/edma_driver.o
                0x00002384                EDMA_DRV_ConfigSingleBlockTransfer
 .text.EDMA_DRV_ConfigMultiBlockTransfer
                0x00002574       0x9c ./SDK/platform/drivers/src/edma/edma_driver.o
                0x00002574                EDMA_DRV_ConfigMultiBlockTransfer
 .text.EDMA_DRV_StartChannel
                0x00002610       0x38 ./SDK/platform/drivers/src/edma/edma_driver.o
                0x00002610                EDMA_DRV_StartChannel
 .text.EDMA_DRV_StopChannel
                0x00002648       0x38 ./SDK/platform/drivers/src/edma/edma_driver.o
                0x00002648                EDMA_DRV_StopChannel
 .text.EDMA_DRV_SetSrcAddr
                0x00002680       0x34 ./SDK/platform/drivers/src/edma/edma_driver.o
                0x00002680                EDMA_DRV_SetSrcAddr
 .text.EDMA_DRV_SetDestAddr
                0x000026b4       0x38 ./SDK/platform/drivers/src/edma/edma_driver.o
                0x000026b4                EDMA_DRV_SetDestAddr
 .text.EDMA_DRV_SetMajorLoopIterationCount
                0x000026ec       0x34 ./SDK/platform/drivers/src/edma/edma_driver.o
                0x000026ec                EDMA_DRV_SetMajorLoopIterationCount
 .text.EDMA_DRV_GetDmaRegBaseAddr
                0x00002720       0x10 ./SDK/platform/drivers/src/edma/edma_driver.o
                0x00002720                EDMA_DRV_GetDmaRegBaseAddr
 .text.EDMA_SetDmaRequestCmd
                0x00002730        0xa ./SDK/platform/drivers/src/edma/edma_hw_access.o
                0x00002730                EDMA_SetDmaRequestCmd
 .text.EDMA_TCDClearReg
                0x0000273a       0x4a ./SDK/platform/drivers/src/edma/edma_hw_access.o
                0x0000273a                EDMA_TCDClearReg
 .text.EDMA_TCDSetAttribute
                0x00002784       0x38 ./SDK/platform/drivers/src/edma/edma_hw_access.o
                0x00002784                EDMA_TCDSetAttribute
 .text.EDMA_TCDSetNbytes
                0x000027bc       0x64 ./SDK/platform/drivers/src/edma/edma_hw_access.o
                0x000027bc                EDMA_TCDSetNbytes
 .text.EDMA_TCDSetMajorCount
                0x00002820       0x68 ./SDK/platform/drivers/src/edma/edma_hw_access.o
                0x00002820                EDMA_TCDSetMajorCount
 .text.DMA0_IRQHandler
                0x00002888        0xa ./SDK/platform/drivers/src/edma/edma_irq.o
                0x00002888                DMA0_IRQHandler
 .text.DMA1_IRQHandler
                0x00002892        0xa ./SDK/platform/drivers/src/edma/edma_irq.o
                0x00002892                DMA1_IRQHandler
 .text.DMA2_IRQHandler
                0x0000289c        0xa ./SDK/platform/drivers/src/edma/edma_irq.o
                0x0000289c                DMA2_IRQHandler
 .text.DMA3_IRQHandler
                0x000028a6        0xa ./SDK/platform/drivers/src/edma/edma_irq.o
                0x000028a6                DMA3_IRQHandler
 .text.DMA4_IRQHandler
                0x000028b0        0xa ./SDK/platform/drivers/src/edma/edma_irq.o
                0x000028b0                DMA4_IRQHandler
 .text.DMA5_IRQHandler
                0x000028ba        0xa ./SDK/platform/drivers/src/edma/edma_irq.o
                0x000028ba                DMA5_IRQHandler
 .text.DMA6_IRQHandler
                0x000028c4        0xa ./SDK/platform/drivers/src/edma/edma_irq.o
                0x000028c4                DMA6_IRQHandler
 .text.DMA7_IRQHandler
                0x000028ce        0xa ./SDK/platform/drivers/src/edma/edma_irq.o
                0x000028ce                DMA7_IRQHandler
 .text.DMA8_IRQHandler
                0x000028d8        0xa ./SDK/platform/drivers/src/edma/edma_irq.o
                0x000028d8                DMA8_IRQHandler
 .text.DMA9_IRQHandler
                0x000028e2        0xa ./SDK/platform/drivers/src/edma/edma_irq.o
                0x000028e2                DMA9_IRQHandler
 .text.DMA10_IRQHandler
                0x000028ec        0xa ./SDK/platform/drivers/src/edma/edma_irq.o
                0x000028ec                DMA10_IRQHandler
 .text.DMA11_IRQHandler
                0x000028f6        0xa ./SDK/platform/drivers/src/edma/edma_irq.o
                0x000028f6                DMA11_IRQHandler
 .text.DMA12_IRQHandler
                0x00002900        0xa ./SDK/platform/drivers/src/edma/edma_irq.o
                0x00002900                DMA12_IRQHandler
 .text.DMA13_IRQHandler
                0x0000290a        0xa ./SDK/platform/drivers/src/edma/edma_irq.o
                0x0000290a                DMA13_IRQHandler
 .text.DMA14_IRQHandler
                0x00002914        0xa ./SDK/platform/drivers/src/edma/edma_irq.o
                0x00002914                DMA14_IRQHandler
 .text.DMA15_IRQHandler
                0x0000291e        0xa ./SDK/platform/drivers/src/edma/edma_irq.o
                0x0000291e                DMA15_IRQHandler
 .text.DMA_Error_IRQHandler
                0x00002928       0x28 ./SDK/platform/drivers/src/edma/edma_irq.o
                0x00002928                DMA_Error_IRQHandler
 .text.FTM_DRV_SetSync
                0x00002950      0x1c8 ./SDK/platform/drivers/src/ftm/ftm_common.o
                0x00002950                FTM_DRV_SetSync
 .text.FTM_DRV_EnableInterrupts
                0x00002b18       0xb0 ./SDK/platform/drivers/src/ftm/ftm_common.o
                0x00002b18                FTM_DRV_EnableInterrupts
 .text.FTM_DRV_DisableInterrupts
                0x00002bc8       0xb0 ./SDK/platform/drivers/src/ftm/ftm_common.o
                0x00002bc8                FTM_DRV_DisableInterrupts
 .text.FTM_DRV_GetFrequency
                0x00002c78       0x7c ./SDK/platform/drivers/src/ftm/ftm_common.o
                0x00002c78                FTM_DRV_GetFrequency
 .text.FTM_DRV_Init
                0x00002cf4      0x108 ./SDK/platform/drivers/src/ftm/ftm_common.o
                0x00002cf4                FTM_DRV_Init
 .text.FTM_DRV_InitModule
                0x00002dfc       0x18 ./SDK/platform/drivers/src/ftm/ftm_hw_access.o
                0x00002dfc                FTM_DRV_InitModule
 .text.FTM_DRV_Reset
                0x00002e14       0xa0 ./SDK/platform/drivers/src/ftm/ftm_hw_access.o
                0x00002e14                FTM_DRV_Reset
 .text.FTM_DRV_SetChnTriggerCmd
                0x00002eb4       0x36 ./SDK/platform/drivers/src/ftm/ftm_hw_access.o
                0x00002eb4                FTM_DRV_SetChnTriggerCmd
 *fill*         0x00002eea        0x2 
 .text.FTM_DRV_InitOutputCompare
                0x00002eec      0x1f4 ./SDK/platform/drivers/src/ftm/ftm_oc_driver.o
                0x00002eec                FTM_DRV_InitOutputCompare
 .text.FTM_DRV_UpdateOutputCompareChannel
                0x000030e0       0x74 ./SDK/platform/drivers/src/ftm/ftm_oc_driver.o
                0x000030e0                FTM_DRV_UpdateOutputCompareChannel
 .text.INT_SYS_InstallHandler
                0x00003154       0x60 ./SDK/platform/drivers/src/interrupt/interrupt_manager.o
                0x00003154                INT_SYS_InstallHandler
 .text.INT_SYS_EnableIRQ
                0x000031b4       0x28 ./SDK/platform/drivers/src/interrupt/interrupt_manager.o
                0x000031b4                INT_SYS_EnableIRQ
 .text.INT_SYS_DisableIRQ
                0x000031dc       0x2c ./SDK/platform/drivers/src/interrupt/interrupt_manager.o
                0x000031dc                INT_SYS_DisableIRQ
 .text.INT_SYS_EnableIRQGlobal
                0x00003208       0x1c ./SDK/platform/drivers/src/interrupt/interrupt_manager.o
                0x00003208                INT_SYS_EnableIRQGlobal
 .text.INT_SYS_DisableIRQGlobal
                0x00003224       0x10 ./SDK/platform/drivers/src/interrupt/interrupt_manager.o
                0x00003224                INT_SYS_DisableIRQGlobal
 .text.LPIT_DRV_Init
                0x00003234       0xcc ./SDK/platform/drivers/src/lpit/lpit_driver.o
                0x00003234                LPIT_DRV_Init
 .text.LPIT_DRV_StartTimerChannels
                0x00003300       0x1c ./SDK/platform/drivers/src/lpit/lpit_driver.o
                0x00003300                LPIT_DRV_StartTimerChannels
 .text.LPIT_DRV_StopTimerChannels
                0x0000331c       0x1c ./SDK/platform/drivers/src/lpit/lpit_driver.o
                0x0000331c                LPIT_DRV_StopTimerChannels
 .text.LPIT_DRV_SetTimerPeriodByUs
                0x00003338       0xc8 ./SDK/platform/drivers/src/lpit/lpit_driver.o
                0x00003338                LPIT_DRV_SetTimerPeriodByUs
 .text.LPIT_DRV_SetTimerPeriodByCount
                0x00003400       0x1c ./SDK/platform/drivers/src/lpit/lpit_driver.o
                0x00003400                LPIT_DRV_SetTimerPeriodByCount
 .text.LPIT_DRV_InitChannel
                0x0000341c      0x19c ./SDK/platform/drivers/src/lpit/lpit_driver.o
                0x0000341c                LPIT_DRV_InitChannel
 .text.LPIT_DRV_ClearInterruptFlagTimerChannels
                0x000035b8       0x1c ./SDK/platform/drivers/src/lpit/lpit_driver.o
                0x000035b8                LPIT_DRV_ClearInterruptFlagTimerChannels
 .text.lptmr_GetClkFreq
                0x000035d4       0x50 ./SDK/platform/drivers/src/lptmr/lptmr_driver.o
 .text.LPTMR_DRV_SetConfig
                0x00003624      0x244 ./SDK/platform/drivers/src/lptmr/lptmr_driver.o
                0x00003624                LPTMR_DRV_SetConfig
 .text.LPTMR_DRV_Init
                0x00003868       0x2c ./SDK/platform/drivers/src/lptmr/lptmr_driver.o
                0x00003868                LPTMR_DRV_Init
 .text.LPTMR_DRV_SetCompareValueByCount
                0x00003894       0x7c ./SDK/platform/drivers/src/lptmr/lptmr_driver.o
                0x00003894                LPTMR_DRV_SetCompareValueByCount
 .text.LPTMR_DRV_ClearCompareFlag
                0x00003910       0x18 ./SDK/platform/drivers/src/lptmr/lptmr_driver.o
                0x00003910                LPTMR_DRV_ClearCompareFlag
 .text.LPTMR_DRV_StartCounter
                0x00003928       0x48 ./SDK/platform/drivers/src/lptmr/lptmr_driver.o
                0x00003928                LPTMR_DRV_StartCounter
 .text.LPTMR_DRV_StopCounter
                0x00003970       0x18 ./SDK/platform/drivers/src/lptmr/lptmr_driver.o
                0x00003970                LPTMR_DRV_StopCounter
 .text.LPTMR_Init
                0x00003988       0x18 ./SDK/platform/drivers/src/lptmr/lptmr_hw_access.o
                0x00003988                LPTMR_Init
 .text.LPUART_DRV_StartSendDataUsingInt
                0x000039a0       0x7c ./SDK/platform/drivers/src/lpuart/lpuart_driver.o
 .text.LPUART_DRV_StartSendDataUsingDma
                0x00003a1c       0x94 ./SDK/platform/drivers/src/lpuart/lpuart_driver.o
 .text.LPUART_DRV_CompleteSendDataUsingInt
                0x00003ab0       0x6c ./SDK/platform/drivers/src/lpuart/lpuart_driver.o
 .text.LPUART_DRV_StopTxDma
                0x00003b1c       0x64 ./SDK/platform/drivers/src/lpuart/lpuart_driver.o
 .text.LPUART_DRV_TxDmaCallback
                0x00003b80       0x74 ./SDK/platform/drivers/src/lpuart/lpuart_driver.o
 .text.LPUART_DRV_PutData
                0x00003bf4       0x44 ./SDK/platform/drivers/src/lpuart/lpuart_driver.o
 .text.LPUART_DRV_StartReceiveDataUsingInt
                0x00003c38       0x84 ./SDK/platform/drivers/src/lpuart/lpuart_driver.o
 .text.LPUART_DRV_StartReceiveDataUsingDma
                0x00003cbc       0xa8 ./SDK/platform/drivers/src/lpuart/lpuart_driver.o
 .text.LPUART_DRV_CompleteReceiveDataUsingInt
                0x00003d64       0x68 ./SDK/platform/drivers/src/lpuart/lpuart_driver.o
 .text.LPUART_DRV_StopRxDma
                0x00003dcc       0x64 ./SDK/platform/drivers/src/lpuart/lpuart_driver.o
 .text.LPUART_DRV_RxDmaCallback
                0x00003e30       0xa4 ./SDK/platform/drivers/src/lpuart/lpuart_driver.o
 .text.LPUART_DRV_GetData
                0x00003ed4       0x60 ./SDK/platform/drivers/src/lpuart/lpuart_driver.o
 .text.LPUART_DRV_InstallRxCallback
                0x00003f34       0x1c ./SDK/platform/drivers/src/lpuart/lpuart_driver.o
                0x00003f34                LPUART_DRV_InstallRxCallback
 .text.LPUART_DRV_InstallTxCallback
                0x00003f50       0x1c ./SDK/platform/drivers/src/lpuart/lpuart_driver.o
                0x00003f50                LPUART_DRV_InstallTxCallback
 .text.LPUART_DRV_SendData
                0x00003f6c       0x3c ./SDK/platform/drivers/src/lpuart/lpuart_driver.o
                0x00003f6c                LPUART_DRV_SendData
 .text.LPUART_DRV_ReceiveData
                0x00003fa8       0x3c ./SDK/platform/drivers/src/lpuart/lpuart_driver.o
                0x00003fa8                LPUART_DRV_ReceiveData
 .text.LPUART_DRV_SetBaudRate
                0x00003fe4      0x10c ./SDK/platform/drivers/src/lpuart/lpuart_driver.o
                0x00003fe4                LPUART_DRV_SetBaudRate
 .text.LPUART_DRV_Init
                0x000040f0      0x138 ./SDK/platform/drivers/src/lpuart/lpuart_driver.o
                0x000040f0                LPUART_DRV_Init
 .text.LPUART_DRV_SetRxBuffer
                0x00004228       0x28 ./SDK/platform/drivers/src/lpuart/lpuart_driver.o
                0x00004228                LPUART_DRV_SetRxBuffer
 .text.LPUART_DRV_IRQHandler
                0x00004250      0x274 ./SDK/platform/drivers/src/lpuart/lpuart_driver.o
                0x00004250                LPUART_DRV_IRQHandler
 .text.LPUART_Init
                0x000044c4       0x24 ./SDK/platform/drivers/src/lpuart/lpuart_hw_access.o
                0x000044c4                LPUART_Init
 .text.LPUART_SetBitCountPerChar
                0x000044e8       0x30 ./SDK/platform/drivers/src/lpuart/lpuart_hw_access.o
                0x000044e8                LPUART_SetBitCountPerChar
 .text.LPUART_SetParityMode
                0x00004518       0x1e ./SDK/platform/drivers/src/lpuart/lpuart_hw_access.o
                0x00004518                LPUART_SetParityMode
 .text.LPUART_Putchar9
                0x00004536       0x16 ./SDK/platform/drivers/src/lpuart/lpuart_hw_access.o
                0x00004536                LPUART_Putchar9
 .text.LPUART_Putchar10
                0x0000454c       0x22 ./SDK/platform/drivers/src/lpuart/lpuart_hw_access.o
                0x0000454c                LPUART_Putchar10
 .text.LPUART_Getchar9
                0x0000456e       0x1e ./SDK/platform/drivers/src/lpuart/lpuart_hw_access.o
                0x0000456e                LPUART_Getchar9
 .text.LPUART_Getchar10
                0x0000458c       0x26 ./SDK/platform/drivers/src/lpuart/lpuart_hw_access.o
                0x0000458c                LPUART_Getchar10
 .text.LPUART_SetIntMode
                0x000045b2       0x70 ./SDK/platform/drivers/src/lpuart/lpuart_hw_access.o
                0x000045b2                LPUART_SetIntMode
 .text.LPUART_GetIntMode
                0x00004622       0x4a ./SDK/platform/drivers/src/lpuart/lpuart_hw_access.o
                0x00004622                LPUART_GetIntMode
 .text.LPUART_GetStatusFlag
                0x0000466c       0x48 ./SDK/platform/drivers/src/lpuart/lpuart_hw_access.o
                0x0000466c                LPUART_GetStatusFlag
 .text.LPUART_SetErrorInterrupts
                0x000046b4       0x40 ./SDK/platform/drivers/src/lpuart/lpuart_hw_access.o
                0x000046b4                LPUART_SetErrorInterrupts
 .text.LPUART0_IrqHandler
                0x000046f4        0xa ./SDK/platform/drivers/src/lpuart/lpuart_irq.o
                0x000046f4                LPUART0_IrqHandler
 .text.LPUART1_IrqHandler
                0x000046fe        0xa ./SDK/platform/drivers/src/lpuart/lpuart_irq.o
                0x000046fe                LPUART1_IrqHandler
 .text.PDB_DRV_SoftTriggerCmd
                0x00004708       0x24 ./SDK/platform/drivers/src/pdb/pdb_driver.o
                0x00004708                PDB_DRV_SoftTriggerCmd
 .text.PINS_DRV_Init
                0x0000472c       0x20 ./SDK/platform/drivers/src/pins/pins_driver.o
                0x0000472c                PINS_DRV_Init
 .text.PINS_DRV_SetPins
                0x0000474c        0x4 ./SDK/platform/drivers/src/pins/pins_driver.o
                0x0000474c                PINS_DRV_SetPins
 .text.PINS_DRV_ClearPins
                0x00004750        0x4 ./SDK/platform/drivers/src/pins/pins_driver.o
                0x00004750                PINS_DRV_ClearPins
 .text.PINS_DRV_TogglePins
                0x00004754        0x4 ./SDK/platform/drivers/src/pins/pins_driver.o
                0x00004754                PINS_DRV_TogglePins
 .text.PINS_DRV_ReadPins
                0x00004758        0x4 ./SDK/platform/drivers/src/pins/pins_driver.o
                0x00004758                PINS_DRV_ReadPins
 .text.PINS_GetAdcInterleaveVal
                0x0000475c       0x70 ./SDK/platform/drivers/src/pins/pins_port_hw_access.o
 .text.PINS_Init
                0x000047cc      0x138 ./SDK/platform/drivers/src/pins/pins_port_hw_access.o
                0x000047cc                PINS_Init
 .text.ADC0_IRQHandler
                0x00004904        0xa ./SDK/platform/pal/src/adc/adc_irq.o
                0x00004904                ADC0_IRQHandler
 .text.ADC1_IRQHandler
                0x0000490e        0xa ./SDK/platform/pal/src/adc/adc_irq.o
                0x0000490e                ADC1_IRQHandler
 .text.ADC_S32K1xx_IrqHandler
                0x00004918       0xd0 ./SDK/platform/pal/src/adc/adc_pal.o
                0x00004918                ADC_S32K1xx_IrqHandler
 .text.FTM0_Ch0_Ch1_IrqHandler
                0x000049e8       0x3c ./SDK/platform/pal/src/timing/timing_irq.o
                0x000049e8                FTM0_Ch0_Ch1_IrqHandler
 .text.FTM0_Ch2_Ch3_IrqHandler
                0x00004a24       0x3c ./SDK/platform/pal/src/timing/timing_irq.o
                0x00004a24                FTM0_Ch2_Ch3_IrqHandler
 .text.FTM0_Ch4_Ch5_IrqHandler
                0x00004a60       0x3c ./SDK/platform/pal/src/timing/timing_irq.o
                0x00004a60                FTM0_Ch4_Ch5_IrqHandler
 .text.FTM0_Ch6_Ch7_IrqHandler
                0x00004a9c       0x3c ./SDK/platform/pal/src/timing/timing_irq.o
                0x00004a9c                FTM0_Ch6_Ch7_IrqHandler
 .text.FTM1_Ch0_Ch1_IrqHandler
                0x00004ad8       0x3c ./SDK/platform/pal/src/timing/timing_irq.o
                0x00004ad8                FTM1_Ch0_Ch1_IrqHandler
 .text.FTM1_Ch2_Ch3_IrqHandler
                0x00004b14       0x3c ./SDK/platform/pal/src/timing/timing_irq.o
                0x00004b14                FTM1_Ch2_Ch3_IrqHandler
 .text.FTM1_Ch4_Ch5_IrqHandler
                0x00004b50       0x3c ./SDK/platform/pal/src/timing/timing_irq.o
                0x00004b50                FTM1_Ch4_Ch5_IrqHandler
 .text.FTM1_Ch6_Ch7_IrqHandler
                0x00004b8c       0x3c ./SDK/platform/pal/src/timing/timing_irq.o
                0x00004b8c                FTM1_Ch6_Ch7_IrqHandler
 .text.FTM2_Ch0_Ch1_IrqHandler
                0x00004bc8       0x3c ./SDK/platform/pal/src/timing/timing_irq.o
                0x00004bc8                FTM2_Ch0_Ch1_IrqHandler
 .text.FTM2_Ch2_Ch3_IrqHandler
                0x00004c04       0x3c ./SDK/platform/pal/src/timing/timing_irq.o
                0x00004c04                FTM2_Ch2_Ch3_IrqHandler
 .text.FTM2_Ch4_Ch5_IrqHandler
                0x00004c40       0x3c ./SDK/platform/pal/src/timing/timing_irq.o
                0x00004c40                FTM2_Ch4_Ch5_IrqHandler
 .text.FTM2_Ch6_Ch7_IrqHandler
                0x00004c7c       0x3c ./SDK/platform/pal/src/timing/timing_irq.o
                0x00004c7c                FTM2_Ch6_Ch7_IrqHandler
 .text.FTM3_Ch0_Ch1_IrqHandler
                0x00004cb8       0x3c ./SDK/platform/pal/src/timing/timing_irq.o
                0x00004cb8                FTM3_Ch0_Ch1_IrqHandler
 .text.FTM3_Ch2_Ch3_IrqHandler
                0x00004cf4       0x3c ./SDK/platform/pal/src/timing/timing_irq.o
                0x00004cf4                FTM3_Ch2_Ch3_IrqHandler
 .text.FTM3_Ch4_Ch5_IrqHandler
                0x00004d30       0x3c ./SDK/platform/pal/src/timing/timing_irq.o
                0x00004d30                FTM3_Ch4_Ch5_IrqHandler
 .text.FTM3_Ch6_Ch7_IrqHandler
                0x00004d6c       0x3c ./SDK/platform/pal/src/timing/timing_irq.o
                0x00004d6c                FTM3_Ch6_Ch7_IrqHandler
 .text.LPIT0_Ch0_IRQHandler
                0x00004da8        0xc ./SDK/platform/pal/src/timing/timing_irq.o
                0x00004da8                LPIT0_Ch0_IRQHandler
 .text.LPIT0_Ch1_IRQHandler
                0x00004db4        0xc ./SDK/platform/pal/src/timing/timing_irq.o
                0x00004db4                LPIT0_Ch1_IRQHandler
 .text.LPIT0_Ch2_IRQHandler
                0x00004dc0        0xc ./SDK/platform/pal/src/timing/timing_irq.o
                0x00004dc0                LPIT0_Ch2_IRQHandler
 .text.LPIT0_Ch3_IRQHandler
                0x00004dcc        0xc ./SDK/platform/pal/src/timing/timing_irq.o
                0x00004dcc                LPIT0_Ch3_IRQHandler
 .text.LPTMR0_IRQHandler
                0x00004dd8        0xc ./SDK/platform/pal/src/timing/timing_irq.o
                0x00004dd8                LPTMR0_IRQHandler
 .text.TIMING_GetLptmrFreq
                0x00004de4       0x60 ./SDK/platform/pal/src/timing/timing_pal.o
 .text.TIMING_Init
                0x00004e44      0x30c ./SDK/platform/pal/src/timing/timing_pal.o
                0x00004e44                TIMING_Init
 .text.TIMING_StartChannel
                0x00005150      0x150 ./SDK/platform/pal/src/timing/timing_pal.o
                0x00005150                TIMING_StartChannel
 .text.TIMING_GetResolution
                0x000052a0      0x150 ./SDK/platform/pal/src/timing/timing_pal.o
                0x000052a0                TIMING_GetResolution
 .text.TIMING_Lpit_IrqHandler
                0x000053f0       0x90 ./SDK/platform/pal/src/timing/timing_pal.o
                0x000053f0                TIMING_Lpit_IrqHandler
 .text.TIMING_Lptmr_IrqHandler
                0x00005480       0x68 ./SDK/platform/pal/src/timing/timing_pal.o
                0x00005480                TIMING_Lptmr_IrqHandler
 .text.TIMING_Ftm_IrqHandler
                0x000054e8      0x100 ./SDK/platform/pal/src/timing/timing_pal.o
                0x000054e8                TIMING_Ftm_IrqHandler
 .text.SysTick_Handler
                0x000055e8       0x10 ./SDK/rtos/osif/osif_baremetal.o
                0x000055e8                SysTick_Handler
 .text.OSIF_SemaPost
                0x000055f8       0x2c ./SDK/rtos/osif/osif_baremetal.o
                0x000055f8                OSIF_SemaPost
 .text.OSIF_SemaCreate
                0x00005624       0x1a ./SDK/rtos/osif/osif_baremetal.o
                0x00005624                OSIF_SemaCreate
 *fill*         0x0000563e        0x2 
 .text.main     0x00005640       0x34 ./src/main.o
                0x00005640                main
 *(.rodata)
 *(.rodata*)
 .rodata.lpUartInitConfig1
                0x00005674        0xc ./BaseDriver/lpuart_LPUART_0.o
                0x00005674                lpUartInitConfig1
 .rodata.s_adcBase
                0x00005680        0x8 ./SDK/platform/drivers/src/adc/adc_driver.o
 .rodata.clockNameMappings
                0x00005688       0x98 ./SDK/platform/drivers/src/clock/S32K1xx/clock_S32K1xx.o
                0x00005688                clockNameMappings
 .rodata.maxSysClksInHSRUN.7652
                0x00005720       0x54 ./SDK/platform/drivers/src/clock/S32K1xx/clock_S32K1xx.o
 .rodata.maxSysClksInRUN.7651
                0x00005774       0x54 ./SDK/platform/drivers/src/clock/S32K1xx/clock_S32K1xx.o
 .rodata.maxSysClksInVLPR.7650
                0x000057c8       0x54 ./SDK/platform/drivers/src/clock/S32K1xx/clock_S32K1xx.o
 .rodata.peripheralFeaturesList
                0x0000581c       0x4c ./SDK/platform/drivers/src/clock/S32K1xx/clock_S32K1xx.o
                0x0000581c                peripheralFeaturesList
 .rodata.g_ftmBase
                0x00005868       0x10 ./SDK/platform/drivers/src/ftm/ftm_common.o
                0x00005868                g_ftmBase
 .rodata.g_ftmExtClockSel
                0x00005878        0x4 ./SDK/platform/drivers/src/ftm/ftm_common.o
 .rodata.g_ftmFaultIrqId
                0x0000587c        0x4 ./SDK/platform/drivers/src/ftm/ftm_common.o
                0x0000587c                g_ftmFaultIrqId
 .rodata.g_ftmIrqId
                0x00005880       0x20 ./SDK/platform/drivers/src/ftm/ftm_common.o
                0x00005880                g_ftmIrqId
 .rodata.g_ftmOverflowIrqId
                0x000058a0        0x4 ./SDK/platform/drivers/src/ftm/ftm_common.o
                0x000058a0                g_ftmOverflowIrqId
 .rodata.g_ftmReloadIrqId
                0x000058a4        0x4 ./SDK/platform/drivers/src/ftm/ftm_common.o
                0x000058a4                g_ftmReloadIrqId
 .rodata.s_lpuartBase
                0x000058a8        0x8 ./SDK/platform/drivers/src/lpuart/lpuart_driver.o
 .rodata.s_lpuartClkNames
                0x000058b0        0x2 ./SDK/platform/drivers/src/lpuart/lpuart_driver.o
 *fill*         0x000058b2        0x2 
 .rodata.s_lpuartRxTxIrqId
                0x000058b4        0x2 ./SDK/platform/drivers/src/lpuart/lpuart_driver.o
 *fill*         0x000058b6        0x2 
 .rodata.s_pdbBase
                0x000058b8        0x8 ./SDK/platform/drivers/src/pdb/pdb_driver.o
 .rodata.s_timingOverFtmIsr
                0x000058c0       0x80 ./SDK/platform/pal/src/timing/timing_irq.o
                0x000058c0                s_timingOverFtmIsr
 .rodata.ftmBase
                0x00005940       0x10 ./SDK/platform/pal/src/timing/timing_pal.o
                0x00005940                ftmBase
 .rodata.s_ftmIrq
                0x00005950       0x20 ./SDK/platform/pal/src/timing/timing_pal.o
 .rodata.s_lpitIrq
                0x00005970        0x4 ./SDK/platform/pal/src/timing/timing_pal.o
 .rodata.timingLpitInst0
                0x00005974        0x8 ./board/peripherals_timing_pal_1.o
                0x00005974                timingLpitInst0
 .rodata.timingLpitInst0_chanConfig
                0x0000597c        0xc ./board/peripherals_timing_pal_1.o
                0x0000597c                timingLpitInst0_chanConfig
 .rodata.timingLpit_InitConfig0
                0x00005988        0xc ./board/peripherals_timing_pal_1.o
                0x00005988                timingLpit_InitConfig0
 .rodata.timingLptmrInst0
                0x00005994        0x8 ./board/peripherals_timing_pal_2.o
                0x00005994                timingLptmrInst0
 .rodata.timingLptmrInst0_chanConfig
                0x0000599c        0xc ./board/peripherals_timing_pal_2.o
                0x0000599c                timingLptmrInst0_chanConfig
 .rodata.timingLptmr_InitConfig0
                0x000059a8        0xc ./board/peripherals_timing_pal_2.o
                0x000059a8                timingLptmr_InitConfig0
 *(.init)
 .init          0x000059b4        0x4 c:/nxp/s32ds_arm_v2.2/s32ds/build_tools/gcc_v6.3/gcc-6.3-arm32-eabi/bin/../lib/gcc/arm-none-eabi/6.3.1/thumb/v7e-m/fpv4-sp/hard/crti.o
                0x000059b4                _init
 *(.fini)
 .fini          0x000059b8        0x4 c:/nxp/s32ds_arm_v2.2/s32ds/build_tools/gcc_v6.3/gcc-6.3-arm32-eabi/bin/../lib/gcc/arm-none-eabi/6.3.1/thumb/v7e-m/fpv4-sp/hard/crti.o
                0x000059b8                _fini
 *(.eh_frame)
                0x000059bc                . = ALIGN (0x4)

.glue_7         0x000059bc        0x0
 .glue_7        0x000059bc        0x0 linker stubs

.glue_7t        0x000059bc        0x0
 .glue_7t       0x000059bc        0x0 linker stubs

.vfp11_veneer   0x000059bc        0x0
 .vfp11_veneer  0x000059bc        0x0 linker stubs

.v4_bx          0x000059bc        0x0
 .v4_bx         0x000059bc        0x0 linker stubs

.iplt           0x000059bc        0x0
 .iplt          0x000059bc        0x0 c:/nxp/s32ds_arm_v2.2/s32ds/build_tools/gcc_v6.3/gcc-6.3-arm32-eabi/bin/../lib/gcc/arm-none-eabi/6.3.1/thumb/v7e-m/fpv4-sp/hard/crtbegin.o

.ARM            0x000059bc        0x8
                0x000059bc                __exidx_start = .
 *(.ARM.exidx*)
 .ARM.exidx     0x000059bc        0x8 c:/nxp/s32ds_arm_v2.2/s32ds/build_tools/gcc_v6.3/gcc-6.3-arm32-eabi/bin/../lib/gcc/arm-none-eabi/6.3.1/thumb/v7e-m/fpv4-sp/hard\libgcc.a(_udivmoddi4.o)
                0x000059c4                __exidx_end = .
                0x000059c4                __etext = .
                0x000059c4                __DATA_ROM = .

.rel.dyn        0x000059c4        0x0
 .rel.iplt      0x000059c4        0x0 c:/nxp/s32ds_arm_v2.2/s32ds/build_tools/gcc_v6.3/gcc-6.3-arm32-eabi/bin/../lib/gcc/arm-none-eabi/6.3.1/thumb/v7e-m/fpv4-sp/hard/crtbegin.o

.interrupts_ram
                0x1fffc000      0x400
                0x1fffc000                . = ALIGN (0x4)
                0x1fffc000                __VECTOR_RAM__ = .
                0x1fffc000                __RAM_START = .
                0x1fffc000                __interrupts_ram_start__ = .
 *(.m_interrupts_ram)
                0x1fffc400                . = (. + M_VECTOR_RAM_SIZE)
 *fill*         0x1fffc000      0x400 
                0x1fffc400                . = ALIGN (0x4)
                0x1fffc400                __interrupts_ram_end__ = .
                0x1fffc000                __VECTOR_RAM = DEFINED (__flash_vector_table__)?ORIGIN (m_interrupts):__VECTOR_RAM__
                0x00000400                __RAM_VECTOR_TABLE_SIZE = DEFINED (__flash_vector_table__)?0x0:(__interrupts_ram_end__ - __interrupts_ram_start__)

.data           0x1fffc400      0x284 load address 0x000059c4
                0x1fffc400                . = ALIGN (0x4)
                0x1fffc400                __DATA_RAM = .
                0x1fffc400                __data_start__ = .
 *(.data)
 *(.data*)
 .data.s2_scan_ll
                0x1fffc400        0x2 ./BaseDriver/Gpio.o
                0x1fffc400                s2_scan_ll
 *fill*         0x1fffc402        0x2 
 .data.peripheralClockConfig.7379
                0x1fffc404       0x91 ./SDK/platform/drivers/src/clock/S32K1xx/clock_S32K1xx.o
 *fill*         0x1fffc495        0x3 
 .data.g_lpuartIsr
                0x1fffc498        0x8 ./SDK/platform/drivers/src/lpuart/lpuart_irq.o
                0x1fffc498                g_lpuartIsr
 .data.clockMan1_InitConfig0
                0x1fffc4a0       0x88 ./board/clock_config.o
                0x1fffc4a0                clockMan1_InitConfig0
 .data.g_clockManConfigsArr
                0x1fffc528        0x4 ./board/clock_config.o
                0x1fffc528                g_clockManConfigsArr
 .data.peripheralClockConfig0
                0x1fffc52c       0x91 ./board/clock_config.o
                0x1fffc52c                peripheralClockConfig0
 *fill*         0x1fffc5bd        0x3 
 .data.timingLptmrInst0_extension
                0x1fffc5c0        0x3 ./board/peripherals_timing_pal_2.o
                0x1fffc5c0                timingLptmrInst0_extension
 *fill*         0x1fffc5c3        0x1 
 .data.g_pin_mux_InitConfigArr0
                0x1fffc5c4       0xc0 ./board/pin_mux.o
                0x1fffc5c4                g_pin_mux_InitConfigArr0
                0x1fffc684                . = ALIGN (0x4)
                0x1fffc684                __data_end__ = .
                0x00005c48                __DATA_END = (__DATA_ROM + (__data_end__ - __data_start__))
                0x00005c48                __CODE_ROM = __DATA_END

.igot.plt       0x1fffc684        0x0 load address 0x00005c48
 .igot.plt      0x1fffc684        0x0 c:/nxp/s32ds_arm_v2.2/s32ds/build_tools/gcc_v6.3/gcc-6.3-arm32-eabi/bin/../lib/gcc/arm-none-eabi/6.3.1/thumb/v7e-m/fpv4-sp/hard/crtbegin.o

.code           0x1fffc684        0x0 load address 0x00005c48
                0x1fffc684                . = ALIGN (0x4)
                0x1fffc684                __CODE_RAM = .
                0x1fffc684                __code_start__ = .
                0x1fffc684                __code_ram_start__ = .
 *(.code_ram)
                0x1fffc684                . = ALIGN (0x4)
                0x1fffc684                __code_end__ = .
                0x1fffc684                __code_ram_end__ = .
                0x00005c48                __CODE_END = (__CODE_ROM + (__code_end__ - __code_start__))
                0x00005c48                __CUSTOM_ROM = __CODE_END

.customSectionBlock
                0x20000000        0x0 load address 0x00005c48
                0x20000000                __customSection_start__ = .
 *(.customSection)
                0x20000000                __customSection_end__ = .
                0x00005c48                __CUSTOM_END = (__CUSTOM_ROM + (__customSection_end__ - __customSection_start__))
                0x00005c48                __rom_end = __CUSTOM_END

.bss            0x20000000      0x864
                0x20000000                . = ALIGN (0x4)
                0x20000000                __BSS_START = .
                0x20000000                __bss_start__ = .
 *(.bss)
 *(.bss*)
 .bss.tr0_idx   0x20000000        0x1 ./BaseDriver/lpuart_LPUART_0.o
                0x20000000                tr0_idx
 .bss.tx0_length
                0x20000001        0x1 ./BaseDriver/lpuart_LPUART_0.o
                0x20000001                tx0_length
 *fill*         0x20000002        0x2 
 .bss.g_clockState
                0x20000004       0x10 ./SDK/platform/drivers/src/clock/S32K1xx/clock_S32K1xx.o
 .bss.s_virtEdmaState
                0x20000014        0x4 ./SDK/platform/drivers/src/edma/edma_driver.o
 .bss.ftmStatePtr
                0x20000018       0x10 ./SDK/platform/drivers/src/ftm/ftm_common.o
                0x20000018                ftmStatePtr
 .bss.g_interruptDisableCount
                0x20000028        0x4 ./SDK/platform/drivers/src/interrupt/interrupt_manager.o
 .bss.s_lpitSourceClockFrequency
                0x2000002c        0x4 ./SDK/platform/drivers/src/lpit/lpit_driver.o
 .bss.s_lpuartStatePtr
                0x20000030        0x8 ./SDK/platform/drivers/src/lpuart/lpuart_driver.o
 .bss.adcPalState
                0x20000038       0x38 ./SDK/platform/pal/src/adc/adc_pal.o
 .bss.ftmState.7745
                0x20000070      0x190 ./SDK/platform/pal/src/timing/timing_pal.o
 .bss.s_ftmState
                0x20000200      0x300 ./SDK/platform/pal/src/timing/timing_pal.o
 .bss.s_lpitState
                0x20000500       0x60 ./SDK/platform/pal/src/timing/timing_pal.o
 .bss.s_lptmrBypassPrescaler
                0x20000560        0x1 ./SDK/platform/pal/src/timing/timing_pal.o
 *fill*         0x20000561        0x3 
 .bss.s_lptmrClockSource
                0x20000564        0x1 ./SDK/platform/pal/src/timing/timing_pal.o
 *fill*         0x20000565        0x3 
 .bss.s_lptmrPrescaler
                0x20000568        0x1 ./SDK/platform/pal/src/timing/timing_pal.o
 *fill*         0x20000569        0x3 
 .bss.s_lptmrState
                0x2000056c       0x18 ./SDK/platform/pal/src/timing/timing_pal.o
 .bss.s_osif_tick_cnt
                0x20000584        0x4 ./SDK/rtos/osif/osif_baremetal.o
 .bss.g_clockManCallbacksArr
                0x20000588        0x4 ./board/clock_config.o
                0x20000588                g_clockManCallbacksArr
 *(COMMON)
 COMMON         0x2000058c       0x14 ./BaseDriver/Gpio.o
                0x2000058c                s2_scan
                0x2000058e                s2_Falling
                0x20000590                s2_ap_ll
                0x20000592                s2_Rising
                0x20000594                s2_8ms
                0x20000596                s2_ap
                0x20000598                key_info
 COMMON         0x200005a0        0xc ./BaseDriver/Timer.o
                0x200005a0                timer_500us
                0x200005a4                timer_10us
                0x200005a8                LED_4ms
 COMMON         0x200005ac      0x239 ./BaseDriver/lpuart_LPUART_0.o
                0x200005ac                tx0_2ms
                0x200005b0                tx0_buf
                0x200006b0                tr0_buf
                0x200007b0                lpUartState1
                0x200007e4                tr0_2ms
 *fill*         0x200007e5        0x3 
 COMMON         0x200007e8       0x14 ./SDK/platform/drivers/src/clock/S32K1xx/clock_S32K1xx.o
                0x200007e8                g_xtal0ClkFreq
                0x200007ec                g_RtcClkInFreq
                0x200007f0                g_TClkFreq
 COMMON         0x200007fc       0x20 ./SDK/platform/pal/src/timing/timing_pal.o
                0x200007fc                g_ftmChannelRunning
 COMMON         0x2000081c       0x46 ./src/e-bike_app.o
                0x2000081c                Speed_Value_lst
                0x2000081e                Candence_Out_500us
                0x20000820                hallcode
                0x20000824                Speed_Mil_Hr
                0x20000828                Speed_Cnt_500us
                0x2000082a                Candence_Out_Value
                0x2000082c                Speed_Value
                0x2000082e                MT_State
                0x20000830                Candence_In_Value
                0x20000834                EB_APP_ST
                0x20000860                Candence_In_500us
                0x20000864                . = ALIGN (0x4)
 *fill*         0x20000862        0x2 
                0x20000864                __bss_end__ = .
                0x20000864                __BSS_END = .

.heap           0x20000864      0x404
                0x20000868                . = ALIGN (0x8)
 *fill*         0x20000864        0x4 
                0x20000868                __end__ = .
                0x20000868                __heap_start__ = .
                [!provide]                PROVIDE (end, .)
                [!provide]                PROVIDE (_end, .)
                [!provide]                PROVIDE (__end, .)
                0x20000868                __HeapBase = .
                0x20000c68                . = (. + HEAP_SIZE)
 *fill*         0x20000868      0x400 
                0x20000c68                __HeapLimit = .
                0x20000c68                __heap_limit = .
                0x20000c68                __heap_end__ = .
                0x20003000                __StackTop = (ORIGIN (m_data_2) + LENGTH (m_data_2))
                0x20002c00                __StackLimit = (__StackTop - STACK_SIZE)
                0x20003000                PROVIDE (__stack, __StackTop)
                0x20003000                __RAM_END = __StackTop

.stack          0x20002c00      0x400
                0x20002c00                . = ALIGN (0x8)
                0x20002c00                __stack_start__ = .
                0x20003000                . = (. + STACK_SIZE)
 *fill*         0x20002c00      0x400 
                0x20003000                __stack_end__ = .

.ARM.attributes
                0x00000000       0x30
 *(.ARM.attributes)
 .ARM.attributes
                0x00000000       0x22 c:/nxp/s32ds_arm_v2.2/s32ds/build_tools/gcc_v6.3/gcc-6.3-arm32-eabi/bin/../lib/gcc/arm-none-eabi/6.3.1/thumb/v7e-m/fpv4-sp/hard/crti.o
 .ARM.attributes
                0x00000022       0x39 ./BaseDriver/Gpio.o
 .ARM.attributes
                0x0000005b       0x39 ./BaseDriver/Timer.o
 .ARM.attributes
                0x00000094       0x39 ./BaseDriver/lpuart_LPUART_0.o
 .ARM.attributes
                0x000000cd       0x1f ./Project_Settings/Startup_Code/startup_S32K142.o
 .ARM.attributes
                0x000000ec       0x39 ./SDK/platform/devices/S32K142/startup/system_S32K142.o
 .ARM.attributes
                0x00000125       0x39 ./SDK/platform/devices/startup.o
 .ARM.attributes
                0x0000015e       0x39 ./SDK/platform/drivers/src/adc/adc_driver.o
 .ARM.attributes
                0x00000197       0x39 ./SDK/platform/drivers/src/clock/S32K1xx/clock_S32K1xx.o
 .ARM.attributes
                0x000001d0       0x39 ./SDK/platform/drivers/src/edma/edma_driver.o
 .ARM.attributes
                0x00000209       0x39 ./SDK/platform/drivers/src/edma/edma_hw_access.o
 .ARM.attributes
                0x00000242       0x39 ./SDK/platform/drivers/src/edma/edma_irq.o
 .ARM.attributes
                0x0000027b       0x39 ./SDK/platform/drivers/src/ftm/ftm_common.o
 .ARM.attributes
                0x000002b4       0x39 ./SDK/platform/drivers/src/ftm/ftm_hw_access.o
 .ARM.attributes
                0x000002ed       0x39 ./SDK/platform/drivers/src/ftm/ftm_oc_driver.o
 .ARM.attributes
                0x00000326       0x39 ./SDK/platform/drivers/src/interrupt/interrupt_manager.o
 .ARM.attributes
                0x0000035f       0x39 ./SDK/platform/drivers/src/lpit/lpit_driver.o
 .ARM.attributes
                0x00000398       0x39 ./SDK/platform/drivers/src/lptmr/lptmr_driver.o
 .ARM.attributes
                0x000003d1       0x39 ./SDK/platform/drivers/src/lptmr/lptmr_hw_access.o
 .ARM.attributes
                0x0000040a       0x39 ./SDK/platform/drivers/src/lpuart/lpuart_driver.o
 .ARM.attributes
                0x00000443       0x39 ./SDK/platform/drivers/src/lpuart/lpuart_hw_access.o
 .ARM.attributes
                0x0000047c       0x39 ./SDK/platform/drivers/src/lpuart/lpuart_irq.o
 .ARM.attributes
                0x000004b5       0x39 ./SDK/platform/drivers/src/pdb/pdb_driver.o
 .ARM.attributes
                0x000004ee       0x39 ./SDK/platform/drivers/src/pins/pins_driver.o
 .ARM.attributes
                0x00000527       0x39 ./SDK/platform/drivers/src/pins/pins_port_hw_access.o
 .ARM.attributes
                0x00000560       0x39 ./SDK/platform/pal/src/adc/adc_irq.o
 .ARM.attributes
                0x00000599       0x39 ./SDK/platform/pal/src/adc/adc_pal.o
 .ARM.attributes
                0x000005d2       0x39 ./SDK/platform/pal/src/timing/timing_irq.o
 .ARM.attributes
                0x0000060b       0x39 ./SDK/platform/pal/src/timing/timing_pal.o
 .ARM.attributes
                0x00000644       0x39 ./SDK/rtos/osif/osif_baremetal.o
 .ARM.attributes
                0x0000067d       0x39 ./board/clock_config.o
 .ARM.attributes
                0x000006b6       0x39 ./board/peripherals_timing_pal_1.o
 .ARM.attributes
                0x000006ef       0x39 ./board/peripherals_timing_pal_2.o
 .ARM.attributes
                0x00000728       0x39 ./board/pin_mux.o
 .ARM.attributes
                0x00000761       0x39 ./src/e-bike_app.o
 .ARM.attributes
                0x0000079a       0x39 ./src/main.o
 .ARM.attributes
                0x000007d3       0x22 c:/nxp/s32ds_arm_v2.2/s32ds/build_tools/gcc_v6.3/gcc-6.3-arm32-eabi/bin/../lib/gcc/arm-none-eabi/6.3.1/thumb/v7e-m/fpv4-sp/hard\libgcc.a(_aeabi_uldivmod.o)
 .ARM.attributes
                0x000007f5       0x34 c:/nxp/s32ds_arm_v2.2/s32ds/build_tools/gcc_v6.3/gcc-6.3-arm32-eabi/bin/../lib/gcc/arm-none-eabi/6.3.1/thumb/v7e-m/fpv4-sp/hard\libgcc.a(_udivmoddi4.o)
 .ARM.attributes
                0x00000829       0x22 c:/nxp/s32ds_arm_v2.2/s32ds/build_tools/gcc_v6.3/gcc-6.3-arm32-eabi/bin/../lib/gcc/arm-none-eabi/6.3.1/thumb/v7e-m/fpv4-sp/hard\libgcc.a(_dvmd_tls.o)
                0x00000001                ASSERT ((__rom_end <= (ORIGIN (m_text) + LENGTH (m_text))), Region m_text overflowed!)
                0x00000001                ASSERT ((__StackLimit >= __HeapLimit), region m_data_2 overflowed with stack and heap)
OUTPUT(EBike_Main.elf elf32-littlearm)

.debug_info     0x00000000    0x3d88f
 .debug_info    0x00000000     0x375d ./BaseDriver/Gpio.o
 .debug_info    0x0000375d     0x36ec ./BaseDriver/Timer.o
 .debug_info    0x00006e49      0x863 ./BaseDriver/lpuart_LPUART_0.o
 .debug_info    0x000076ac       0x26 ./Project_Settings/Startup_Code/startup_S32K142.o
 .debug_info    0x000076d2      0x525 ./SDK/platform/devices/S32K142/startup/system_S32K142.o
 .debug_info    0x00007bf7      0x2b1 ./SDK/platform/devices/startup.o
 .debug_info    0x00007ea8     0x3513 ./SDK/platform/drivers/src/adc/adc_driver.o
 .debug_info    0x0000b3bb     0x6366 ./SDK/platform/drivers/src/clock/S32K1xx/clock_S32K1xx.o
 .debug_info    0x00011721     0x4853 ./SDK/platform/drivers/src/edma/edma_driver.o
 .debug_info    0x00015f74      0xa56 ./SDK/platform/drivers/src/edma/edma_hw_access.o
 .debug_info    0x000169ca      0x6de ./SDK/platform/drivers/src/edma/edma_irq.o
 .debug_info    0x000170a8     0x308a ./SDK/platform/drivers/src/ftm/ftm_common.o
 .debug_info    0x0001a132      0xa0c ./SDK/platform/drivers/src/ftm/ftm_hw_access.o
 .debug_info    0x0001ab3e     0x1655 ./SDK/platform/drivers/src/ftm/ftm_oc_driver.o
 .debug_info    0x0001c193      0xc7e ./SDK/platform/drivers/src/interrupt/interrupt_manager.o
 .debug_info    0x0001ce11     0x2110 ./SDK/platform/drivers/src/lpit/lpit_driver.o
 .debug_info    0x0001ef21     0x293f ./SDK/platform/drivers/src/lptmr/lptmr_driver.o
 .debug_info    0x00021860      0x150 ./SDK/platform/drivers/src/lptmr/lptmr_hw_access.o
 .debug_info    0x000219b0     0x3732 ./SDK/platform/drivers/src/lpuart/lpuart_driver.o
 .debug_info    0x000250e2      0x9bf ./SDK/platform/drivers/src/lpuart/lpuart_hw_access.o
 .debug_info    0x00025aa1      0x106 ./SDK/platform/drivers/src/lpuart/lpuart_irq.o
 .debug_info    0x00025ba7     0x1e94 ./SDK/platform/drivers/src/pdb/pdb_driver.o
 .debug_info    0x00027a3b     0x14bb ./SDK/platform/drivers/src/pins/pins_driver.o
 .debug_info    0x00028ef6      0x9a9 ./SDK/platform/drivers/src/pins/pins_port_hw_access.o
 .debug_info    0x0002989f      0x155 ./SDK/platform/pal/src/adc/adc_irq.o
 .debug_info    0x000299f4     0x2884 ./SDK/platform/pal/src/adc/adc_pal.o
 .debug_info    0x0002c278     0x14ee ./SDK/platform/pal/src/timing/timing_irq.o
 .debug_info    0x0002d766     0x311b ./SDK/platform/pal/src/timing/timing_pal.o
 .debug_info    0x00030881      0xbc0 ./SDK/rtos/osif/osif_baremetal.o
 .debug_info    0x00031441     0x12a7 ./board/clock_config.o
 .debug_info    0x000326e8      0x91b ./board/peripherals_timing_pal_1.o
 .debug_info    0x00033003      0xa13 ./board/peripherals_timing_pal_2.o
 .debug_info    0x00033a16     0x3402 ./board/pin_mux.o
 .debug_info    0x00036e18     0x359e ./src/e-bike_app.o
 .debug_info    0x0003a3b6     0x34d9 ./src/main.o

.debug_abbrev   0x00000000     0x51a1
 .debug_abbrev  0x00000000      0x274 ./BaseDriver/Gpio.o
 .debug_abbrev  0x00000274      0x336 ./BaseDriver/Timer.o
 .debug_abbrev  0x000005aa      0x182 ./BaseDriver/lpuart_LPUART_0.o
 .debug_abbrev  0x0000072c       0x14 ./Project_Settings/Startup_Code/startup_S32K142.o
 .debug_abbrev  0x00000740      0x143 ./SDK/platform/devices/S32K142/startup/system_S32K142.o
 .debug_abbrev  0x00000883       0xe3 ./SDK/platform/devices/startup.o
 .debug_abbrev  0x00000966      0x3a1 ./SDK/platform/drivers/src/adc/adc_driver.o
 .debug_abbrev  0x00000d07      0x40b ./SDK/platform/drivers/src/clock/S32K1xx/clock_S32K1xx.o
 .debug_abbrev  0x00001112      0x414 ./SDK/platform/drivers/src/edma/edma_driver.o
 .debug_abbrev  0x00001526      0x242 ./SDK/platform/drivers/src/edma/edma_hw_access.o
 .debug_abbrev  0x00001768      0x1bb ./SDK/platform/drivers/src/edma/edma_irq.o
 .debug_abbrev  0x00001923      0x39c ./SDK/platform/drivers/src/ftm/ftm_common.o
 .debug_abbrev  0x00001cbf      0x1e2 ./SDK/platform/drivers/src/ftm/ftm_hw_access.o
 .debug_abbrev  0x00001ea1      0x297 ./SDK/platform/drivers/src/ftm/ftm_oc_driver.o
 .debug_abbrev  0x00002138      0x27a ./SDK/platform/drivers/src/interrupt/interrupt_manager.o
 .debug_abbrev  0x000023b2      0x390 ./SDK/platform/drivers/src/lpit/lpit_driver.o
 .debug_abbrev  0x00002742      0x36a ./SDK/platform/drivers/src/lptmr/lptmr_driver.o
 .debug_abbrev  0x00002aac       0xe6 ./SDK/platform/drivers/src/lptmr/lptmr_hw_access.o
 .debug_abbrev  0x00002b92      0x3ad ./SDK/platform/drivers/src/lpuart/lpuart_driver.o
 .debug_abbrev  0x00002f3f      0x1ef ./SDK/platform/drivers/src/lpuart/lpuart_hw_access.o
 .debug_abbrev  0x0000312e       0xbc ./SDK/platform/drivers/src/lpuart/lpuart_irq.o
 .debug_abbrev  0x000031ea      0x397 ./SDK/platform/drivers/src/pdb/pdb_driver.o
 .debug_abbrev  0x00003581      0x2f8 ./SDK/platform/drivers/src/pins/pins_driver.o
 .debug_abbrev  0x00003879      0x234 ./SDK/platform/drivers/src/pins/pins_port_hw_access.o
 .debug_abbrev  0x00003aad       0xa6 ./SDK/platform/pal/src/adc/adc_irq.o
 .debug_abbrev  0x00003b53      0x398 ./SDK/platform/pal/src/adc/adc_pal.o
 .debug_abbrev  0x00003eeb      0x20b ./SDK/platform/pal/src/timing/timing_irq.o
 .debug_abbrev  0x000040f6      0x3c9 ./SDK/platform/pal/src/timing/timing_pal.o
 .debug_abbrev  0x000044bf      0x2e1 ./SDK/rtos/osif/osif_baremetal.o
 .debug_abbrev  0x000047a0      0x125 ./board/clock_config.o
 .debug_abbrev  0x000048c5      0x13f ./board/peripherals_timing_pal_1.o
 .debug_abbrev  0x00004a04      0x13f ./board/peripherals_timing_pal_2.o
 .debug_abbrev  0x00004b43      0x1ed ./board/pin_mux.o
 .debug_abbrev  0x00004d30      0x21a ./src/e-bike_app.o
 .debug_abbrev  0x00004f4a      0x257 ./src/main.o

.debug_aranges  0x00000000      0xfb8
 .debug_aranges
                0x00000000       0x90 ./BaseDriver/Gpio.o
 .debug_aranges
                0x00000090       0x58 ./BaseDriver/Timer.o
 .debug_aranges
                0x000000e8       0x38 ./BaseDriver/lpuart_LPUART_0.o
 .debug_aranges
                0x00000120       0x20 ./Project_Settings/Startup_Code/startup_S32K142.o
 .debug_aranges
                0x00000140       0x30 ./SDK/platform/devices/S32K142/startup/system_S32K142.o
 .debug_aranges
                0x00000170       0x20 ./SDK/platform/devices/startup.o
 .debug_aranges
                0x00000190       0xe8 ./SDK/platform/drivers/src/adc/adc_driver.o
 .debug_aranges
                0x00000278      0x128 ./SDK/platform/drivers/src/clock/S32K1xx/clock_S32K1xx.o
 .debug_aranges
                0x000003a0      0x140 ./SDK/platform/drivers/src/edma/edma_driver.o
 .debug_aranges
                0x000004e0       0x88 ./SDK/platform/drivers/src/edma/edma_hw_access.o
 .debug_aranges
                0x00000568       0xa0 ./SDK/platform/drivers/src/edma/edma_irq.o
 .debug_aranges
                0x00000608       0xc8 ./SDK/platform/drivers/src/ftm/ftm_common.o
 .debug_aranges
                0x000006d0       0x38 ./SDK/platform/drivers/src/ftm/ftm_hw_access.o
 .debug_aranges
                0x00000708       0x30 ./SDK/platform/drivers/src/ftm/ftm_oc_driver.o
 .debug_aranges
                0x00000738       0x70 ./SDK/platform/drivers/src/interrupt/interrupt_manager.o
 .debug_aranges
                0x000007a8       0xb0 ./SDK/platform/drivers/src/lpit/lpit_driver.o
 .debug_aranges
                0x00000858       0xa8 ./SDK/platform/drivers/src/lptmr/lptmr_driver.o
 .debug_aranges
                0x00000900       0x20 ./SDK/platform/drivers/src/lptmr/lptmr_hw_access.o
 .debug_aranges
                0x00000920      0x118 ./SDK/platform/drivers/src/lpuart/lpuart_driver.o
 .debug_aranges
                0x00000a38       0x78 ./SDK/platform/drivers/src/lpuart/lpuart_hw_access.o
 .debug_aranges
                0x00000ab0       0x28 ./SDK/platform/drivers/src/lpuart/lpuart_irq.o
 .debug_aranges
                0x00000ad8       0xc0 ./SDK/platform/drivers/src/pdb/pdb_driver.o
 .debug_aranges
                0x00000b98       0xe0 ./SDK/platform/drivers/src/pins/pins_driver.o
 .debug_aranges
                0x00000c78       0x40 ./SDK/platform/drivers/src/pins/pins_port_hw_access.o
 .debug_aranges
                0x00000cb8       0x28 ./SDK/platform/pal/src/adc/adc_irq.o
 .debug_aranges
                0x00000ce0       0x78 ./SDK/platform/pal/src/adc/adc_pal.o
 .debug_aranges
                0x00000d58       0xc0 ./SDK/platform/pal/src/timing/timing_irq.o
 .debug_aranges
                0x00000e18       0x90 ./SDK/platform/pal/src/timing/timing_pal.o
 .debug_aranges
                0x00000ea8       0x70 ./SDK/rtos/osif/osif_baremetal.o
 .debug_aranges
                0x00000f18       0x18 ./board/clock_config.o
 .debug_aranges
                0x00000f30       0x18 ./board/peripherals_timing_pal_1.o
 .debug_aranges
                0x00000f48       0x18 ./board/peripherals_timing_pal_2.o
 .debug_aranges
                0x00000f60       0x18 ./board/pin_mux.o
 .debug_aranges
                0x00000f78       0x20 ./src/e-bike_app.o
 .debug_aranges
                0x00000f98       0x20 ./src/main.o

.debug_ranges   0x00000000     0x18e8
 .debug_ranges  0x00000000       0x80 ./BaseDriver/Gpio.o
 .debug_ranges  0x00000080       0x48 ./BaseDriver/Timer.o
 .debug_ranges  0x000000c8       0x28 ./BaseDriver/lpuart_LPUART_0.o
 .debug_ranges  0x000000f0       0x20 ./SDK/platform/devices/S32K142/startup/system_S32K142.o
 .debug_ranges  0x00000110       0x10 ./SDK/platform/devices/startup.o
 .debug_ranges  0x00000120      0x180 ./SDK/platform/drivers/src/adc/adc_driver.o
 .debug_ranges  0x000002a0      0x468 ./SDK/platform/drivers/src/clock/S32K1xx/clock_S32K1xx.o
 .debug_ranges  0x00000708      0x190 ./SDK/platform/drivers/src/edma/edma_driver.o
 .debug_ranges  0x00000898       0x90 ./SDK/platform/drivers/src/edma/edma_hw_access.o
 .debug_ranges  0x00000928       0x90 ./SDK/platform/drivers/src/edma/edma_irq.o
 .debug_ranges  0x000009b8      0x230 ./SDK/platform/drivers/src/ftm/ftm_common.o
 .debug_ranges  0x00000be8       0x28 ./SDK/platform/drivers/src/ftm/ftm_hw_access.o
 .debug_ranges  0x00000c10      0x228 ./SDK/platform/drivers/src/ftm/ftm_oc_driver.o
 .debug_ranges  0x00000e38       0x98 ./SDK/platform/drivers/src/interrupt/interrupt_manager.o
 .debug_ranges  0x00000ed0       0xe8 ./SDK/platform/drivers/src/lpit/lpit_driver.o
 .debug_ranges  0x00000fb8      0x150 ./SDK/platform/drivers/src/lptmr/lptmr_driver.o
 .debug_ranges  0x00001108       0x10 ./SDK/platform/drivers/src/lptmr/lptmr_hw_access.o
 .debug_ranges  0x00001118      0x180 ./SDK/platform/drivers/src/lpuart/lpuart_driver.o
 .debug_ranges  0x00001298       0x68 ./SDK/platform/drivers/src/lpuart/lpuart_hw_access.o
 .debug_ranges  0x00001300       0x18 ./SDK/platform/drivers/src/lpuart/lpuart_irq.o
 .debug_ranges  0x00001318       0xc8 ./SDK/platform/drivers/src/pdb/pdb_driver.o
 .debug_ranges  0x000013e0       0xd0 ./SDK/platform/drivers/src/pins/pins_driver.o
 .debug_ranges  0x000014b0       0x48 ./SDK/platform/drivers/src/pins/pins_port_hw_access.o
 .debug_ranges  0x000014f8       0x18 ./SDK/platform/pal/src/adc/adc_irq.o
 .debug_ranges  0x00001510      0x158 ./SDK/platform/pal/src/adc/adc_pal.o
 .debug_ranges  0x00001668       0xb0 ./SDK/platform/pal/src/timing/timing_irq.o
 .debug_ranges  0x00001718      0x118 ./SDK/platform/pal/src/timing/timing_pal.o
 .debug_ranges  0x00001830       0x98 ./SDK/rtos/osif/osif_baremetal.o
 .debug_ranges  0x000018c8       0x10 ./src/e-bike_app.o
 .debug_ranges  0x000018d8       0x10 ./src/main.o

.debug_macro    0x00000000    0x11eb3
 .debug_macro   0x00000000      0x31b ./BaseDriver/Gpio.o
 .debug_macro   0x0000031b       0x5e ./BaseDriver/Gpio.o
 .debug_macro   0x00000379       0xbe ./BaseDriver/Gpio.o
 .debug_macro   0x00000437      0x31b ./BaseDriver/Timer.o
 .debug_macro   0x00000752      0x108 ./BaseDriver/lpuart_LPUART_0.o
 .debug_macro   0x0000085a       0x16 ./BaseDriver/lpuart_LPUART_0.o
 .debug_macro   0x00000870     0xeedc ./BaseDriver/lpuart_LPUART_0.o
 .debug_macro   0x0000f74c       0xb5 ./SDK/platform/devices/S32K142/startup/system_S32K142.o
 .debug_macro   0x0000f801       0x28 ./SDK/platform/devices/S32K142/startup/system_S32K142.o
 .debug_macro   0x0000f829       0xb6 ./SDK/platform/devices/startup.o
 .debug_macro   0x0000f8df       0x40 ./SDK/platform/devices/startup.o
 .debug_macro   0x0000f91f       0xea ./SDK/platform/drivers/src/adc/adc_driver.o
 .debug_macro   0x0000fa09       0x10 ./SDK/platform/drivers/src/adc/adc_driver.o
 .debug_macro   0x0000fa19      0x2af ./SDK/platform/drivers/src/clock/S32K1xx/clock_S32K1xx.o
 .debug_macro   0x0000fcc8       0x16 ./SDK/platform/drivers/src/clock/S32K1xx/clock_S32K1xx.o
 .debug_macro   0x0000fcde       0xf7 ./SDK/platform/drivers/src/edma/edma_driver.o
 .debug_macro   0x0000fdd5       0xcc ./SDK/platform/drivers/src/edma/edma_hw_access.o
 .debug_macro   0x0000fea1       0xd0 ./SDK/platform/drivers/src/edma/edma_irq.o
 .debug_macro   0x0000ff71      0x10d ./SDK/platform/drivers/src/ftm/ftm_common.o
 .debug_macro   0x0001007e      0x106 ./SDK/platform/drivers/src/ftm/ftm_hw_access.o
 .debug_macro   0x00010184      0x11b ./SDK/platform/drivers/src/ftm/ftm_oc_driver.o
 .debug_macro   0x0001029f       0xc9 ./SDK/platform/drivers/src/interrupt/interrupt_manager.o
 .debug_macro   0x00010368       0xf7 ./SDK/platform/drivers/src/lpit/lpit_driver.o
 .debug_macro   0x0001045f       0xf0 ./SDK/platform/drivers/src/lptmr/lptmr_driver.o
 .debug_macro   0x0001054f       0xc7 ./SDK/platform/drivers/src/lptmr/lptmr_hw_access.o
 .debug_macro   0x00010616      0x130 ./SDK/platform/drivers/src/lpuart/lpuart_driver.o
 .debug_macro   0x00010746       0x34 ./SDK/platform/drivers/src/lpuart/lpuart_driver.o
 .debug_macro   0x0001077a      0x108 ./SDK/platform/drivers/src/lpuart/lpuart_hw_access.o
 .debug_macro   0x00010882       0xc0 ./SDK/platform/drivers/src/lpuart/lpuart_irq.o
 .debug_macro   0x00010942       0xee ./SDK/platform/drivers/src/pdb/pdb_driver.o
 .debug_macro   0x00010a30       0xdd ./SDK/platform/drivers/src/pins/pins_driver.o
 .debug_macro   0x00010b0d       0xdd ./SDK/platform/drivers/src/pins/pins_port_hw_access.o
 .debug_macro   0x00010bea      0x118 ./SDK/platform/pal/src/adc/adc_irq.o
 .debug_macro   0x00010d02      0x164 ./SDK/platform/pal/src/adc/adc_pal.o
 .debug_macro   0x00010e66      0x130 ./SDK/platform/pal/src/timing/timing_irq.o
 .debug_macro   0x00010f96      0x170 ./SDK/platform/pal/src/timing/timing_pal.o
 .debug_macro   0x00011106       0xfb ./SDK/rtos/osif/osif_baremetal.o
 .debug_macro   0x00011201       0xd8 ./board/clock_config.o
 .debug_macro   0x000112d9      0x128 ./board/peripherals_timing_pal_1.o
 .debug_macro   0x00011401      0x128 ./board/peripherals_timing_pal_2.o
 .debug_macro   0x00011529      0x324 ./board/pin_mux.o
 .debug_macro   0x0001184d      0x31b ./src/e-bike_app.o
 .debug_macro   0x00011b68       0x3a ./src/e-bike_app.o
 .debug_macro   0x00011ba2      0x311 ./src/main.o

.debug_line     0x00000000    0x10158
 .debug_line    0x00000000      0x929 ./BaseDriver/Gpio.o
 .debug_line    0x00000929      0x8ba ./BaseDriver/Timer.o
 .debug_line    0x000011e3      0x480 ./BaseDriver/lpuart_LPUART_0.o
 .debug_line    0x00001663       0x8f ./Project_Settings/Startup_Code/startup_S32K142.o
 .debug_line    0x000016f2      0x3ba ./SDK/platform/devices/S32K142/startup/system_S32K142.o
 .debug_line    0x00001aac      0x32f ./SDK/platform/devices/startup.o
 .debug_line    0x00001ddb      0xaf2 ./SDK/platform/drivers/src/adc/adc_driver.o
 .debug_line    0x000028cd     0x14ce ./SDK/platform/drivers/src/clock/S32K1xx/clock_S32K1xx.o
 .debug_line    0x00003d9b     0x1048 ./SDK/platform/drivers/src/edma/edma_driver.o
 .debug_line    0x00004de3      0x596 ./SDK/platform/drivers/src/edma/edma_hw_access.o
 .debug_line    0x00005379      0x4fd ./SDK/platform/drivers/src/edma/edma_irq.o
 .debug_line    0x00005876      0xa7f ./SDK/platform/drivers/src/ftm/ftm_common.o
 .debug_line    0x000062f5      0x514 ./SDK/platform/drivers/src/ftm/ftm_hw_access.o
 .debug_line    0x00006809      0x693 ./SDK/platform/drivers/src/ftm/ftm_oc_driver.o
 .debug_line    0x00006e9c      0x528 ./SDK/platform/drivers/src/interrupt/interrupt_manager.o
 .debug_line    0x000073c4      0x87c ./SDK/platform/drivers/src/lpit/lpit_driver.o
 .debug_line    0x00007c40      0x9bc ./SDK/platform/drivers/src/lptmr/lptmr_driver.o
 .debug_line    0x000085fc      0x3e4 ./SDK/platform/drivers/src/lptmr/lptmr_hw_access.o
 .debug_line    0x000089e0      0xde0 ./SDK/platform/drivers/src/lpuart/lpuart_driver.o
 .debug_line    0x000097c0      0x5c9 ./SDK/platform/drivers/src/lpuart/lpuart_hw_access.o
 .debug_line    0x00009d89      0x3c8 ./SDK/platform/drivers/src/lpuart/lpuart_irq.o
 .debug_line    0x0000a151      0x7f9 ./SDK/platform/drivers/src/pdb/pdb_driver.o
 .debug_line    0x0000a94a      0x66f ./SDK/platform/drivers/src/pins/pins_driver.o
 .debug_line    0x0000afb9      0x52e ./SDK/platform/drivers/src/pins/pins_port_hw_access.o
 .debug_line    0x0000b4e7      0x51c ./SDK/platform/pal/src/adc/adc_irq.o
 .debug_line    0x0000ba03      0x9e9 ./SDK/platform/pal/src/adc/adc_pal.o
 .debug_line    0x0000c3ec      0x7d4 ./SDK/platform/pal/src/timing/timing_irq.o
 .debug_line    0x0000cbc0      0xb01 ./SDK/platform/pal/src/timing/timing_pal.o
 .debug_line    0x0000d6c1      0x5b5 ./SDK/rtos/osif/osif_baremetal.o
 .debug_line    0x0000dc76      0x3e8 ./board/clock_config.o
 .debug_line    0x0000e05e      0x4a2 ./board/peripherals_timing_pal_1.o
 .debug_line    0x0000e500      0x4a2 ./board/peripherals_timing_pal_2.o
 .debug_line    0x0000e9a2      0x7dd ./board/pin_mux.o
 .debug_line    0x0000f17f      0x7f0 ./src/e-bike_app.o
 .debug_line    0x0000f96f      0x7e9 ./src/main.o

.debug_str      0x00000000    0x7c085
 .debug_str     0x00000000    0x71d6f ./BaseDriver/Gpio.o
                              0x72345 (size before relaxing)
 .debug_str     0x00071d6f      0x15a ./BaseDriver/Timer.o
                              0x723a4 (size before relaxing)
 .debug_str     0x00071ec9       0xf5 ./BaseDriver/lpuart_LPUART_0.o
                              0x6a372 (size before relaxing)
 .debug_str     0x00071fbe       0x3f ./Project_Settings/Startup_Code/startup_S32K142.o
                                 0x67 (size before relaxing)
 .debug_str     0x00071ffd      0x264 ./SDK/platform/devices/S32K142/startup/system_S32K142.o
                              0x6954e (size before relaxing)
 .debug_str     0x00072261      0x367 ./SDK/platform/devices/startup.o
                              0x696c0 (size before relaxing)
 .debug_str     0x000725c8      0xe0e ./SDK/platform/drivers/src/adc/adc_driver.o
                              0x6bac7 (size before relaxing)
 .debug_str     0x000733d6     0x22ee ./SDK/platform/drivers/src/clock/S32K1xx/clock_S32K1xx.o
                              0x6d839 (size before relaxing)
 .debug_str     0x000756c4     0x11ee ./SDK/platform/drivers/src/edma/edma_driver.o
                              0x6c3b6 (size before relaxing)
 .debug_str     0x000768b2       0x46 ./SDK/platform/drivers/src/edma/edma_hw_access.o
                              0x69c1f (size before relaxing)
 .debug_str     0x000768f8      0x162 ./SDK/platform/drivers/src/edma/edma_irq.o
                              0x6992a (size before relaxing)
 .debug_str     0x00076a5a      0xe21 ./SDK/platform/drivers/src/ftm/ftm_common.o
                              0x6c5c0 (size before relaxing)
 .debug_str     0x0007787b       0xa7 ./SDK/platform/drivers/src/ftm/ftm_hw_access.o
                              0x6abf1 (size before relaxing)
 .debug_str     0x00077922      0x35c ./SDK/platform/drivers/src/ftm/ftm_oc_driver.o
                              0x6b746 (size before relaxing)
 .debug_str     0x00077c7e      0x188 ./SDK/platform/drivers/src/interrupt/interrupt_manager.o
                              0x69df5 (size before relaxing)
 .debug_str     0x00077e06      0x823 ./SDK/platform/drivers/src/lpit/lpit_driver.o
                              0x6b2ce (size before relaxing)
 .debug_str     0x00078629      0x81c ./SDK/platform/drivers/src/lptmr/lptmr_driver.o
                              0x6af84 (size before relaxing)
 .debug_str     0x00078e45       0x34 ./SDK/platform/drivers/src/lptmr/lptmr_hw_access.o
                              0x6961d (size before relaxing)
 .debug_str     0x00078e79      0xb3e ./SDK/platform/drivers/src/lpuart/lpuart_driver.o
                              0x6bba4 (size before relaxing)
 .debug_str     0x000799b7       0xc4 ./SDK/platform/drivers/src/lpuart/lpuart_hw_access.o
                              0x6a5ce (size before relaxing)
 .debug_str     0x00079a7b       0x56 ./SDK/platform/drivers/src/lpuart/lpuart_irq.o
                              0x69326 (size before relaxing)
 .debug_str     0x00079ad1      0x88c ./SDK/platform/drivers/src/pdb/pdb_driver.o
                              0x6b347 (size before relaxing)
 .debug_str     0x0007a35d      0x5b6 ./SDK/platform/drivers/src/pins/pins_driver.o
                              0x6a81c (size before relaxing)
 .debug_str     0x0007a913      0x192 ./SDK/platform/drivers/src/pins/pins_port_hw_access.o
                              0x69d04 (size before relaxing)
 .debug_str     0x0007aaa5       0x68 ./SDK/platform/pal/src/adc/adc_irq.o
                              0x695ad (size before relaxing)
 .debug_str     0x0007ab0d      0xb54 ./SDK/platform/pal/src/adc/adc_pal.o
                              0x6c991 (size before relaxing)
 .debug_str     0x0007b661      0x30e ./SDK/platform/pal/src/timing/timing_irq.o
                              0x6ac7f (size before relaxing)
 .debug_str     0x0007b96f      0x3fc ./SDK/platform/pal/src/timing/timing_pal.o
                              0x6cb7d (size before relaxing)
 .debug_str     0x0007bd6b      0x178 ./SDK/rtos/osif/osif_baremetal.o
                              0x6a667 (size before relaxing)
 .debug_str     0x0007bee3       0x18 ./board/clock_config.o
                              0x6b5c6 (size before relaxing)
 .debug_str     0x0007befb       0x24 ./board/peripherals_timing_pal_1.o
                              0x6aaf6 (size before relaxing)
 .debug_str     0x0007bf1f       0x24 ./board/peripherals_timing_pal_2.o
                              0x6ae0d (size before relaxing)
 .debug_str     0x0007bf43       0x13 ./board/pin_mux.o
                              0x721f8 (size before relaxing)
 .debug_str     0x0007bf56      0x117 ./src/e-bike_app.o
                              0x72305 (size before relaxing)
 .debug_str     0x0007c06d       0x18 ./src/main.o
                              0x72268 (size before relaxing)

.comment        0x00000000       0xa0
 .comment       0x00000000       0xa0 ./BaseDriver/Gpio.o
                                 0xa1 (size before relaxing)
 .comment       0x000000a0       0xa1 ./BaseDriver/Timer.o
 .comment       0x000000a0       0xa1 ./BaseDriver/lpuart_LPUART_0.o
 .comment       0x000000a0       0xa1 ./SDK/platform/devices/S32K142/startup/system_S32K142.o
 .comment       0x000000a0       0xa1 ./SDK/platform/devices/startup.o
 .comment       0x000000a0       0xa1 ./SDK/platform/drivers/src/adc/adc_driver.o
 .comment       0x000000a0       0xa1 ./SDK/platform/drivers/src/clock/S32K1xx/clock_S32K1xx.o
 .comment       0x000000a0       0xa1 ./SDK/platform/drivers/src/edma/edma_driver.o
 .comment       0x000000a0       0xa1 ./SDK/platform/drivers/src/edma/edma_hw_access.o
 .comment       0x000000a0       0xa1 ./SDK/platform/drivers/src/edma/edma_irq.o
 .comment       0x000000a0       0xa1 ./SDK/platform/drivers/src/ftm/ftm_common.o
 .comment       0x000000a0       0xa1 ./SDK/platform/drivers/src/ftm/ftm_hw_access.o
 .comment       0x000000a0       0xa1 ./SDK/platform/drivers/src/ftm/ftm_oc_driver.o
 .comment       0x000000a0       0xa1 ./SDK/platform/drivers/src/interrupt/interrupt_manager.o
 .comment       0x000000a0       0xa1 ./SDK/platform/drivers/src/lpit/lpit_driver.o
 .comment       0x000000a0       0xa1 ./SDK/platform/drivers/src/lptmr/lptmr_driver.o
 .comment       0x000000a0       0xa1 ./SDK/platform/drivers/src/lptmr/lptmr_hw_access.o
 .comment       0x000000a0       0xa1 ./SDK/platform/drivers/src/lpuart/lpuart_driver.o
 .comment       0x000000a0       0xa1 ./SDK/platform/drivers/src/lpuart/lpuart_hw_access.o
 .comment       0x000000a0       0xa1 ./SDK/platform/drivers/src/lpuart/lpuart_irq.o
 .comment       0x000000a0       0xa1 ./SDK/platform/drivers/src/pdb/pdb_driver.o
 .comment       0x000000a0       0xa1 ./SDK/platform/drivers/src/pins/pins_driver.o
 .comment       0x000000a0       0xa1 ./SDK/platform/drivers/src/pins/pins_port_hw_access.o
 .comment       0x000000a0       0xa1 ./SDK/platform/pal/src/adc/adc_irq.o
 .comment       0x000000a0       0xa1 ./SDK/platform/pal/src/adc/adc_pal.o
 .comment       0x000000a0       0xa1 ./SDK/platform/pal/src/timing/timing_irq.o
 .comment       0x000000a0       0xa1 ./SDK/platform/pal/src/timing/timing_pal.o
 .comment       0x000000a0       0xa1 ./SDK/rtos/osif/osif_baremetal.o
 .comment       0x000000a0       0xa1 ./board/clock_config.o
 .comment       0x000000a0       0xa1 ./board/peripherals_timing_pal_1.o
 .comment       0x000000a0       0xa1 ./board/peripherals_timing_pal_2.o
 .comment       0x000000a0       0xa1 ./board/pin_mux.o
 .comment       0x000000a0       0xa1 ./src/e-bike_app.o
 .comment       0x000000a0       0xa1 ./src/main.o

.debug_frame    0x00000000     0x27ac
 .debug_frame   0x00000000      0x17c ./BaseDriver/Gpio.o
 .debug_frame   0x0000017c       0xbc ./BaseDriver/Timer.o
 .debug_frame   0x00000238       0x6c ./BaseDriver/lpuart_LPUART_0.o
 .debug_frame   0x000002a4       0x40 ./SDK/platform/devices/S32K142/startup/system_S32K142.o
 .debug_frame   0x000002e4       0x2c ./SDK/platform/devices/startup.o
 .debug_frame   0x00000310      0x258 ./SDK/platform/drivers/src/adc/adc_driver.o
 .debug_frame   0x00000568      0x3a4 ./SDK/platform/drivers/src/clock/S32K1xx/clock_S32K1xx.o
 .debug_frame   0x0000090c      0x3a0 ./SDK/platform/drivers/src/edma/edma_driver.o
 .debug_frame   0x00000cac      0x140 ./SDK/platform/drivers/src/edma/edma_hw_access.o
 .debug_frame   0x00000dec      0x1ac ./SDK/platform/drivers/src/edma/edma_irq.o
 .debug_frame   0x00000f98      0x204 ./SDK/platform/drivers/src/ftm/ftm_common.o
 .debug_frame   0x0000119c       0x64 ./SDK/platform/drivers/src/ftm/ftm_hw_access.o
 .debug_frame   0x00001200       0x7c ./SDK/platform/drivers/src/ftm/ftm_oc_driver.o
 .debug_frame   0x0000127c       0xd8 ./SDK/platform/drivers/src/interrupt/interrupt_manager.o
 .debug_frame   0x00001354      0x1a8 ./SDK/platform/drivers/src/lpit/lpit_driver.o
 .debug_frame   0x000014fc      0x1b8 ./SDK/platform/drivers/src/lptmr/lptmr_driver.o
 .debug_frame   0x000016b4       0x20 ./SDK/platform/drivers/src/lptmr/lptmr_hw_access.o
 .debug_frame   0x000016d4      0x3ac ./SDK/platform/drivers/src/lpuart/lpuart_driver.o
 .debug_frame   0x00001a80      0x100 ./SDK/platform/drivers/src/lpuart/lpuart_hw_access.o
 .debug_frame   0x00001b80       0x40 ./SDK/platform/drivers/src/lpuart/lpuart_irq.o
 .debug_frame   0x00001bc0      0x1e0 ./SDK/platform/drivers/src/pdb/pdb_driver.o
 .debug_frame   0x00001da0      0x1e4 ./SDK/platform/drivers/src/pins/pins_driver.o
 .debug_frame   0x00001f84       0xa0 ./SDK/platform/drivers/src/pins/pins_port_hw_access.o
 .debug_frame   0x00002024       0x40 ./SDK/platform/pal/src/adc/adc_irq.o
 .debug_frame   0x00002064      0x1a8 ./SDK/platform/pal/src/adc/adc_pal.o
 .debug_frame   0x0000220c      0x208 ./SDK/platform/pal/src/timing/timing_irq.o
 .debug_frame   0x00002414      0x1fc ./SDK/platform/pal/src/timing/timing_pal.o
 .debug_frame   0x00002610       0xf4 ./SDK/rtos/osif/osif_baremetal.o
 .debug_frame   0x00002704       0x20 ./src/e-bike_app.o
 .debug_frame   0x00002724       0x28 ./src/main.o
 .debug_frame   0x0000274c       0x2c c:/nxp/s32ds_arm_v2.2/s32ds/build_tools/gcc_v6.3/gcc-6.3-arm32-eabi/bin/../lib/gcc/arm-none-eabi/6.3.1/thumb/v7e-m/fpv4-sp/hard\libgcc.a(_aeabi_uldivmod.o)
 .debug_frame   0x00002778       0x34 c:/nxp/s32ds_arm_v2.2/s32ds/build_tools/gcc_v6.3/gcc-6.3-arm32-eabi/bin/../lib/gcc/arm-none-eabi/6.3.1/thumb/v7e-m/fpv4-sp/hard\libgcc.a(_udivmoddi4.o)

.debug_loc      0x00000000    0x1950e
 .debug_loc     0x00000000       0xca ./BaseDriver/Timer.o
 .debug_loc     0x000000ca      0x12f ./BaseDriver/lpuart_LPUART_0.o
 .debug_loc     0x000001f9       0xeb ./SDK/platform/devices/S32K142/startup/system_S32K142.o
 .debug_loc     0x000002e4       0xec ./SDK/platform/devices/startup.o
 .debug_loc     0x000003d0     0x1a7f ./SDK/platform/drivers/src/adc/adc_driver.o
 .debug_loc     0x00001e4f     0x5061 ./SDK/platform/drivers/src/clock/S32K1xx/clock_S32K1xx.o
 .debug_loc     0x00006eb0     0x336f ./SDK/platform/drivers/src/edma/edma_driver.o
 .debug_loc     0x0000a21f      0x7b9 ./SDK/platform/drivers/src/edma/edma_hw_access.o
 .debug_loc     0x0000a9d8       0x50 ./SDK/platform/drivers/src/edma/edma_irq.o
 .debug_loc     0x0000aa28     0x1d84 ./SDK/platform/drivers/src/ftm/ftm_common.o
 .debug_loc     0x0000c7ac      0x25a ./SDK/platform/drivers/src/ftm/ftm_hw_access.o
 .debug_loc     0x0000ca06      0xb5b ./SDK/platform/drivers/src/ftm/ftm_oc_driver.o
 .debug_loc     0x0000d561      0x678 ./SDK/platform/drivers/src/interrupt/interrupt_manager.o
 .debug_loc     0x0000dbd9     0x1319 ./SDK/platform/drivers/src/lpit/lpit_driver.o
 .debug_loc     0x0000eef2     0x18fd ./SDK/platform/drivers/src/lptmr/lptmr_driver.o
 .debug_loc     0x000107ef       0x36 ./SDK/platform/drivers/src/lptmr/lptmr_hw_access.o
 .debug_loc     0x00010825     0x264e ./SDK/platform/drivers/src/lpuart/lpuart_driver.o
 .debug_loc     0x00012e73      0x75e ./SDK/platform/drivers/src/lpuart/lpuart_hw_access.o
 .debug_loc     0x000135d1      0xe14 ./SDK/platform/drivers/src/pdb/pdb_driver.o
 .debug_loc     0x000143e5      0x7c7 ./SDK/platform/drivers/src/pins/pins_driver.o
 .debug_loc     0x00014bac      0x639 ./SDK/platform/drivers/src/pins/pins_port_hw_access.o
 .debug_loc     0x000151e5     0x1654 ./SDK/platform/pal/src/adc/adc_pal.o
 .debug_loc     0x00016839      0x610 ./SDK/platform/pal/src/timing/timing_irq.o
 .debug_loc     0x00016e49     0x2372 ./SDK/platform/pal/src/timing/timing_pal.o
 .debug_loc     0x000191bb      0x353 ./SDK/rtos/osif/osif_baremetal.o