Archive member included to satisfy reference by file (symbol)

c:/nxp/s32ds_arm_v2.2/s32ds/build_tools/gcc_v6.3/gcc-6.3-arm32-eabi/bin/../lib/gcc/arm-none-eabi/6.3.1/thumb/v7e-m/fpv4-sp/hard\libgcc.a(_aeabi_uldivmod.o)
                              ./BaseDriver/Timer.o (__aeabi_uldivmod)
c:/nxp/s32ds_arm_v2.2/s32ds/build_tools/gcc_v6.3/gcc-6.3-arm32-eabi/bin/../lib/gcc/arm-none-eabi/6.3.1/thumb/v7e-m/fpv4-sp/hard\libgcc.a(_udivmoddi4.o)
                              c:/nxp/s32ds_arm_v2.2/s32ds/build_tools/gcc_v6.3/gcc-6.3-arm32-eabi/bin/../lib/gcc/arm-none-eabi/6.3.1/thumb/v7e-m/fpv4-sp/hard\libgcc.a(_aeabi_uldivmod.o) (__udivmoddi4)
c:/nxp/s32ds_arm_v2.2/s32ds/build_tools/gcc_v6.3/gcc-6.3-arm32-eabi/bin/../lib/gcc/arm-none-eabi/6.3.1/thumb/v7e-m/fpv4-sp/hard\libgcc.a(_dvmd_tls.o)
                              c:/nxp/s32ds_arm_v2.2/s32ds/build_tools/gcc_v6.3/gcc-6.3-arm32-eabi/bin/../lib/gcc/arm-none-eabi/6.3.1/thumb/v7e-m/fpv4-sp/hard\libgcc.a(_aeabi_uldivmod.o) (__aeabi_ldiv0)
C:/NXP/S32DS_ARM_v2.2/S32DS/build_tools/gcc_v6.3/gcc-6.3-arm32-eabi/arm-none-eabi/newlib/lib/thumb/v7e-m/fpv4-sp/hard\libc_nano.a(lib_a-exit.o)
                              C:/NXP/S32DS_ARM_v2.2/S32DS/build_tools/gcc_v6.3/gcc-6.3-arm32-eabi/arm-none-eabi/newlib/lib/thumb/v7e-m/fpv4-sp/hard/crt0.o (exit)
C:/NXP/S32DS_ARM_v2.2/S32DS/build_tools/gcc_v6.3/gcc-6.3-arm32-eabi/arm-none-eabi/newlib/lib/thumb/v7e-m/fpv4-sp/hard\libc_nano.a(lib_a-impure.o)
                              C:/NXP/S32DS_ARM_v2.2/S32DS/build_tools/gcc_v6.3/gcc-6.3-arm32-eabi/arm-none-eabi/newlib/lib/thumb/v7e-m/fpv4-sp/hard\libc_nano.a(lib_a-exit.o) (_global_impure_ptr)
C:/NXP/S32DS_ARM_v2.2/S32DS/build_tools/gcc_v6.3/gcc-6.3-arm32-eabi/arm-none-eabi/newlib/lib/thumb/v7e-m/fpv4-sp/hard\libc_nano.a(lib_a-init.o)
                              C:/NXP/S32DS_ARM_v2.2/S32DS/build_tools/gcc_v6.3/gcc-6.3-arm32-eabi/arm-none-eabi/newlib/lib/thumb/v7e-m/fpv4-sp/hard/crt0.o (__libc_init_array)
C:/NXP/S32DS_ARM_v2.2/S32DS/build_tools/gcc_v6.3/gcc-6.3-arm32-eabi/arm-none-eabi/newlib/lib/thumb/v7e-m/fpv4-sp/hard\libc_nano.a(lib_a-memcpy-stub.o)
                              ./src/motor_control.o (memcpy)
C:/NXP/S32DS_ARM_v2.2/S32DS/build_tools/gcc_v6.3/gcc-6.3-arm32-eabi/arm-none-eabi/newlib/lib/thumb/v7e-m/fpv4-sp/hard\libc_nano.a(lib_a-memset.o)
                              C:/NXP/S32DS_ARM_v2.2/S32DS/build_tools/gcc_v6.3/gcc-6.3-arm32-eabi/arm-none-eabi/newlib/lib/thumb/v7e-m/fpv4-sp/hard/crt0.o (memset)
C:/NXP/S32DS_ARM_v2.2/S32DS/build_tools/gcc_v6.3/gcc-6.3-arm32-eabi/arm-none-eabi/newlib/lib/thumb/v7e-m/fpv4-sp/hard\libnosys.a(_exit.o)
                              C:/NXP/S32DS_ARM_v2.2/S32DS/build_tools/gcc_v6.3/gcc-6.3-arm32-eabi/arm-none-eabi/newlib/lib/thumb/v7e-m/fpv4-sp/hard\libc_nano.a(lib_a-exit.o) (_exit)

Allocating common symbols
Common symbol       size              file

Speed_Value_lst     0x2               ./src/e-bike_app.o
s2_scan             0x2               ./BaseDriver/Gpio.o
ADC_filter_state    0x24              ./BaseDriver/adc.o
Candence_Out_500us  0x2               ./src/e-bike_app.o
hallcode            0x1               ./src/e-bike_app.o
pot2                0x4               ./src/pwm_isr.o
tx0_2ms             0x1               ./BaseDriver/lpuart_LPUART_0.o
s2_Falling          0x2               ./BaseDriver/Gpio.o
ADC_results         0x12              ./BaseDriver/adc.o
Speed_Mil_Hr        0x4               ./src/e-bike_app.o
Speed_Cnt_500us     0x2               ./src/e-bike_app.o
g_xtal0ClkFreq      0x4               ./SDK/platform/drivers/src/clock/S32K1xx/clock_S32K1xx.o
g_ftmChannelRunning
                    0x20              ./SDK/platform/pal/src/timing/timing_pal.o
s2_ap_ll            0x2               ./BaseDriver/Gpio.o
Candence_Out_Value  0x2               ./src/e-bike_app.o
s2_Rising           0x2               ./BaseDriver/Gpio.o
M1A                 0x4               ./src/motor_control.o
s2_8ms              0x2               ./BaseDriver/Gpio.o
timer_500us         0x1               ./BaseDriver/Timer.o
tx0_buf             0x100             ./BaseDriver/lpuart_LPUART_0.o
s2_ap               0x2               ./BaseDriver/Gpio.o
pot1                0x4               ./src/pwm_isr.o
Speed_Value         0x2               ./src/e-bike_app.o
key_info            0x8               ./BaseDriver/Gpio.o
g_RtcClkInFreq      0x4               ./SDK/platform/drivers/src/clock/S32K1xx/clock_S32K1xx.o
timer_10us          0x4               ./BaseDriver/Timer.o
tr0_buf             0x100             ./BaseDriver/lpuart_LPUART_0.o
lpUartState1        0x34              ./BaseDriver/lpuart_LPUART_0.o
tr0_2ms             0x1               ./BaseDriver/lpuart_LPUART_0.o
MT_State            0x1               ./src/e-bike_app.o
LED_4ms             0x4               ./BaseDriver/Timer.o
g_TClkFreq          0xc               ./SDK/platform/drivers/src/clock/S32K1xx/clock_S32K1xx.o
Candence_In_Value   0x2               ./src/e-bike_app.o
[...]
Memory Configuration

Name             Origin             Length             Attributes
m_interrupts     0x00000000         0x00000400         xr
m_flash_config   0x00000400         0x00000010         xr
m_text           0x00000410         0x0003fbf0         xr
m_data           0x1fffc000         0x00004000         rw
m_data_2         0x20000000         0x00003000         rw
*default*        0x00000000         0xffffffff

Linker script and memory map

LOAD c:/nxp/s32ds_arm_v2.2/s32ds/build_tools/gcc_v6.3/gcc-6.3-arm32-eabi/bin/../lib/gcc/arm-none-eabi/6.3.1/thumb/v7e-m/fpv4-sp/hard/crti.o
LOAD c:/nxp/s32ds_arm_v2.2/s32ds/build_tools/gcc_v6.3/gcc-6.3-arm32-eabi/bin/../lib/gcc/arm-none-eabi/6.3.1/thumb/v7e-m/fpv4-sp/hard/crtbegin.o
LOAD C:/NXP/S32DS_ARM_v2.2/S32DS/build_tools/gcc_v6.3/gcc-6.3-arm32-eabi/arm-none-eabi/newlib/lib/thumb/v7e-m/fpv4-sp/hard/crt0.o
LOAD ./BaseDriver/Gpio.o
LOAD ./BaseDriver/Timer.o
LOAD ./BaseDriver/adc.o
LOAD ./BaseDriver/lpuart_LPUART_0.o
LOAD ./BaseDriver/peripheral_init.o
LOAD ./Project_Settings/Startup_Code/startup_S32K142.o
LOAD ./SDK/platform/devices/S32K142/startup/system_S32K142.o
LOAD ./SDK/platform/devices/startup.o
LOAD ./SDK/platform/drivers/src/clock/S32K1xx/clock_S32K1xx.o
LOAD ./SDK/platform/drivers/src/edma/edma_driver.o
LOAD ./SDK/platform/drivers/src/edma/edma_hw_access.o
LOAD ./SDK/platform/drivers/src/edma/edma_irq.o
LOAD ./SDK/platform/drivers/src/ftm/ftm_common.o
LOAD ./SDK/platform/drivers/src/ftm/ftm_hw_access.o
LOAD ./SDK/platform/drivers/src/ftm/ftm_mc_driver.o
LOAD ./SDK/platform/drivers/src/ftm/ftm_oc_driver.o
LOAD ./SDK/platform/drivers/src/interrupt/interrupt_manager.o
LOAD ./SDK/platform/drivers/src/lpit/lpit_driver.o
LOAD ./SDK/platform/drivers/src/lptmr/lptmr_driver.o
LOAD ./SDK/platform/drivers/src/lptmr/lptmr_hw_access.o
LOAD ./SDK/platform/drivers/src/lpuart/lpuart_driver.o
LOAD ./SDK/platform/drivers/src/lpuart/lpuart_hw_access.o
LOAD ./SDK/platform/drivers/src/lpuart/lpuart_irq.o
LOAD ./SDK/platform/drivers/src/pins/pins_driver.o
LOAD ./SDK/platform/drivers/src/pins/pins_port_hw_access.o
LOAD ./SDK/platform/pal/src/timing/timing_irq.o
LOAD ./SDK/platform/pal/src/timing/timing_pal.o
LOAD ./SDK/rtos/osif/osif_baremetal.o
LOAD ./board/clock_config.o
LOAD ./board/peripherals_dmaController1.o
LOAD ./board/peripherals_timing_pal_1.o
LOAD ./board/peripherals_timing_pal_2.o
LOAD ./board/peripherals_timing_pal_3.o
LOAD ./board/pin_mux.o
LOAD ./src/e-bike_app.o
LOAD ./src/main.o
LOAD ./src/motor_control.o
LOAD ./src/pwm_isr.o
START GROUP
LOAD c:/nxp/s32ds_arm_v2.2/s32ds/build_tools/gcc_v6.3/gcc-6.3-arm32-eabi/bin/../lib/gcc/arm-none-eabi/6.3.1/thumb/v7e-m/fpv4-sp/hard\libgcc.a
LOAD C:/NXP/S32DS_ARM_v2.2/S32DS/build_tools/gcc_v6.3/gcc-6.3-arm32-eabi/arm-none-eabi/newlib/lib/thumb/v7e-m/fpv4-sp/hard\libc_nano.a
END GROUP
START GROUP
LOAD c:/nxp/s32ds_arm_v2.2/s32ds/build_tools/gcc_v6.3/gcc-6.3-arm32-eabi/bin/../lib/gcc/arm-none-eabi/6.3.1/thumb/v7e-m/fpv4-sp/hard\libgcc.a
LOAD C:/NXP/S32DS_ARM_v2.2/S32DS/build_tools/gcc_v6.3/gcc-6.3-arm32-eabi/arm-none-eabi/newlib/lib/thumb/v7e-m/fpv4-sp/hard\libc_nano.a
LOAD C:/NXP/S32DS_ARM_v2.2/S32DS/build_tools/gcc_v6.3/gcc-6.3-arm32-eabi/arm-none-eabi/newlib/lib/thumb/v7e-m/fpv4-sp/hard\libnosys.a
END GROUP
START GROUP
LOAD c:/nxp/s32ds_arm_v2.2/s32ds/build_tools/gcc_v6.3/gcc-6.3-arm32-eabi/bin/../lib/gcc/arm-none-eabi/6.3.1/thumb/v7e-m/fpv4-sp/hard\libgcc.a
LOAD C:/NXP/S32DS_ARM_v2.2/S32DS/build_tools/gcc_v6.3/gcc-6.3-arm32-eabi/arm-none-eabi/newlib/lib/thumb/v7e-m/fpv4-sp/hard\libc_nano.a
LOAD C:/NXP/S32DS_ARM_v2.2/S32DS/build_tools/gcc_v6.3/gcc-6.3-arm32-eabi/arm-none-eabi/newlib/lib/thumb/v7e-m/fpv4-sp/hard\libnosys.a
END GROUP
LOAD c:/nxp/s32ds_arm_v2.2/s32ds/build_tools/gcc_v6.3/gcc-6.3-arm32-eabi/bin/../lib/gcc/arm-none-eabi/6.3.1/thumb/v7e-m/fpv4-sp/hard/crtend.o
LOAD c:/nxp/s32ds_arm_v2.2/s32ds/build_tools/gcc_v6.3/gcc-6.3-arm32-eabi/bin/../lib/gcc/arm-none-eabi/6.3.1/thumb/v7e-m/fpv4-sp/hard/crtn.o
                0x00000400                HEAP_SIZE = DEFINED (__heap_size__)?__heap_size__:0x400
                0x00000400                STACK_SIZE = DEFINED (__stack_size__)?__stack_size__:0x400
                0x00000400                M_VECTOR_RAM_SIZE = DEFINED (__flash_vector_table__)?0x0:0x400

.interrupts     0x00000000      0x400
                0x00000000                __VECTOR_TABLE = .
                0x00000000                __interrupts_start__ = .
                0x00000000                . = ALIGN (0x4)
 *(.isr_vector)
 .isr_vector    0x00000000      0x400 ./Project_Settings/Startup_Code/startup_S32K142.o
                0x00000000                __isr_vector
                0x00000400                __interrupts_end__ = .
                0x00000400                . = ALIGN (0x4)

.flash_config   0x00000400       0x10
                0x00000400                . = ALIGN (0x4)
 *(.FlashConfig)
 .FlashConfig   0x00000400       0x10 ./Project_Settings/Startup_Code/startup_S32K142.o
                0x00000410                . = ALIGN (0x4)

.text           0x00000410     0x5bcc
                0x00000410                . = ALIGN (0x4)
 *(.text)
 .text          0x00000410       0x6c ./Project_Settings/Startup_Code/startup_S32K142.o
                0x00000410                Reset_Handler
                0x00000478                Reserved111_IRQHandler
                0x00000478                DebugMon_Handler
                0x00000478                Reserved88_IRQHandler
                0x00000478                CAN0_ORed_IRQHandler
                0x00000478                HardFault_Handler
                0x00000478                Reserved86_IRQHandler
                0x00000478                Reserved103_IRQHandler
                0x00000478                FTM2_Ovf_Reload_IRQHandler
                0x00000478                Reserved50_IRQHandler
                0x00000478                FTFC_Fault_IRQHandler
                0x00000478                FTM0_Ch6_Ch7_IRQHandler
                0x00000478                Reserved114_IRQHandler
                0x00000478                PendSV_Handler
                0x00000478                NMI_Handler
                0x00000478                Reserved89_IRQHandler
                0x00000478                ERM_double_fault_IRQHandler
                0x00000478                Reserved59_IRQHandler
                0x00000478                Reserved99_IRQHandler
                0x00000478                FTM3_Ch6_Ch7_IRQHandler
                0x00000478                Reserved92_IRQHandler
                0x00000478                FTM0_Ch4_Ch5_IRQHandler
                0x00000478                CAN1_Error_IRQHandler
                0x00000478                FTM3_Ch0_Ch1_IRQHandler
                0x00000478                SWI_IRQHandler
                0x00000478                ADC0_IRQHandler
                0x00000478                FTM2_Ch4_Ch5_IRQHandler
                0x00000478                UsageFault_Handler
                0x00000478                FTM0_Ovf_Reload_IRQHandler
                0x00000478                DefaultISR
                0x00000478                Reserved58_IRQHandler
                0x00000478                CAN1_ORed_0_15_MB_IRQHandler
                0x00000478                FTM1_Ch2_Ch3_IRQHandler
                0x00000478                Reserved82_IRQHandler
                0x00000478                CAN0_ORed_16_31_MB_IRQHandler
                0x00000478                LPI2C0_Slave_IRQHandler
                0x00000478                Reserved71_IRQHandler
                0x00000478                PORTD_IRQHandler
                0x00000478                Reserved69_IRQHandler
                0x00000478                PORTB_IRQHandler
                0x00000478                Reserved70_IRQHandler
                0x00000478                ADC1_IRQHandler
                0x00000478                FTM2_Ch2_Ch3_IRQHandler
                0x00000478                Reserved53_IRQHandler
                0x00000478                RTC_IRQHandler
                0x00000478                PDB0_IRQHandler
                0x00000478                Reserved54_IRQHandler
                0x00000478                FTM2_Ch6_Ch7_IRQHandler
                0x00000478                FTM3_Ch2_Ch3_IRQHandler
                0x00000478                FTM2_Ch0_Ch1_IRQHandler
                0x00000478                LPSPI1_IRQHandler
                0x00000478                LPUART1_RxTx_IRQHandler
                0x00000478                RTC_Seconds_IRQHandler
                0x00000478                Reserved108_IRQHandler
                0x00000478                Reserved72_IRQHandler
                0x00000478                Reserved110_IRQHandler
                0x00000478                Reserved107_IRQHandler
                0x00000478                Read_Collision_IRQHandler
                0x00000478                FTFC_IRQHandler
                0x00000478                FTM1_Ch6_Ch7_IRQHandler
                0x00000478                Reserved105_IRQHandler
                0x00000478                FTM1_Ch4_Ch5_IRQHandler
                0x00000478                LPSPI0_IRQHandler
                0x00000478                WDOG_EWM_IRQHandler
                0x00000478                MemManage_Handler
                0x00000478                Reserved90_IRQHandler
                0x00000478                Reserved83_IRQHandler
                0x00000478                FTM0_Fault_IRQHandler
                0x00000478                Reserved48_IRQHandler
                0x00000478                SVC_Handler
                0x00000478                ERM_single_fault_IRQHandler
                0x00000478                FTM2_Fault_IRQHandler
                0x00000478                FTM0_Ch2_Ch3_IRQHandler
                0x00000478                Reserved109_IRQHandler
                0x00000478                FTM0_Ch0_Ch1_IRQHandler
                0x00000478                FTM3_Fault_IRQHandler
                0x00000478                RCM_IRQHandler
                0x00000478                Reserved100_IRQHandler
                0x00000478                Reserved91_IRQHandler
                0x00000478                CAN1_ORed_IRQHandler
                0x00000478                SCG_IRQHandler
                0x00000478                PDB1_IRQHandler
                0x00000478                Reserved81_IRQHandler
                0x00000478                Reserved46_IRQHandler
                0x00000478                Reserved45_IRQHandler
                0x00000478                CAN0_Error_IRQHandler
                0x00000478                Reserved112_IRQHandler
                0x00000478                LPI2C0_Master_IRQHandler
                0x00000478                FTM1_Fault_IRQHandler
                0x00000478                Reserved106_IRQHandler
                0x00000478                LVD_LVW_IRQHandler
                0x00000478                Reserved51_IRQHandler
                0x00000478                PORTA_IRQHandler
                0x00000478                MCM_IRQHandler
                0x00000478                Reserved44_IRQHandler
                0x00000478                FTM3_Ch4_Ch5_IRQHandler
                0x00000478                CAN0_ORed_0_15_MB_IRQHandler
                0x00000478                PORTE_IRQHandler
                0x00000478                LPUART0_RxTx_IRQHandler
                0x00000478                BusFault_Handler
                0x00000478                Reserved87_IRQHandler
                0x00000478                FTM1_Ovf_Reload_IRQHandler
                0x00000478                Reserved93_IRQHandler
                0x00000478                CAN0_Wake_Up_IRQHandler
                0x00000478                CMP0_IRQHandler
                0x00000478                Reserved52_IRQHandler
                0x00000478                PORTC_IRQHandler
                0x00000478                FTM1_Ch0_Ch1_IRQHandler
                0x00000478                FLEXIO_IRQHandler
                0x00000478                Reserved113_IRQHandler
 .text          0x0000047c       0x30 c:/nxp/s32ds_arm_v2.2/s32ds/build_tools/gcc_v6.3/gcc-6.3-arm32-eabi/bin/../lib/gcc/arm-none-eabi/6.3.1/thumb/v7e-m/fpv4-sp/hard\libgcc.a(_aeabi_uldivmod.o)
                0x0000047c                __aeabi_uldivmod
 .text          0x000004ac      0x2e4 c:/nxp/s32ds_arm_v2.2/s32ds/build_tools/gcc_v6.3/gcc-6.3-arm32-eabi/bin/../lib/gcc/arm-none-eabi/6.3.1/thumb/v7e-m/fpv4-sp/hard\libgcc.a(_udivmoddi4.o)
                0x000004ac                __udivmoddi4
 .text          0x00000790        0x4 c:/nxp/s32ds_arm_v2.2/s32ds/build_tools/gcc_v6.3/gcc-6.3-arm32-eabi/bin/../lib/gcc/arm-none-eabi/6.3.1/thumb/v7e-m/fpv4-sp/hard\libgcc.a(_dvmd_tls.o)
                0x00000790                __aeabi_idiv0
                0x00000790                __aeabi_ldiv0
 *(.text*)
 .text.LED_Red_Toggle
                0x00000794       0x10 ./BaseDriver/Gpio.o
                0x00000794                LED_Red_Toggle
 .text.Power_Off
                0x000007a4       0x14 ./BaseDriver/Gpio.o
                0x000007a4                Power_Off
 .text.Power_On
                0x000007b8       0x14 ./BaseDriver/Gpio.o
                0x000007b8                Power_On
 .text.Lamp_Front_Dis
                0x000007cc       0x10 ./BaseDriver/Gpio.o
                0x000007cc                Lamp_Front_Dis
 .text.Lamp_Rear_Dis
                0x000007dc       0x10 ./BaseDriver/Gpio.o
                0x000007dc                Lamp_Rear_Dis
 .text.Key_Scan
                0x000007ec       0x44 ./BaseDriver/Gpio.o
                0x000007ec                Key_Scan
 .text.GPIO_Init
                0x00000830       0x28 ./BaseDriver/Gpio.o
                0x00000830                GPIO_Init
 .text.Key_State_Result
                0x00000858       0x5c ./BaseDriver/Gpio.o
                0x00000858                Key_State_Result
 .text.Key_Routine
                0x000008b4      0x100 ./BaseDriver/Gpio.o
                0x000008b4                Key_Routine
 .text.Brake_Routine
                0x000009b4       0x3c ./BaseDriver/Gpio.o
                0x000009b4                Brake_Routine
 .text.Timer_Init
                0x000009f0       0x88 ./BaseDriver/Timer.o
                0x000009f0                Timer_Init
 .text.timingLpitInst0_callback
                0x00000a78       0x20 ./BaseDriver/Timer.o
                0x00000a78                timingLpitInst0_callback
 .text.Time_2ms_Tasks
                0x00000a98       0x1c ./BaseDriver/Timer.o
                0x00000a98                Time_2ms_Tasks
 .text.Time_4ms_Tasks
                0x00000ab4       0x60 ./BaseDriver/Timer.o
                0x00000ab4                Time_4ms_Tasks
 .text.Time_8ms_Tasks
                0x00000b14       0x14 ./BaseDriver/Timer.o
                0x00000b14                Time_8ms_Tasks
 .text.timingLptmrInst0_callback
                0x00000b28       0x54 ./BaseDriver/Timer.o
                0x00000b28                timingLptmrInst0_callback
 .text.Uart0_TX_IRQ
                0x00000b7c       0x14 ./BaseDriver/lpuart_LPUART_0.o
                0x00000b7c                Uart0_TX_IRQ
 .text.Uart0_RX_IRQ
                0x00000b90       0x40 ./BaseDriver/lpuart_LPUART_0.o
                0x00000b90                Uart0_RX_IRQ
 .text.start_tx
                0x00000bd0       0x1c ./BaseDriver/lpuart_LPUART_0.o
                0x00000bd0                start_tx
 .text.Init_Uart
                0x00000bec       0x68 ./BaseDriver/lpuart_LPUART_0.o
                0x00000bec                Init_Uart
 .text.SystemInit
                0x00000c54       0x3c ./SDK/platform/devices/S32K142/startup/system_S32K142.o
                0x00000c54                SystemInit
 .text.init_data_bss
                0x00000c90       0xd8 ./SDK/platform/devices/startup.o
                0x00000c90                init_data_bss
 .text.CLOCK_SYS_GetCurrentRunMode
                0x00000d68       0x24 ./SDK/platform/drivers/src/clock/S32K1xx/clock_S32K1xx.o
 .text.CLOCK_SYS_GetSysOscFreq
                0x00000d8c       0x1c ./SDK/platform/drivers/src/clock/S32K1xx/clock_S32K1xx.o
 .text.CLOCK_SYS_ConfigureSOSC
                0x00000da8      0x12c ./SDK/platform/drivers/src/clock/S32K1xx/clock_S32K1xx.o
 .text.CLOCK_SYS_GetSircFreq
                0x00000ed4       0x2c ./SDK/platform/drivers/src/clock/S32K1xx/clock_S32K1xx.o
 .text.CLOCK_SYS_ConfigureSIRC
                0x00000f00       0xc4 ./SDK/platform/drivers/src/clock/S32K1xx/clock_S32K1xx.o
 .text.CLOCK_SYS_GetFircFreq
                0x00000fc4       0x20 ./SDK/platform/drivers/src/clock/S32K1xx/clock_S32K1xx.o
 .text.CLOCK_SYS_ConfigureFIRC
                0x00000fe4       0xb4 ./SDK/platform/drivers/src/clock/S32K1xx/clock_S32K1xx.o
 .text.CLOCK_SYS_GetSysPllFreq
                0x00001098       0x44 ./SDK/platform/drivers/src/clock/S32K1xx/clock_S32K1xx.o
 .text.CLOCK_SYS_ConfigureSPLL
                0x000010dc      0x12c ./SDK/platform/drivers/src/clock/S32K1xx/clock_S32K1xx.o
 .text.CLOCK_SYS_SetSystemClockConfig
                0x00001208      0x204 ./SDK/platform/drivers/src/clock/S32K1xx/clock_S32K1xx.o
 .text.CLOCK_SYS_TransitionSystemClock
                0x0000140c       0x54 ./SDK/platform/drivers/src/clock/S32K1xx/clock_S32K1xx.o
 .text.CLOCK_SYS_GetSystemClockFreq
                0x00001460       0x80 ./SDK/platform/drivers/src/clock/S32K1xx/clock_S32K1xx.o
 .text.CLOCK_SYS_GetScgClkOutFreq
                0x000014e0       0x44 ./SDK/platform/drivers/src/clock/S32K1xx/clock_S32K1xx.o
 .text.CLOCK_SYS_GetSysAsyncFreq
                0x00001524       0xc0 ./SDK/platform/drivers/src/clock/S32K1xx/clock_S32K1xx.o
 .text.CLOCK_SYS_GetSimRtcClkFreq
                0x000015e4       0x50 ./SDK/platform/drivers/src/clock/S32K1xx/clock_S32K1xx.o
 .text.CLOCK_SYS_GetLpoFreq
                0x00001634       0x54 ./SDK/platform/drivers/src/clock/S32K1xx/clock_S32K1xx.o
 .text.CLOCK_SYS_GetSimClkOutFreq
                0x00001688       0x98 ./SDK/platform/drivers/src/clock/S32K1xx/clock_S32K1xx.o
 .text.CLOCK_SYS_GetSimClockFreq
                0x00001720      0x1a4 ./SDK/platform/drivers/src/clock/S32K1xx/clock_S32K1xx.o
 .text.CLOCK_SYS_GetPeripheralClock
                0x000018c4       0xc8 ./SDK/platform/drivers/src/clock/S32K1xx/clock_S32K1xx.o
 .text.CLOCK_DRV_Init
                0x0000198c      0x610 ./SDK/platform/drivers/src/clock/S32K1xx/clock_S32K1xx.o
                0x0000198c                CLOCK_DRV_Init
 .text.CLOCK_DRV_GetFreq
                0x00001f9c      0x1dc ./SDK/platform/drivers/src/clock/S32K1xx/clock_S32K1xx.o
                0x00001f9c                CLOCK_DRV_GetFreq
 .text.CLOCK_SYS_Init
                0x00002178       0x28 ./SDK/platform/drivers/src/clock/S32K1xx/clock_S32K1xx.o
                0x00002178                CLOCK_SYS_Init
 .text.CLOCK_SYS_UpdateConfiguration
                0x000021a0       0xf4 ./SDK/platform/drivers/src/clock/S32K1xx/clock_S32K1xx.o
                0x000021a0                CLOCK_SYS_UpdateConfiguration
 .text.CLOCK_SYS_GetFreq
                0x00002294        0x8 ./SDK/platform/drivers/src/clock/S32K1xx/clock_S32K1xx.o
                0x00002294                CLOCK_SYS_GetFreq
 .text.EDMA_DRV_ClearIntStatus
                0x0000229c       0x20 ./SDK/platform/drivers/src/edma/edma_driver.o
 .text.EDMA_DRV_InstallCallback
                0x000022bc       0x38 ./SDK/platform/drivers/src/edma/edma_driver.o
                0x000022bc                EDMA_DRV_InstallCallback
 .text.EDMA_DRV_IRQHandler
                0x000022f4       0x20 ./SDK/platform/drivers/src/edma/edma_driver.o
                0x000022f4                EDMA_DRV_IRQHandler
 .text.EDMA_DRV_ErrorIRQHandler
                0x00002314       0x40 ./SDK/platform/drivers/src/edma/edma_driver.o
                0x00002314                EDMA_DRV_ErrorIRQHandler
 .text.EDMA_DRV_ConfigSingleBlockTransfer
                0x00002354      0x1f0 ./SDK/platform/drivers/src/edma/edma_driver.o
                0x00002354                EDMA_DRV_ConfigSingleBlockTransfer
 .text.EDMA_DRV_ConfigMultiBlockTransfer
                0x00002544       0x9c ./SDK/platform/drivers/src/edma/edma_driver.o
                0x00002544                EDMA_DRV_ConfigMultiBlockTransfer
 .text.EDMA_DRV_StartChannel
                0x000025e0       0x38 ./SDK/platform/drivers/src/edma/edma_driver.o
                0x000025e0                EDMA_DRV_StartChannel
 .text.EDMA_DRV_StopChannel
                0x00002618       0x38 ./SDK/platform/drivers/src/edma/edma_driver.o
                0x00002618                EDMA_DRV_StopChannel
 .text.EDMA_DRV_SetSrcAddr
                0x00002650       0x34 ./SDK/platform/drivers/src/edma/edma_driver.o
                0x00002650                EDMA_DRV_SetSrcAddr
 .text.EDMA_DRV_SetDestAddr
                0x00002684       0x38 ./SDK/platform/drivers/src/edma/edma_driver.o
                0x00002684                EDMA_DRV_SetDestAddr
 .text.EDMA_DRV_SetMajorLoopIterationCount
                0x000026bc       0x34 ./SDK/platform/drivers/src/edma/edma_driver.o
                0x000026bc                EDMA_DRV_SetMajorLoopIterationCount
 .text.EDMA_DRV_GetDmaRegBaseAddr
                0x000026f0       0x10 ./SDK/platform/drivers/src/edma/edma_driver.o
                0x000026f0                EDMA_DRV_GetDmaRegBaseAddr
 .text.EDMA_SetDmaRequestCmd
                0x00002700        0xa ./SDK/platform/drivers/src/edma/edma_hw_access.o
                0x00002700                EDMA_SetDmaRequestCmd
 .text.EDMA_TCDClearReg
                0x0000270a       0x4a ./SDK/platform/drivers/src/edma/edma_hw_access.o
                0x0000270a                EDMA_TCDClearReg
 .text.EDMA_TCDSetAttribute
                0x00002754       0x38 ./SDK/platform/drivers/src/edma/edma_hw_access.o
                0x00002754                EDMA_TCDSetAttribute
 .text.EDMA_TCDSetNbytes
                0x0000278c       0x64 ./SDK/platform/drivers/src/edma/edma_hw_access.o
                0x0000278c                EDMA_TCDSetNbytes
 .text.EDMA_TCDSetMajorCount
                0x000027f0       0x68 ./SDK/platform/drivers/src/edma/edma_hw_access.o
                0x000027f0                EDMA_TCDSetMajorCount
 .text.DMA0_IRQHandler
                0x00002858        0xa ./SDK/platform/drivers/src/edma/edma_irq.o
                0x00002858                DMA0_IRQHandler
 .text.DMA1_IRQHandler
                0x00002862        0xa ./SDK/platform/drivers/src/edma/edma_irq.o
                0x00002862                DMA1_IRQHandler
 .text.DMA2_IRQHandler
                0x0000286c        0xa ./SDK/platform/drivers/src/edma/edma_irq.o
                0x0000286c                DMA2_IRQHandler
 .text.DMA3_IRQHandler
                0x00002876        0xa ./SDK/platform/drivers/src/edma/edma_irq.o
                0x00002876                DMA3_IRQHandler
 .text.DMA4_IRQHandler
                0x00002880        0xa ./SDK/platform/drivers/src/edma/edma_irq.o
                0x00002880                DMA4_IRQHandler
 .text.DMA5_IRQHandler
                0x0000288a        0xa ./SDK/platform/drivers/src/edma/edma_irq.o
                0x0000288a                DMA5_IRQHandler
 .text.DMA6_IRQHandler
                0x00002894        0xa ./SDK/platform/drivers/src/edma/edma_irq.o
                0x00002894                DMA6_IRQHandler
 .text.DMA7_IRQHandler
                0x0000289e        0xa ./SDK/platform/drivers/src/edma/edma_irq.o
                0x0000289e                DMA7_IRQHandler
 .text.DMA8_IRQHandler
                0x000028a8        0xa ./SDK/platform/drivers/src/edma/edma_irq.o
                0x000028a8                DMA8_IRQHandler
 .text.DMA9_IRQHandler
                0x000028b2        0xa ./SDK/platform/drivers/src/edma/edma_irq.o
                0x000028b2                DMA9_IRQHandler
 .text.DMA10_IRQHandler
                0x000028bc        0xa ./SDK/platform/drivers/src/edma/edma_irq.o
                0x000028bc                DMA10_IRQHandler
 .text.DMA11_IRQHandler
                0x000028c6        0xa ./SDK/platform/drivers/src/edma/edma_irq.o
                0x000028c6                DMA11_IRQHandler
 .text.DMA12_IRQHandler
                0x000028d0        0xa ./SDK/platform/drivers/src/edma/edma_irq.o
                0x000028d0                DMA12_IRQHandler
 .text.DMA13_IRQHandler
                0x000028da        0xa ./SDK/platform/drivers/src/edma/edma_irq.o
                0x000028da                DMA13_IRQHandler
 .text.DMA14_IRQHandler
                0x000028e4        0xa ./SDK/platform/drivers/src/edma/edma_irq.o
                0x000028e4                DMA14_IRQHandler
 .text.DMA15_IRQHandler
                0x000028ee        0xa ./SDK/platform/drivers/src/edma/edma_irq.o
                0x000028ee                DMA15_IRQHandler
 .text.DMA_Error_IRQHandler
                0x000028f8       0x28 ./SDK/platform/drivers/src/edma/edma_irq.o
                0x000028f8                DMA_Error_IRQHandler
 .text.FTM_DRV_SetSync
                0x00002920      0x1c8 ./SDK/platform/drivers/src/ftm/ftm_common.o
                0x00002920                FTM_DRV_SetSync
 .text.FTM_DRV_EnableInterrupts
                0x00002ae8       0xb0 ./SDK/platform/drivers/src/ftm/ftm_common.o
                0x00002ae8                FTM_DRV_EnableInterrupts
 .text.FTM_DRV_DisableInterrupts
                0x00002b98       0xb0 ./SDK/platform/drivers/src/ftm/ftm_common.o
                0x00002b98                FTM_DRV_DisableInterrupts
 .text.FTM_DRV_GetFrequency
                0x00002c48       0x7c ./SDK/platform/drivers/src/ftm/ftm_common.o
                0x00002c48                FTM_DRV_GetFrequency
 .text.FTM_DRV_Init
                0x00002cc4      0x108 ./SDK/platform/drivers/src/ftm/ftm_common.o
                0x00002cc4                FTM_DRV_Init
 .text.FTM_DRV_InitModule
                0x00002dcc       0x18 ./SDK/platform/drivers/src/ftm/ftm_hw_access.o
                0x00002dcc                FTM_DRV_InitModule
 .text.FTM_DRV_Reset
                0x00002de4       0xa0 ./SDK/platform/drivers/src/ftm/ftm_hw_access.o
                0x00002de4                FTM_DRV_Reset
 .text.FTM_DRV_SetChnTriggerCmd
                0x00002e84       0x36 ./SDK/platform/drivers/src/ftm/ftm_hw_access.o
                0x00002e84                FTM_DRV_SetChnTriggerCmd
 *fill*         0x00002eba        0x2 
 .text.FTM_DRV_InitOutputCompare
                0x00002ebc      0x1f4 ./SDK/platform/drivers/src/ftm/ftm_oc_driver.o
                0x00002ebc                FTM_DRV_InitOutputCompare
 .text.FTM_DRV_UpdateOutputCompareChannel
                0x000030b0       0x74 ./SDK/platform/drivers/src/ftm/ftm_oc_driver.o
                0x000030b0                FTM_DRV_UpdateOutputCompareChannel
 .text.INT_SYS_InstallHandler
                0x00003124       0x60 ./SDK/platform/drivers/src/interrupt/interrupt_manager.o
                0x00003124                INT_SYS_InstallHandler
 .text.INT_SYS_EnableIRQ
                0x00003184       0x28 ./SDK/platform/drivers/src/interrupt/interrupt_manager.o
                0x00003184                INT_SYS_EnableIRQ
 .text.INT_SYS_DisableIRQ
                0x000031ac       0x2c ./SDK/platform/drivers/src/interrupt/interrupt_manager.o
                0x000031ac                INT_SYS_DisableIRQ
 .text.INT_SYS_EnableIRQGlobal
                0x000031d8       0x1c ./SDK/platform/drivers/src/interrupt/interrupt_manager.o
                0x000031d8                INT_SYS_EnableIRQGlobal
 .text.INT_SYS_DisableIRQGlobal
                0x000031f4       0x10 ./SDK/platform/drivers/src/interrupt/interrupt_manager.o
                0x000031f4                INT_SYS_DisableIRQGlobal
 .text.LPIT_DRV_Init
                0x00003204       0xcc ./SDK/platform/drivers/src/lpit/lpit_driver.o
                0x00003204                LPIT_DRV_Init
 .text.LPIT_DRV_StartTimerChannels
                0x000032d0       0x1c ./SDK/platform/drivers/src/lpit/lpit_driver.o
                0x000032d0                LPIT_DRV_StartTimerChannels
 .text.LPIT_DRV_StopTimerChannels
                0x000032ec       0x1c ./SDK/platform/drivers/src/lpit/lpit_driver.o
                0x000032ec                LPIT_DRV_StopTimerChannels
 .text.LPIT_DRV_SetTimerPeriodByUs
                0x00003308       0xc8 ./SDK/platform/drivers/src/lpit/lpit_driver.o
                0x00003308                LPIT_DRV_SetTimerPeriodByUs
 .text.LPIT_DRV_SetTimerPeriodByCount
                0x000033d0       0x1c ./SDK/platform/drivers/src/lpit/lpit_driver.o
                0x000033d0                LPIT_DRV_SetTimerPeriodByCount
 .text.LPIT_DRV_InitChannel
                0x000033ec      0x19c ./SDK/platform/drivers/src/lpit/lpit_driver.o
                0x000033ec                LPIT_DRV_InitChannel
 .text.LPIT_DRV_ClearInterruptFlagTimerChannels
                0x00003588       0x1c ./SDK/platform/drivers/src/lpit/lpit_driver.o
                0x00003588                LPIT_DRV_ClearInterruptFlagTimerChannels
 .text.lptmr_GetClkFreq
                0x000035a4       0x50 ./SDK/platform/drivers/src/lptmr/lptmr_driver.o
 .text.LPTMR_DRV_SetConfig
                0x000035f4      0x244 ./SDK/platform/drivers/src/lptmr/lptmr_driver.o
                0x000035f4                LPTMR_DRV_SetConfig
 .text.LPTMR_DRV_Init
                0x00003838       0x2c ./SDK/platform/drivers/src/lptmr/lptmr_driver.o
                0x00003838                LPTMR_DRV_Init
 .text.LPTMR_DRV_SetCompareValueByCount
                0x00003864       0x7c ./SDK/platform/drivers/src/lptmr/lptmr_driver.o
                0x00003864                LPTMR_DRV_SetCompareValueByCount
 .text.LPTMR_DRV_ClearCompareFlag
                0x000038e0       0x18 ./SDK/platform/drivers/src/lptmr/lptmr_driver.o
                0x000038e0                LPTMR_DRV_ClearCompareFlag
 .text.LPTMR_DRV_StartCounter
                0x000038f8       0x48 ./SDK/platform/drivers/src/lptmr/lptmr_driver.o
                0x000038f8                LPTMR_DRV_StartCounter
 .text.LPTMR_DRV_StopCounter
                0x00003940       0x18 ./SDK/platform/drivers/src/lptmr/lptmr_driver.o
                0x00003940                LPTMR_DRV_StopCounter
 .text.LPTMR_Init
                0x00003958       0x18 ./SDK/platform/drivers/src/lptmr/lptmr_hw_access.o
                0x00003958                LPTMR_Init
 .text.LPUART_DRV_StartSendDataUsingInt
                0x00003970       0x7c ./SDK/platform/drivers/src/lpuart/lpuart_driver.o
 .text.LPUART_DRV_StartSendDataUsingDma
                0x000039ec       0x94 ./SDK/platform/drivers/src/lpuart/lpuart_driver.o
 .text.LPUART_DRV_CompleteSendDataUsingInt
                0x00003a80       0x6c ./SDK/platform/drivers/src/lpuart/lpuart_driver.o
 .text.LPUART_DRV_StopTxDma
                0x00003aec       0x64 ./SDK/platform/drivers/src/lpuart/lpuart_driver.o
 .text.LPUART_DRV_TxDmaCallback
                0x00003b50       0x74 ./SDK/platform/drivers/src/lpuart/lpuart_driver.o
 .text.LPUART_DRV_PutData
                0x00003bc4       0x44 ./SDK/platform/drivers/src/lpuart/lpuart_driver.o
 .text.LPUART_DRV_StartReceiveDataUsingInt
                0x00003c08       0x84 ./SDK/platform/drivers/src/lpuart/lpuart_driver.o
 .text.LPUART_DRV_StartReceiveDataUsingDma
                0x00003c8c       0xa8 ./SDK/platform/drivers/src/lpuart/lpuart_driver.o
 .text.LPUART_DRV_CompleteReceiveDataUsingInt
                0x00003d34       0x68 ./SDK/platform/drivers/src/lpuart/lpuart_driver.o
 .text.LPUART_DRV_StopRxDma
                0x00003d9c       0x64 ./SDK/platform/drivers/src/lpuart/lpuart_driver.o
 .text.LPUART_DRV_RxDmaCallback
                0x00003e00       0xa4 ./SDK/platform/drivers/src/lpuart/lpuart_driver.o
 .text.LPUART_DRV_GetData
                0x00003ea4       0x60 ./SDK/platform/drivers/src/lpuart/lpuart_driver.o
 .text.LPUART_DRV_InstallRxCallback
                0x00003f04       0x1c ./SDK/platform/drivers/src/lpuart/lpuart_driver.o
                0x00003f04                LPUART_DRV_InstallRxCallback
 .text.LPUART_DRV_InstallTxCallback
                0x00003f20       0x1c ./SDK/platform/drivers/src/lpuart/lpuart_driver.o
                0x00003f20                LPUART_DRV_InstallTxCallback
 .text.LPUART_DRV_SendData
                0x00003f3c       0x3c ./SDK/platform/drivers/src/lpuart/lpuart_driver.o
                0x00003f3c                LPUART_DRV_SendData
 .text.LPUART_DRV_ReceiveData
                0x00003f78       0x3c ./SDK/platform/drivers/src/lpuart/lpuart_driver.o
                0x00003f78                LPUART_DRV_ReceiveData
 .text.LPUART_DRV_SetBaudRate
                0x00003fb4      0x10c ./SDK/platform/drivers/src/lpuart/lpuart_driver.o
                0x00003fb4                LPUART_DRV_SetBaudRate
 .text.LPUART_DRV_Init
                0x000040c0      0x138 ./SDK/platform/drivers/src/lpuart/lpuart_driver.o
                0x000040c0                LPUART_DRV_Init
 .text.LPUART_DRV_SetRxBuffer
                0x000041f8       0x28 ./SDK/platform/drivers/src/lpuart/lpuart_driver.o
                0x000041f8                LPUART_DRV_SetRxBuffer
 .text.LPUART_DRV_IRQHandler
                0x00004220      0x274 ./SDK/platform/drivers/src/lpuart/lpuart_driver.o
                0x00004220                LPUART_DRV_IRQHandler
 .text.LPUART_Init
                0x00004494       0x24 ./SDK/platform/drivers/src/lpuart/lpuart_hw_access.o
                0x00004494                LPUART_Init
 .text.LPUART_SetBitCountPerChar
                0x000044b8       0x30 ./SDK/platform/drivers/src/lpuart/lpuart_hw_access.o
                0x000044b8                LPUART_SetBitCountPerChar
 .text.LPUART_SetParityMode
                0x000044e8       0x1e ./SDK/platform/drivers/src/lpuart/lpuart_hw_access.o
                0x000044e8                LPUART_SetParityMode
 .text.LPUART_Putchar9
                0x00004506       0x16 ./SDK/platform/drivers/src/lpuart/lpuart_hw_access.o
                0x00004506                LPUART_Putchar9
 .text.LPUART_Putchar10
                0x0000451c       0x22 ./SDK/platform/drivers/src/lpuart/lpuart_hw_access.o
                0x0000451c                LPUART_Putchar10
 .text.LPUART_Getchar9
                0x0000453e       0x1e ./SDK/platform/drivers/src/lpuart/lpuart_hw_access.o
                0x0000453e                LPUART_Getchar9
 .text.LPUART_Getchar10
                0x0000455c       0x26 ./SDK/platform/drivers/src/lpuart/lpuart_hw_access.o
                0x0000455c                LPUART_Getchar10
 .text.LPUART_SetIntMode
                0x00004582       0x70 ./SDK/platform/drivers/src/lpuart/lpuart_hw_access.o
                0x00004582                LPUART_SetIntMode
 .text.LPUART_GetIntMode
                0x000045f2       0x4a ./SDK/platform/drivers/src/lpuart/lpuart_hw_access.o
                0x000045f2                LPUART_GetIntMode
 .text.LPUART_GetStatusFlag
                0x0000463c       0x48 ./SDK/platform/drivers/src/lpuart/lpuart_hw_access.o
                0x0000463c                LPUART_GetStatusFlag
 .text.LPUART_SetErrorInterrupts
                0x00004684       0x40 ./SDK/platform/drivers/src/lpuart/lpuart_hw_access.o
                0x00004684                LPUART_SetErrorInterrupts
 .text.LPUART0_IrqHandler
                0x000046c4        0xa ./SDK/platform/drivers/src/lpuart/lpuart_irq.o
                0x000046c4                LPUART0_IrqHandler
 .text.LPUART1_IrqHandler
                0x000046ce        0xa ./SDK/platform/drivers/src/lpuart/lpuart_irq.o
                0x000046ce                LPUART1_IrqHandler
 .text.PINS_DRV_Init
                0x000046d8       0x20 ./SDK/platform/drivers/src/pins/pins_driver.o
                0x000046d8                PINS_DRV_Init
 .text.PINS_DRV_SetPins
                0x000046f8        0x4 ./SDK/platform/drivers/src/pins/pins_driver.o
                0x000046f8                PINS_DRV_SetPins
 .text.PINS_DRV_ClearPins
                0x000046fc        0x4 ./SDK/platform/drivers/src/pins/pins_driver.o
                0x000046fc                PINS_DRV_ClearPins
 .text.PINS_DRV_TogglePins
                0x00004700        0x4 ./SDK/platform/drivers/src/pins/pins_driver.o
                0x00004700                PINS_DRV_TogglePins
 .text.PINS_DRV_ReadPins
                0x00004704        0x4 ./SDK/platform/drivers/src/pins/pins_driver.o
                0x00004704                PINS_DRV_ReadPins
 .text.PINS_GetAdcInterleaveVal
                0x00004708       0x70 ./SDK/platform/drivers/src/pins/pins_port_hw_access.o
 .text.PINS_Init
                0x00004778      0x138 ./SDK/platform/drivers/src/pins/pins_port_hw_access.o
                0x00004778                PINS_Init
 .text.FTM0_Ch0_Ch1_IrqHandler
                0x000048b0       0x3c ./SDK/platform/pal/src/timing/timing_irq.o
                0x000048b0                FTM0_Ch0_Ch1_IrqHandler
 .text.FTM0_Ch2_Ch3_IrqHandler
                0x000048ec       0x3c ./SDK/platform/pal/src/timing/timing_irq.o
                0x000048ec                FTM0_Ch2_Ch3_IrqHandler
 .text.FTM0_Ch4_Ch5_IrqHandler
                0x00004928       0x3c ./SDK/platform/pal/src/timing/timing_irq.o
                0x00004928                FTM0_Ch4_Ch5_IrqHandler
 .text.FTM0_Ch6_Ch7_IrqHandler
                0x00004964       0x3c ./SDK/platform/pal/src/timing/timing_irq.o
                0x00004964                FTM0_Ch6_Ch7_IrqHandler
 .text.FTM1_Ch0_Ch1_IrqHandler
                0x000049a0       0x3c ./SDK/platform/pal/src/timing/timing_irq.o
                0x000049a0                FTM1_Ch0_Ch1_IrqHandler
 .text.FTM1_Ch2_Ch3_IrqHandler
                0x000049dc       0x3c ./SDK/platform/pal/src/timing/timing_irq.o
                0x000049dc                FTM1_Ch2_Ch3_IrqHandler
 .text.FTM1_Ch4_Ch5_IrqHandler
                0x00004a18       0x3c ./SDK/platform/pal/src/timing/timing_irq.o
                0x00004a18                FTM1_Ch4_Ch5_IrqHandler
 .text.FTM1_Ch6_Ch7_IrqHandler
                0x00004a54       0x3c ./SDK/platform/pal/src/timing/timing_irq.o
                0x00004a54                FTM1_Ch6_Ch7_IrqHandler
 .text.FTM2_Ch0_Ch1_IrqHandler
                0x00004a90       0x3c ./SDK/platform/pal/src/timing/timing_irq.o
                0x00004a90                FTM2_Ch0_Ch1_IrqHandler
 .text.FTM2_Ch2_Ch3_IrqHandler
                0x00004acc       0x3c ./SDK/platform/pal/src/timing/timing_irq.o
                0x00004acc                FTM2_Ch2_Ch3_IrqHandler
 .text.FTM2_Ch4_Ch5_IrqHandler
                0x00004b08       0x3c ./SDK/platform/pal/src/timing/timing_irq.o
                0x00004b08                FTM2_Ch4_Ch5_IrqHandler
 .text.FTM2_Ch6_Ch7_IrqHandler
                0x00004b44       0x3c ./SDK/platform/pal/src/timing/timing_irq.o
                0x00004b44                FTM2_Ch6_Ch7_IrqHandler
 .text.FTM3_Ch0_Ch1_IrqHandler
                0x00004b80       0x3c ./SDK/platform/pal/src/timing/timing_irq.o
                0x00004b80                FTM3_Ch0_Ch1_IrqHandler
 .text.FTM3_Ch2_Ch3_IrqHandler
                0x00004bbc       0x3c ./SDK/platform/pal/src/timing/timing_irq.o
                0x00004bbc                FTM3_Ch2_Ch3_IrqHandler
 .text.FTM3_Ch4_Ch5_IrqHandler
                0x00004bf8       0x3c ./SDK/platform/pal/src/timing/timing_irq.o
                0x00004bf8                FTM3_Ch4_Ch5_IrqHandler
 .text.FTM3_Ch6_Ch7_IrqHandler
                0x00004c34       0x3c ./SDK/platform/pal/src/timing/timing_irq.o
                0x00004c34                FTM3_Ch6_Ch7_IrqHandler
 .text.LPIT0_Ch0_IRQHandler
                0x00004c70        0xc ./SDK/platform/pal/src/timing/timing_irq.o
                0x00004c70                LPIT0_Ch0_IRQHandler
 .text.LPIT0_Ch1_IRQHandler
                0x00004c7c        0xc ./SDK/platform/pal/src/timing/timing_irq.o
                0x00004c7c                LPIT0_Ch1_IRQHandler
 .text.LPIT0_Ch2_IRQHandler
                0x00004c88        0xc ./SDK/platform/pal/src/timing/timing_irq.o
                0x00004c88                LPIT0_Ch2_IRQHandler
 .text.LPIT0_Ch3_IRQHandler
                0x00004c94        0xc ./SDK/platform/pal/src/timing/timing_irq.o
                0x00004c94                LPIT0_Ch3_IRQHandler
 .text.LPTMR0_IRQHandler
                0x00004ca0        0xc ./SDK/platform/pal/src/timing/timing_irq.o
                0x00004ca0                LPTMR0_IRQHandler
 .text.TIMING_GetLptmrFreq
                0x00004cac       0x60 ./SDK/platform/pal/src/timing/timing_pal.o
 .text.TIMING_Init
                0x00004d0c      0x30c ./SDK/platform/pal/src/timing/timing_pal.o
                0x00004d0c                TIMING_Init
 .text.TIMING_StartChannel
                0x00005018      0x150 ./SDK/platform/pal/src/timing/timing_pal.o
                0x00005018                TIMING_StartChannel
 .text.TIMING_GetResolution
                0x00005168      0x150 ./SDK/platform/pal/src/timing/timing_pal.o
                0x00005168                TIMING_GetResolution
 .text.TIMING_Lpit_IrqHandler
                0x000052b8       0x90 ./SDK/platform/pal/src/timing/timing_pal.o
                0x000052b8                TIMING_Lpit_IrqHandler
 .text.TIMING_Lptmr_IrqHandler
                0x00005348       0x68 ./SDK/platform/pal/src/timing/timing_pal.o
                0x00005348                TIMING_Lptmr_IrqHandler
 .text.TIMING_Ftm_IrqHandler
                0x000053b0      0x100 ./SDK/platform/pal/src/timing/timing_pal.o
                0x000053b0                TIMING_Ftm_IrqHandler
 .text.SysTick_Handler
                0x000054b0       0x10 ./SDK/rtos/osif/osif_baremetal.o
                0x000054b0                SysTick_Handler
 .text.OSIF_SemaPost
                0x000054c0       0x2c ./SDK/rtos/osif/osif_baremetal.o
                0x000054c0                OSIF_SemaPost
 .text.OSIF_SemaCreate
                0x000054ec       0x1a ./SDK/rtos/osif/osif_baremetal.o
                0x000054ec                OSIF_SemaCreate
 *fill*         0x00005506        0x2 
 .text.main     0x00005508       0x34 ./src/main.o
                0x00005508                main
 .text.Init_Motor_Control
                0x0000553c       0x7c ./src/motor_control.o
                0x0000553c                Init_Motor_Control
 .text.MC_do_speed_control
                0x000055b8       0x70 ./src/motor_control.o
                0x000055b8                MC_do_speed_control
 .text.MC_Set_Speed
                0x00005628       0x2c ./src/motor_control.o
                0x00005628                MC_Set_Speed
 .text.isin     0x00005654       0x3c ./src/motor_control.o
                0x00005654                isin
 .text.recip_sqrt
                0x00005690       0x58 ./src/motor_control.o
                0x00005690                recip_sqrt
 .text.limit_magnitude
                0x000056e8       0x74 ./src/motor_control.o
                0x000056e8                limit_magnitude
 .text.MC_do_position
                0x0000575c       0xe8 ./src/motor_control.o
                0x0000575c                MC_do_position
 .text.MC_do_current_control
                0x00005844      0x1bc ./src/motor_control.o
                0x00005844                MC_do_current_control
 .text.FTM3_Ovf_Reload_IRQHandler
                0x00005a00      0x27c ./src/pwm_isr.o
                0x00005a00                FTM3_Ovf_Reload_IRQHandler
 .text.memcpy   0x00005c7c       0x16 C:/NXP/S32DS_ARM_v2.2/S32DS/build_tools/gcc_v6.3/gcc-6.3-arm32-eabi/arm-none-eabi/newlib/lib/thumb/v7e-m/fpv4-sp/hard\libc_nano.a(lib_a-memcpy-stub.o)
                0x00005c7c                memcpy
 *(.rodata)
 *(.rodata*)
 *fill*         0x00005c92        0x2 
 .rodata.lpUartInitConfig1
                0x00005c94        0xc ./BaseDriver/lpuart_LPUART_0.o
                0x00005c94                lpUartInitConfig1
 .rodata.clockNameMappings
                0x00005ca0       0x98 ./SDK/platform/drivers/src/clock/S32K1xx/clock_S32K1xx.o
                0x00005ca0                clockNameMappings
 .rodata.maxSysClksInHSRUN.7652
                0x00005d38       0x54 ./SDK/platform/drivers/src/clock/S32K1xx/clock_S32K1xx.o
 .rodata.maxSysClksInRUN.7651
                0x00005d8c       0x54 ./SDK/platform/drivers/src/clock/S32K1xx/clock_S32K1xx.o
 .rodata.maxSysClksInVLPR.7650
                0x00005de0       0x54 ./SDK/platform/drivers/src/clock/S32K1xx/clock_S32K1xx.o
 .rodata.peripheralFeaturesList
                0x00005e34       0x4c ./SDK/platform/drivers/src/clock/S32K1xx/clock_S32K1xx.o
                0x00005e34                peripheralFeaturesList
 .rodata.g_ftmBase
                0x00005e80       0x10 ./SDK/platform/drivers/src/ftm/ftm_common.o
                0x00005e80                g_ftmBase
 .rodata.g_ftmExtClockSel
                0x00005e90        0x4 ./SDK/platform/drivers/src/ftm/ftm_common.o
 .rodata.g_ftmFaultIrqId
                0x00005e94        0x4 ./SDK/platform/drivers/src/ftm/ftm_common.o
                0x00005e94                g_ftmFaultIrqId
 .rodata.g_ftmIrqId
                0x00005e98       0x20 ./SDK/platform/drivers/src/ftm/ftm_common.o
                0x00005e98                g_ftmIrqId
 .rodata.g_ftmOverflowIrqId
                0x00005eb8        0x4 ./SDK/platform/drivers/src/ftm/ftm_common.o
                0x00005eb8                g_ftmOverflowIrqId
 .rodata.g_ftmReloadIrqId
                0x00005ebc        0x4 ./SDK/platform/drivers/src/ftm/ftm_common.o
                0x00005ebc                g_ftmReloadIrqId
 .rodata.s_lpuartBase
                0x00005ec0        0x8 ./SDK/platform/drivers/src/lpuart/lpuart_driver.o
 .rodata.s_lpuartClkNames
                0x00005ec8        0x2 ./SDK/platform/drivers/src/lpuart/lpuart_driver.o
 *fill*         0x00005eca        0x2 
 .rodata.s_lpuartRxTxIrqId
                0x00005ecc        0x2 ./SDK/platform/drivers/src/lpuart/lpuart_driver.o
 *fill*         0x00005ece        0x2 
 .rodata.s_timingOverFtmIsr
                0x00005ed0       0x80 ./SDK/platform/pal/src/timing/timing_irq.o
                0x00005ed0                s_timingOverFtmIsr
 .rodata.ftmBase
                0x00005f50       0x10 ./SDK/platform/pal/src/timing/timing_pal.o
                0x00005f50                ftmBase
 .rodata.s_ftmIrq
                0x00005f60       0x20 ./SDK/platform/pal/src/timing/timing_pal.o
 .rodata.s_lpitIrq
                0x00005f80        0x4 ./SDK/platform/pal/src/timing/timing_pal.o
 .rodata.timingLpitInst0
                0x00005f84        0x8 ./board/peripherals_timing_pal_1.o
                0x00005f84                timingLpitInst0
 .rodata.timingLpitInst0_chanConfig
                0x00005f8c        0xc ./board/peripherals_timing_pal_1.o
                0x00005f8c                timingLpitInst0_chanConfig
 .rodata.timingLpit_InitConfig0
                0x00005f98        0xc ./board/peripherals_timing_pal_1.o
                0x00005f98                timingLpit_InitConfig0
 .rodata.timingLptmrInst0
                0x00005fa4        0x8 ./board/peripherals_timing_pal_2.o
                0x00005fa4                timingLptmrInst0
 .rodata.timingLptmrInst0_chanConfig
                0x00005fac        0xc ./board/peripherals_timing_pal_2.o
                0x00005fac                timingLptmrInst0_chanConfig
 .rodata.timingLptmr_InitConfig0
                0x00005fb8        0xc ./board/peripherals_timing_pal_2.o
                0x00005fb8                timingLptmr_InitConfig0
 .rodata.hall_to_theta
                0x00005fc4       0x10 ./src/motor_control.o
 *(.init)
 .init          0x00005fd4        0x4 c:/nxp/s32ds_arm_v2.2/s32ds/build_tools/gcc_v6.3/gcc-6.3-arm32-eabi/bin/../lib/gcc/arm-none-eabi/6.3.1/thumb/v7e-m/fpv4-sp/hard/crti.o
                0x00005fd4                _init
 *(.fini)
 .fini          0x00005fd8        0x4 c:/nxp/s32ds_arm_v2.2/s32ds/build_tools/gcc_v6.3/gcc-6.3-arm32-eabi/bin/../lib/gcc/arm-none-eabi/6.3.1/thumb/v7e-m/fpv4-sp/hard/crti.o
                0x00005fd8                _fini
 *(.eh_frame)
                0x00005fdc                . = ALIGN (0x4)

.glue_7         0x00005fdc        0x0
 .glue_7        0x00005fdc        0x0 linker stubs

.glue_7t        0x00005fdc        0x0
 .glue_7t       0x00005fdc        0x0 linker stubs

.vfp11_veneer   0x00005fdc        0x0
 .vfp11_veneer  0x00005fdc        0x0 linker stubs

.v4_bx          0x00005fdc        0x0
 .v4_bx         0x00005fdc        0x0 linker stubs

.iplt           0x00005fdc        0x0
 .iplt          0x00005fdc        0x0 c:/nxp/s32ds_arm_v2.2/s32ds/build_tools/gcc_v6.3/gcc-6.3-arm32-eabi/bin/../lib/gcc/arm-none-eabi/6.3.1/thumb/v7e-m/fpv4-sp/hard/crtbegin.o

.ARM            0x00005fdc        0x8
                0x00005fdc                __exidx_start = .
 *(.ARM.exidx*)
 .ARM.exidx     0x00005fdc        0x8 c:/nxp/s32ds_arm_v2.2/s32ds/build_tools/gcc_v6.3/gcc-6.3-arm32-eabi/bin/../lib/gcc/arm-none-eabi/6.3.1/thumb/v7e-m/fpv4-sp/hard\libgcc.a(_udivmoddi4.o)
                0x00005fe4                __exidx_end = .
                0x00005fe4                __etext = .
                0x00005fe4                __DATA_ROM = .

.rel.dyn        0x00005fe4        0x0
 .rel.iplt      0x00005fe4        0x0 c:/nxp/s32ds_arm_v2.2/s32ds/build_tools/gcc_v6.3/gcc-6.3-arm32-eabi/bin/../lib/gcc/arm-none-eabi/6.3.1/thumb/v7e-m/fpv4-sp/hard/crtbegin.o

.interrupts_ram
                0x1fffc000      0x400
                0x1fffc000                . = ALIGN (0x4)
                0x1fffc000                __VECTOR_RAM__ = .
                0x1fffc000                __RAM_START = .
                0x1fffc000                __interrupts_ram_start__ = .
 *(.m_interrupts_ram)
                0x1fffc400                . = (. + M_VECTOR_RAM_SIZE)
 *fill*         0x1fffc000      0x400 
                0x1fffc400                . = ALIGN (0x4)
                0x1fffc400                __interrupts_ram_end__ = .
                0x1fffc000                __VECTOR_RAM = DEFINED (__flash_vector_table__)?ORIGIN (m_interrupts):__VECTOR_RAM__
                0x00000400                __RAM_VECTOR_TABLE_SIZE = DEFINED (__flash_vector_table__)?0x0:(__interrupts_ram_end__ - __interrupts_ram_start__)

.data           0x1fffc400      0x2a8 load address 0x00005fe4
                0x1fffc400                . = ALIGN (0x4)
                0x1fffc400                __DATA_RAM = .
                0x1fffc400                __data_start__ = .
 *(.data)
 *(.data*)
 .data.s2_scan_ll
                0x1fffc400        0x2 ./BaseDriver/Gpio.o
                0x1fffc400                s2_scan_ll
 *fill*         0x1fffc402        0x2 
 .data.peripheralClockConfig.7379
                0x1fffc404       0x91 ./SDK/platform/drivers/src/clock/S32K1xx/clock_S32K1xx.o
 *fill*         0x1fffc495        0x3 
 .data.g_lpuartIsr
                0x1fffc498        0x8 ./SDK/platform/drivers/src/lpuart/lpuart_irq.o
                0x1fffc498                g_lpuartIsr
 .data.clockMan1_InitConfig0
                0x1fffc4a0       0x88 ./board/clock_config.o
                0x1fffc4a0                clockMan1_InitConfig0
 .data.g_clockManConfigsArr
                0x1fffc528        0x4 ./board/clock_config.o
                0x1fffc528                g_clockManConfigsArr
 .data.peripheralClockConfig0
                0x1fffc52c       0x91 ./board/clock_config.o
                0x1fffc52c                peripheralClockConfig0
 *fill*         0x1fffc5bd        0x3 
 .data.timingLptmrInst0_extension
                0x1fffc5c0        0x3 ./board/peripherals_timing_pal_2.o
                0x1fffc5c0                timingLptmrInst0_extension
 *fill*         0x1fffc5c3        0x1 
 .data.g_pin_mux_InitConfigArr0
                0x1fffc5c4       0xc0 ./board/pin_mux.o
                0x1fffc5c4                g_pin_mux_InitConfigArr0
 .data.ADC0_channels
                0x1fffc684       0x24 ./src/pwm_isr.o
                0x1fffc684                ADC0_channels
                0x1fffc6a8                . = ALIGN (0x4)
                0x1fffc6a8                __data_end__ = .
                0x0000628c                __DATA_END = (__DATA_ROM + (__data_end__ - __data_start__))
                0x0000628c                __CODE_ROM = __DATA_END

.igot.plt       0x1fffc6a8        0x0 load address 0x0000628c
 .igot.plt      0x1fffc6a8        0x0 c:/nxp/s32ds_arm_v2.2/s32ds/build_tools/gcc_v6.3/gcc-6.3-arm32-eabi/bin/../lib/gcc/arm-none-eabi/6.3.1/thumb/v7e-m/fpv4-sp/hard/crtbegin.o

.code           0x1fffc6a8        0x0 load address 0x0000628c
                0x1fffc6a8                . = ALIGN (0x4)
                0x1fffc6a8                __CODE_RAM = .
                0x1fffc6a8                __code_start__ = .
                0x1fffc6a8                __code_ram_start__ = .
 *(.code_ram)
                0x1fffc6a8                . = ALIGN (0x4)
                0x1fffc6a8                __code_end__ = .
                0x1fffc6a8                __code_ram_end__ = .
                0x0000628c                __CODE_END = (__CODE_ROM + (__code_end__ - __code_start__))
                0x0000628c                __CUSTOM_ROM = __CODE_END

.customSectionBlock
                0x20000000        0x0 load address 0x0000628c
                0x20000000                __customSection_start__ = .
 *(.customSection)
                0x20000000                __customSection_end__ = .
                0x0000628c                __CUSTOM_END = (__CUSTOM_ROM + (__customSection_end__ - __customSection_start__))
                0x0000628c                __rom_end = __CUSTOM_END

.bss            0x20000000      0x91c
                0x20000000                . = ALIGN (0x4)
                0x20000000                __BSS_START = .
                0x20000000                __bss_start__ = .
 *(.bss)
 *(.bss*)
 .bss.tr0_idx   0x20000000        0x1 ./BaseDriver/lpuart_LPUART_0.o
                0x20000000                tr0_idx
 .bss.tx0_length
                0x20000001        0x1 ./BaseDriver/lpuart_LPUART_0.o
                0x20000001                tx0_length
 *fill*         0x20000002        0x2 
 .bss.g_clockState
                0x20000004       0x10 ./SDK/platform/drivers/src/clock/S32K1xx/clock_S32K1xx.o
 .bss.s_virtEdmaState
                0x20000014        0x4 ./SDK/platform/drivers/src/edma/edma_driver.o
 .bss.ftmStatePtr
                0x20000018       0x10 ./SDK/platform/drivers/src/ftm/ftm_common.o
                0x20000018                ftmStatePtr
 .bss.g_interruptDisableCount
                0x20000028        0x4 ./SDK/platform/drivers/src/interrupt/interrupt_manager.o
 .bss.s_lpitSourceClockFrequency
                0x2000002c        0x4 ./SDK/platform/drivers/src/lpit/lpit_driver.o
 .bss.s_lpuartStatePtr
                0x20000030        0x8 ./SDK/platform/drivers/src/lpuart/lpuart_driver.o
 .bss.ftmState.7745
                0x20000038      0x190 ./SDK/platform/pal/src/timing/timing_pal.o
 .bss.s_ftmState
                0x200001c8      0x300 ./SDK/platform/pal/src/timing/timing_pal.o
 .bss.s_lpitState
                0x200004c8       0x60 ./SDK/platform/pal/src/timing/timing_pal.o
 .bss.s_lptmrBypassPrescaler
                0x20000528        0x1 ./SDK/platform/pal/src/timing/timing_pal.o
 *fill*         0x20000529        0x3 
 .bss.s_lptmrClockSource
                0x2000052c        0x1 ./SDK/platform/pal/src/timing/timing_pal.o
 *fill*         0x2000052d        0x3 
 .bss.s_lptmrPrescaler
                0x20000530        0x1 ./SDK/platform/pal/src/timing/timing_pal.o
 *fill*         0x20000531        0x3 
 .bss.s_lptmrState
                0x20000534       0x18 ./SDK/platform/pal/src/timing/timing_pal.o
 .bss.s_osif_tick_cnt
                0x2000054c        0x4 ./SDK/rtos/osif/osif_baremetal.o
 .bss.g_clockManCallbacksArr
                0x20000550        0x4 ./board/clock_config.o
                0x20000550                g_clockManCallbacksArr
 .bss.a.6145    0x20000554        0x2 ./src/pwm_isr.o
 *fill*         0x20000556        0x2 
 .bss.adc_reader
                0x20000558        0x4 ./src/pwm_isr.o
                0x20000558                adc_reader
 .bss.x.6138    0x2000055c        0x2 ./src/pwm_isr.o
 .bss.x.6144    0x2000055e        0x2 ./src/pwm_isr.o
 *(COMMON)
 COMMON         0x20000560       0x14 ./BaseDriver/Gpio.o
                0x20000560                s2_scan
                0x20000562                s2_Falling
                0x20000564                s2_ap_ll
                0x20000566                s2_Rising
                0x20000568                s2_8ms
                0x2000056a                s2_ap
                0x2000056c                key_info
 COMMON         0x20000574        0xc ./BaseDriver/Timer.o
                0x20000574                timer_500us
                0x20000578                timer_10us
                0x2000057c                LED_4ms
 COMMON         0x20000580       0x4a ./BaseDriver/adc.o
                0x20000580                ADC_filter_state
                0x200005a4                ADC_results
                0x200005b8                ADC_filtered
 *fill*         0x200005ca        0x2 
 COMMON         0x200005cc      0x239 ./BaseDriver/lpuart_LPUART_0.o
                0x200005cc                tx0_2ms
                0x200005d0                tx0_buf
                0x200006d0                tr0_buf
                0x200007d0                lpUartState1
                0x20000804                tr0_2ms
 *fill*         0x20000805        0x3 
 COMMON         0x20000808       0x14 ./SDK/platform/drivers/src/clock/S32K1xx/clock_S32K1xx.o
                0x20000808                g_xtal0ClkFreq
                0x2000080c                g_RtcClkInFreq
                0x20000810                g_TClkFreq
 COMMON         0x2000081c       0x20 ./SDK/platform/pal/src/timing/timing_pal.o
                0x2000081c                g_ftmChannelRunning
 COMMON         0x2000083c       0x46 ./src/e-bike_app.o
                0x2000083c                Speed_Value_lst
                0x2000083e                Candence_Out_500us
                0x20000840                hallcode
                0x20000844                Speed_Mil_Hr
                0x20000848                Speed_Cnt_500us
                0x2000084a                Candence_Out_Value
                0x2000084c                Speed_Value
                0x2000084e                MT_State
                0x20000850                Candence_In_Value
                0x20000854                EB_APP_ST
                0x20000880                Candence_In_500us
 *fill*         0x20000882        0x2 
 COMMON         0x20000884       0x90 ./src/motor_control.o
                0x20000884                M1A
                0x20000888                M1B
                0x2000088c                M1
                0x200008d0                M2
 COMMON         0x20000914        0x8 ./src/pwm_isr.o
                0x20000914                pot2
                0x20000918                pot1
                0x2000091c                . = ALIGN (0x4)
                0x2000091c                __bss_end__ = .
                0x2000091c                __BSS_END = .

.heap           0x2000091c      0x404
                0x20000920                . = ALIGN (0x8)
 *fill*         0x2000091c        0x4 
                0x20000920                __end__ = .
                0x20000920                __heap_start__ = .
                [!provide]                PROVIDE (end, .)
                [!provide]                PROVIDE (_end, .)
                [!provide]                PROVIDE (__end, .)
                0x20000920                __HeapBase = .
                0x20000d20                . = (. + HEAP_SIZE)
 *fill*         0x20000920      0x400 
                0x20000d20                __HeapLimit = .
                0x20000d20                __heap_limit = .
                0x20000d20                __heap_end__ = .
                0x20003000                __StackTop = (ORIGIN (m_data_2) + LENGTH (m_data_2))
                0x20002c00                __StackLimit = (__StackTop - STACK_SIZE)
                0x20003000                PROVIDE (__stack, __StackTop)
                0x20003000                __RAM_END = __StackTop

.stack          0x20002c00      0x400
                0x20002c00                . = ALIGN (0x8)
                0x20002c00                __stack_start__ = .
                0x20003000                . = (. + STACK_SIZE)
 *fill*         0x20002c00      0x400 
                0x20003000                __stack_end__ = .

.ARM.attributes
                0x00000000       0x30
 *(.ARM.attributes)
 .ARM.attributes
                0x00000000       0x22 c:/nxp/s32ds_arm_v2.2/s32ds/build_tools/gcc_v6.3/gcc-6.3-arm32-eabi/bin/../lib/gcc/arm-none-eabi/6.3.1/thumb/v7e-m/fpv4-sp/hard/crti.o
 .ARM.attributes
                0x00000022       0x39 ./BaseDriver/Gpio.o
 .ARM.attributes
                0x0000005b       0x39 ./BaseDriver/Timer.o
 .ARM.attributes
                0x00000094       0x39 ./BaseDriver/adc.o
 .ARM.attributes
                0x000000cd       0x39 ./BaseDriver/lpuart_LPUART_0.o
 .ARM.attributes
                0x00000106       0x1f ./Project_Settings/Startup_Code/startup_S32K142.o
 .ARM.attributes
                0x00000125       0x39 ./SDK/platform/devices/S32K142/startup/system_S32K142.o
 .ARM.attributes
                0x0000015e       0x39 ./SDK/platform/devices/startup.o
 .ARM.attributes
                0x00000197       0x39 ./SDK/platform/drivers/src/clock/S32K1xx/clock_S32K1xx.o
 .ARM.attributes
                0x000001d0       0x39 ./SDK/platform/drivers/src/edma/edma_driver.o
 .ARM.attributes
                0x00000209       0x39 ./SDK/platform/drivers/src/edma/edma_hw_access.o
 .ARM.attributes
                0x00000242       0x39 ./SDK/platform/drivers/src/edma/edma_irq.o
 .ARM.attributes
                0x0000027b       0x39 ./SDK/platform/drivers/src/ftm/ftm_common.o
 .ARM.attributes
                0x000002b4       0x39 ./SDK/platform/drivers/src/ftm/ftm_hw_access.o
 .ARM.attributes
                0x000002ed       0x39 ./SDK/platform/drivers/src/ftm/ftm_oc_driver.o
 .ARM.attributes
                0x00000326       0x39 ./SDK/platform/drivers/src/interrupt/interrupt_manager.o
 .ARM.attributes
                0x0000035f       0x39 ./SDK/platform/drivers/src/lpit/lpit_driver.o
 .ARM.attributes
                0x00000398       0x39 ./SDK/platform/drivers/src/lptmr/lptmr_driver.o
 .ARM.attributes
                0x000003d1       0x39 ./SDK/platform/drivers/src/lptmr/lptmr_hw_access.o
 .ARM.attributes
                0x0000040a       0x39 ./SDK/platform/drivers/src/lpuart/lpuart_driver.o
 .ARM.attributes
                0x00000443       0x39 ./SDK/platform/drivers/src/lpuart/lpuart_hw_access.o
 .ARM.attributes
                0x0000047c       0x39 ./SDK/platform/drivers/src/lpuart/lpuart_irq.o
 .ARM.attributes
                0x000004b5       0x39 ./SDK/platform/drivers/src/pins/pins_driver.o
 .ARM.attributes
                0x000004ee       0x39 ./SDK/platform/drivers/src/pins/pins_port_hw_access.o
 .ARM.attributes
                0x00000527       0x39 ./SDK/platform/pal/src/timing/timing_irq.o
 .ARM.attributes
                0x00000560       0x39 ./SDK/platform/pal/src/timing/timing_pal.o
 .ARM.attributes
                0x00000599       0x39 ./SDK/rtos/osif/osif_baremetal.o
 .ARM.attributes
                0x000005d2       0x39 ./board/clock_config.o
 .ARM.attributes
                0x0000060b       0x39 ./board/peripherals_timing_pal_1.o
 .ARM.attributes
                0x00000644       0x39 ./board/peripherals_timing_pal_2.o
 .ARM.attributes
                0x0000067d       0x39 ./board/pin_mux.o
 .ARM.attributes
                0x000006b6       0x39 ./src/e-bike_app.o
 .ARM.attributes
                0x000006ef       0x39 ./src/main.o
 .ARM.attributes
                0x00000728       0x39 ./src/motor_control.o
 .ARM.attributes
                0x00000761       0x39 ./src/pwm_isr.o
 .ARM.attributes
                0x0000079a       0x22 c:/nxp/s32ds_arm_v2.2/s32ds/build_tools/gcc_v6.3/gcc-6.3-arm32-eabi/bin/../lib/gcc/arm-none-eabi/6.3.1/thumb/v7e-m/fpv4-sp/hard\libgcc.a(_aeabi_uldivmod.o)
 .ARM.attributes
                0x000007bc       0x34 c:/nxp/s32ds_arm_v2.2/s32ds/build_tools/gcc_v6.3/gcc-6.3-arm32-eabi/bin/../lib/gcc/arm-none-eabi/6.3.1/thumb/v7e-m/fpv4-sp/hard\libgcc.a(_udivmoddi4.o)
 .ARM.attributes
                0x000007f0       0x22 c:/nxp/s32ds_arm_v2.2/s32ds/build_tools/gcc_v6.3/gcc-6.3-arm32-eabi/bin/../lib/gcc/arm-none-eabi/6.3.1/thumb/v7e-m/fpv4-sp/hard\libgcc.a(_dvmd_tls.o)
 .ARM.attributes
                0x00000812       0x34 C:/NXP/S32DS_ARM_v2.2/S32DS/build_tools/gcc_v6.3/gcc-6.3-arm32-eabi/arm-none-eabi/newlib/lib/thumb/v7e-m/fpv4-sp/hard\libc_nano.a(lib_a-memcpy-stub.o)
                0x00000001                ASSERT ((__rom_end <= (ORIGIN (m_text) + LENGTH (m_text))), Region m_text overflowed!)
                0x00000001                ASSERT ((__StackLimit >= __HeapLimit), region m_data_2 overflowed with stack and heap)
OUTPUT(EBike_Main.elf elf32-littlearm)

.debug_info     0x00000000    0x35667
 .debug_info    0x00000000     0x31d4 ./BaseDriver/Gpio.o
 .debug_info    0x000031d4     0x3163 ./BaseDriver/Timer.o
 .debug_info    0x00006337      0x35c ./BaseDriver/adc.o
 .debug_info    0x00006693      0x863 ./BaseDriver/lpuart_LPUART_0.o
 .debug_info    0x00006ef6       0x26 ./Project_Settings/Startup_Code/startup_S32K142.o
 .debug_info    0x00006f1c      0x525 ./SDK/platform/devices/S32K142/startup/system_S32K142.o
 .debug_info    0x00007441      0x2b1 ./SDK/platform/devices/startup.o
 .debug_info    0x000076f2     0x6366 ./SDK/platform/drivers/src/clock/S32K1xx/clock_S32K1xx.o
 .debug_info    0x0000da58     0x4853 ./SDK/platform/drivers/src/edma/edma_driver.o
 .debug_info    0x000122ab      0xa56 ./SDK/platform/drivers/src/edma/edma_hw_access.o
 .debug_info    0x00012d01      0x6de ./SDK/platform/drivers/src/edma/edma_irq.o
 .debug_info    0x000133df     0x308a ./SDK/platform/drivers/src/ftm/ftm_common.o
 .debug_info    0x00016469      0xa0c ./SDK/platform/drivers/src/ftm/ftm_hw_access.o
 .debug_info    0x00016e75     0x1655 ./SDK/platform/drivers/src/ftm/ftm_oc_driver.o
 .debug_info    0x000184ca      0xc7e ./SDK/platform/drivers/src/interrupt/interrupt_manager.o
 .debug_info    0x00019148     0x2110 ./SDK/platform/drivers/src/lpit/lpit_driver.o
 .debug_info    0x0001b258     0x293f ./SDK/platform/drivers/src/lptmr/lptmr_driver.o
 .debug_info    0x0001db97      0x150 ./SDK/platform/drivers/src/lptmr/lptmr_hw_access.o
 .debug_info    0x0001dce7     0x3732 ./SDK/platform/drivers/src/lpuart/lpuart_driver.o
 .debug_info    0x00021419      0x9bf ./SDK/platform/drivers/src/lpuart/lpuart_hw_access.o
 .debug_info    0x00021dd8      0x106 ./SDK/platform/drivers/src/lpuart/lpuart_irq.o
 .debug_info    0x00021ede     0x14bb ./SDK/platform/drivers/src/pins/pins_driver.o
 .debug_info    0x00023399      0x9a9 ./SDK/platform/drivers/src/pins/pins_port_hw_access.o
 .debug_info    0x00023d42     0x14ee ./SDK/platform/pal/src/timing/timing_irq.o
 .debug_info    0x00025230     0x311b ./SDK/platform/pal/src/timing/timing_pal.o
 .debug_info    0x0002834b      0xbc0 ./SDK/rtos/osif/osif_baremetal.o
 .debug_info    0x00028f0b     0x12a7 ./board/clock_config.o
 .debug_info    0x0002a1b2      0x91b ./board/peripherals_timing_pal_1.o
 .debug_info    0x0002aacd      0xa13 ./board/peripherals_timing_pal_2.o
 .debug_info    0x0002b4e0     0x2e79 ./board/pin_mux.o
 .debug_info    0x0002e359     0x3015 ./src/e-bike_app.o
 .debug_info    0x0003136e     0x2f50 ./src/main.o
 .debug_info    0x000342be      0xa00 ./src/motor_control.o
 .debug_info    0x00034cbe      0x9a9 ./src/pwm_isr.o

.debug_abbrev   0x00000000     0x4ac8
 .debug_abbrev  0x00000000      0x263 ./BaseDriver/Gpio.o
 .debug_abbrev  0x00000263      0x325 ./BaseDriver/Timer.o
 .debug_abbrev  0x00000588       0xfe ./BaseDriver/adc.o
 .debug_abbrev  0x00000686      0x182 ./BaseDriver/lpuart_LPUART_0.o
 .debug_abbrev  0x00000808       0x14 ./Project_Settings/Startup_Code/startup_S32K142.o
 .debug_abbrev  0x0000081c      0x143 ./SDK/platform/devices/S32K142/startup/system_S32K142.o
 .debug_abbrev  0x0000095f       0xe3 ./SDK/platform/devices/startup.o
 .debug_abbrev  0x00000a42      0x40b ./SDK/platform/drivers/src/clock/S32K1xx/clock_S32K1xx.o
 .debug_abbrev  0x00000e4d      0x414 ./SDK/platform/drivers/src/edma/edma_driver.o
 .debug_abbrev  0x00001261      0x242 ./SDK/platform/drivers/src/edma/edma_hw_access.o
 .debug_abbrev  0x000014a3      0x1bb ./SDK/platform/drivers/src/edma/edma_irq.o
 .debug_abbrev  0x0000165e      0x39c ./SDK/platform/drivers/src/ftm/ftm_common.o
 .debug_abbrev  0x000019fa      0x1e2 ./SDK/platform/drivers/src/ftm/ftm_hw_access.o
 .debug_abbrev  0x00001bdc      0x297 ./SDK/platform/drivers/src/ftm/ftm_oc_driver.o
 .debug_abbrev  0x00001e73      0x27a ./SDK/platform/drivers/src/interrupt/interrupt_manager.o
 .debug_abbrev  0x000020ed      0x390 ./SDK/platform/drivers/src/lpit/lpit_driver.o
 .debug_abbrev  0x0000247d      0x36a ./SDK/platform/drivers/src/lptmr/lptmr_driver.o
 .debug_abbrev  0x000027e7       0xe6 ./SDK/platform/drivers/src/lptmr/lptmr_hw_access.o
 .debug_abbrev  0x000028cd      0x3ad ./SDK/platform/drivers/src/lpuart/lpuart_driver.o
 .debug_abbrev  0x00002c7a      0x1ef ./SDK/platform/drivers/src/lpuart/lpuart_hw_access.o
 .debug_abbrev  0x00002e69       0xbc ./SDK/platform/drivers/src/lpuart/lpuart_irq.o
 .debug_abbrev  0x00002f25      0x2f8 ./SDK/platform/drivers/src/pins/pins_driver.o
 .debug_abbrev  0x0000321d      0x234 ./SDK/platform/drivers/src/pins/pins_port_hw_access.o
 .debug_abbrev  0x00003451      0x20b ./SDK/platform/pal/src/timing/timing_irq.o
 .debug_abbrev  0x0000365c      0x3c9 ./SDK/platform/pal/src/timing/timing_pal.o
 .debug_abbrev  0x00003a25      0x2e1 ./SDK/rtos/osif/osif_baremetal.o
 .debug_abbrev  0x00003d06      0x125 ./board/clock_config.o
 .debug_abbrev  0x00003e2b      0x13f ./board/peripherals_timing_pal_1.o
 .debug_abbrev  0x00003f6a      0x13f ./board/peripherals_timing_pal_2.o
 .debug_abbrev  0x000040a9      0x1dc ./board/pin_mux.o
 .debug_abbrev  0x00004285      0x209 ./src/e-bike_app.o
 .debug_abbrev  0x0000448e      0x246 ./src/main.o
 .debug_abbrev  0x000046d4      0x260 ./src/motor_control.o
 .debug_abbrev  0x00004934      0x194 ./src/pwm_isr.o

.debug_aranges  0x00000000      0xe20
 .debug_aranges
                0x00000000       0x90 ./BaseDriver/Gpio.o
 .debug_aranges
                0x00000090       0x58 ./BaseDriver/Timer.o
 .debug_aranges
                0x000000e8       0x20 ./BaseDriver/adc.o
 .debug_aranges
                0x00000108       0x38 ./BaseDriver/lpuart_LPUART_0.o
 .debug_aranges
                0x00000140       0x20 ./Project_Settings/Startup_Code/startup_S32K142.o
 .debug_aranges
                0x00000160       0x30 ./SDK/platform/devices/S32K142/startup/system_S32K142.o
 .debug_aranges
                0x00000190       0x20 ./SDK/platform/devices/startup.o
 .debug_aranges
                0x000001b0      0x128 ./SDK/platform/drivers/src/clock/S32K1xx/clock_S32K1xx.o
 .debug_aranges
                0x000002d8      0x140 ./SDK/platform/drivers/src/edma/edma_driver.o
 .debug_aranges
                0x00000418       0x88 ./SDK/platform/drivers/src/edma/edma_hw_access.o
 .debug_aranges
                0x000004a0       0xa0 ./SDK/platform/drivers/src/edma/edma_irq.o
 .debug_aranges
                0x00000540       0xc8 ./SDK/platform/drivers/src/ftm/ftm_common.o
 .debug_aranges
                0x00000608       0x38 ./SDK/platform/drivers/src/ftm/ftm_hw_access.o
 .debug_aranges
                0x00000640       0x30 ./SDK/platform/drivers/src/ftm/ftm_oc_driver.o
 .debug_aranges
                0x00000670       0x70 ./SDK/platform/drivers/src/interrupt/interrupt_manager.o
 .debug_aranges
                0x000006e0       0xb0 ./SDK/platform/drivers/src/lpit/lpit_driver.o
 .debug_aranges
                0x00000790       0xa8 ./SDK/platform/drivers/src/lptmr/lptmr_driver.o
 .debug_aranges
                0x00000838       0x20 ./SDK/platform/drivers/src/lptmr/lptmr_hw_access.o
 .debug_aranges
                0x00000858      0x118 ./SDK/platform/drivers/src/lpuart/lpuart_driver.o
 .debug_aranges
                0x00000970       0x78 ./SDK/platform/drivers/src/lpuart/lpuart_hw_access.o
 .debug_aranges
                0x000009e8       0x28 ./SDK/platform/drivers/src/lpuart/lpuart_irq.o
 .debug_aranges
                0x00000a10       0xe0 ./SDK/platform/drivers/src/pins/pins_driver.o
 .debug_aranges
                0x00000af0       0x40 ./SDK/platform/drivers/src/pins/pins_port_hw_access.o
 .debug_aranges
                0x00000b30       0xc0 ./SDK/platform/pal/src/timing/timing_irq.o
 .debug_aranges
                0x00000bf0       0x90 ./SDK/platform/pal/src/timing/timing_pal.o
 .debug_aranges
                0x00000c80       0x70 ./SDK/rtos/osif/osif_baremetal.o
 .debug_aranges
                0x00000cf0       0x18 ./board/clock_config.o
 .debug_aranges
                0x00000d08       0x18 ./board/peripherals_timing_pal_1.o
 .debug_aranges
                0x00000d20       0x18 ./board/peripherals_timing_pal_2.o
 .debug_aranges
                0x00000d38       0x18 ./board/pin_mux.o
 .debug_aranges
                0x00000d50       0x20 ./src/e-bike_app.o
 .debug_aranges
                0x00000d70       0x20 ./src/main.o
 .debug_aranges
                0x00000d90       0x70 ./src/motor_control.o
 .debug_aranges
                0x00000e00       0x20 ./src/pwm_isr.o

.debug_ranges   0x00000000     0x15c8
 .debug_ranges  0x00000000       0x80 ./BaseDriver/Gpio.o
 .debug_ranges  0x00000080       0x48 ./BaseDriver/Timer.o
 .debug_ranges  0x000000c8       0x10 ./BaseDriver/adc.o
 .debug_ranges  0x000000d8       0x28 ./BaseDriver/lpuart_LPUART_0.o
 .debug_ranges  0x00000100       0x20 ./SDK/platform/devices/S32K142/startup/system_S32K142.o
 .debug_ranges  0x00000120       0x10 ./SDK/platform/devices/startup.o
 .debug_ranges  0x00000130      0x468 ./SDK/platform/drivers/src/clock/S32K1xx/clock_S32K1xx.o
 .debug_ranges  0x00000598      0x190 ./SDK/platform/drivers/src/edma/edma_driver.o
 .debug_ranges  0x00000728       0x90 ./SDK/platform/drivers/src/edma/edma_hw_access.o
 .debug_ranges  0x000007b8       0x90 ./SDK/platform/drivers/src/edma/edma_irq.o
 .debug_ranges  0x00000848      0x230 ./SDK/platform/drivers/src/ftm/ftm_common.o
 .debug_ranges  0x00000a78       0x28 ./SDK/platform/drivers/src/ftm/ftm_hw_access.o
 .debug_ranges  0x00000aa0      0x228 ./SDK/platform/drivers/src/ftm/ftm_oc_driver.o
 .debug_ranges  0x00000cc8       0x98 ./SDK/platform/drivers/src/interrupt/interrupt_manager.o
 .debug_ranges  0x00000d60       0xe8 ./SDK/platform/drivers/src/lpit/lpit_driver.o
 .debug_ranges  0x00000e48      0x150 ./SDK/platform/drivers/src/lptmr/lptmr_driver.o
 .debug_ranges  0x00000f98       0x10 ./SDK/platform/drivers/src/lptmr/lptmr_hw_access.o
 .debug_ranges  0x00000fa8      0x180 ./SDK/platform/drivers/src/lpuart/lpuart_driver.o
 .debug_ranges  0x00001128       0x68 ./SDK/platform/drivers/src/lpuart/lpuart_hw_access.o
 .debug_ranges  0x00001190       0x18 ./SDK/platform/drivers/src/lpuart/lpuart_irq.o
 .debug_ranges  0x000011a8       0xd0 ./SDK/platform/drivers/src/pins/pins_driver.o
 .debug_ranges  0x00001278       0x48 ./SDK/platform/drivers/src/pins/pins_port_hw_access.o
 .debug_ranges  0x000012c0       0xb0 ./SDK/platform/pal/src/timing/timing_irq.o
 .debug_ranges  0x00001370      0x118 ./SDK/platform/pal/src/timing/timing_pal.o
 .debug_ranges  0x00001488       0x98 ./SDK/rtos/osif/osif_baremetal.o
 .debug_ranges  0x00001520       0x10 ./src/e-bike_app.o
 .debug_ranges  0x00001530       0x10 ./src/main.o
 .debug_ranges  0x00001540       0x78 ./src/motor_control.o
 .debug_ranges  0x000015b8       0x10 ./src/pwm_isr.o

.debug_macro    0x00000000    0x22dbd
 .debug_macro   0x00000000      0x2b1 ./BaseDriver/Gpio.o
 .debug_macro   0x000002b1      0x8d4 ./BaseDriver/Gpio.o
 .debug_macro   0x00000b85       0x22 ./BaseDriver/Gpio.o
 .debug_macro   0x00000ba7       0x4f ./BaseDriver/Gpio.o
 .debug_macro   0x00000bf6       0x51 ./BaseDriver/Gpio.o
 .debug_macro   0x00000c47       0xef ./BaseDriver/Gpio.o
 .debug_macro   0x00000d36       0x6a ./BaseDriver/Gpio.o
 .debug_macro   0x00000da0      0x1df ./BaseDriver/Gpio.o
 .debug_macro   0x00000f7f       0x52 ./BaseDriver/Gpio.o
 .debug_macro   0x00000fd1       0x3c ./BaseDriver/Gpio.o
 .debug_macro   0x0000100d       0x9c ./BaseDriver/Gpio.o
 .debug_macro   0x000010a9      0x16d ./BaseDriver/Gpio.o
 .debug_macro   0x00001216       0x52 ./BaseDriver/Gpio.o
 .debug_macro   0x00001268       0x1f ./BaseDriver/Gpio.o
 .debug_macro   0x00001287       0x43 ./BaseDriver/Gpio.o
 .debug_macro   0x000012ca       0x20 ./BaseDriver/Gpio.o
 .debug_macro   0x000012ea      0x1a3 ./BaseDriver/Gpio.o
 .debug_macro   0x0000148d      0x330 ./BaseDriver/Gpio.o
 .debug_macro   0x000017bd       0x10 ./BaseDriver/Gpio.o
 .debug_macro   0x000017cd       0x35 ./BaseDriver/Gpio.o
 .debug_macro   0x00001802       0x10 ./BaseDriver/Gpio.o
 .debug_macro   0x00001812       0x79 ./BaseDriver/Gpio.o
 .debug_macro   0x0000188b     0xeeee ./BaseDriver/Gpio.o
 .debug_macro   0x00010779      0xba6 ./BaseDriver/Gpio.o
 .debug_macro   0x0001131f       0x22 ./BaseDriver/Gpio.o
 .debug_macro   0x00011341       0x8a ./BaseDriver/Gpio.o
 .debug_macro   0x000113cb       0x16 ./BaseDriver/Gpio.o
 .debug_macro   0x000113e1       0x16 ./BaseDriver/Gpio.o
 .debug_macro   0x000113f7       0x10 ./BaseDriver/Gpio.o
 .debug_macro   0x00011407       0x1c ./BaseDriver/Gpio.o
 .debug_macro   0x00011423       0x16 ./BaseDriver/Gpio.o
 .debug_macro   0x00011439       0xcc ./BaseDriver/Gpio.o
 .debug_macro   0x00011505       0x10 ./BaseDriver/Gpio.o
 .debug_macro   0x00011515       0x10 ./BaseDriver/Gpio.o
 .debug_macro   0x00011525       0x28 ./BaseDriver/Gpio.o
 .debug_macro   0x0001154d       0x40 ./BaseDriver/Gpio.o
 .debug_macro   0x0001158d       0xbe ./BaseDriver/Gpio.o
 .debug_macro   0x0001164b      0x2b1 ./BaseDriver/Timer.o
 .debug_macro   0x000118fc       0x7a ./BaseDriver/adc.o
 .debug_macro   0x00011976       0x16 ./BaseDriver/adc.o
 .debug_macro   0x0001198c     0xeedc ./BaseDriver/adc.o
 .debug_macro   0x00020868       0x22 ./BaseDriver/adc.o
 .debug_macro   0x0002088a      0x108 ./BaseDriver/lpuart_LPUART_0.o
 .debug_macro   0x00020992       0xb5 ./SDK/platform/devices/S32K142/startup/system_S32K142.o
 .debug_macro   0x00020a47       0x28 ./SDK/platform/devices/S32K142/startup/system_S32K142.o
 .debug_macro   0x00020a6f       0xb6 ./SDK/platform/devices/startup.o
 .debug_macro   0x00020b25       0x40 ./SDK/platform/devices/startup.o
 .debug_macro   0x00020b65      0x2af ./SDK/platform/drivers/src/clock/S32K1xx/clock_S32K1xx.o
 .debug_macro   0x00020e14       0x16 ./SDK/platform/drivers/src/clock/S32K1xx/clock_S32K1xx.o
 .debug_macro   0x00020e2a       0xf7 ./SDK/platform/drivers/src/edma/edma_driver.o
 .debug_macro   0x00020f21       0x10 ./SDK/platform/drivers/src/edma/edma_driver.o
 .debug_macro   0x00020f31       0xcc ./SDK/platform/drivers/src/edma/edma_hw_access.o
 .debug_macro   0x00020ffd       0xd0 ./SDK/platform/drivers/src/edma/edma_irq.o
 .debug_macro   0x000210cd      0x10d ./SDK/platform/drivers/src/ftm/ftm_common.o
 .debug_macro   0x000211da      0x106 ./SDK/platform/drivers/src/ftm/ftm_hw_access.o
 .debug_macro   0x000212e0      0x11b ./SDK/platform/drivers/src/ftm/ftm_oc_driver.o
 .debug_macro   0x000213fb       0xc9 ./SDK/platform/drivers/src/interrupt/interrupt_manager.o
 .debug_macro   0x000214c4       0xf7 ./SDK/platform/drivers/src/lpit/lpit_driver.o
 .debug_macro   0x000215bb       0xf0 ./SDK/platform/drivers/src/lptmr/lptmr_driver.o
 .debug_macro   0x000216ab       0xc7 ./SDK/platform/drivers/src/lptmr/lptmr_hw_access.o
 .debug_macro   0x00021772      0x130 ./SDK/platform/drivers/src/lpuart/lpuart_driver.o
 .debug_macro   0x000218a2       0x34 ./SDK/platform/drivers/src/lpuart/lpuart_driver.o
 .debug_macro   0x000218d6      0x108 ./SDK/platform/drivers/src/lpuart/lpuart_hw_access.o
 .debug_macro   0x000219de       0xc0 ./SDK/platform/drivers/src/lpuart/lpuart_irq.o
 .debug_macro   0x00021a9e       0xdd ./SDK/platform/drivers/src/pins/pins_driver.o
 .debug_macro   0x00021b7b       0xdd ./SDK/platform/drivers/src/pins/pins_port_hw_access.o
 .debug_macro   0x00021c58      0x130 ./SDK/platform/pal/src/timing/timing_irq.o
 .debug_macro   0x00021d88      0x170 ./SDK/platform/pal/src/timing/timing_pal.o
 .debug_macro   0x00021ef8       0xfb ./SDK/rtos/osif/osif_baremetal.o
 .debug_macro   0x00021ff3       0xd8 ./board/clock_config.o
 .debug_macro   0x000220cb      0x128 ./board/peripherals_timing_pal_1.o
 .debug_macro   0x000221f3      0x128 ./board/peripherals_timing_pal_2.o
 .debug_macro   0x0002231b      0x2ba ./board/pin_mux.o
 .debug_macro   0x000225d5      0x2b1 ./src/e-bike_app.o
 .debug_macro   0x00022886       0xc4 ./src/e-bike_app.o
 .debug_macro   0x0002294a       0x3a ./src/e-bike_app.o
 .debug_macro   0x00022984      0x2a7 ./src/main.o
 .debug_macro   0x00022c2b       0xf2 ./src/motor_control.o
 .debug_macro   0x00022d1d       0xa0 ./src/pwm_isr.o

.debug_line     0x00000000     0xe4ad
 .debug_line    0x00000000      0x840 ./BaseDriver/Gpio.o
 .debug_line    0x00000840      0x7d1 ./BaseDriver/Timer.o
 .debug_line    0x00001011      0x28d ./BaseDriver/adc.o
 .debug_line    0x0000129e      0x480 ./BaseDriver/lpuart_LPUART_0.o
 .debug_line    0x0000171e       0x8f ./Project_Settings/Startup_Code/startup_S32K142.o
 .debug_line    0x000017ad      0x3ba ./SDK/platform/devices/S32K142/startup/system_S32K142.o
 .debug_line    0x00001b67      0x32f ./SDK/platform/devices/startup.o
 .debug_line    0x00001e96     0x14ce ./SDK/platform/drivers/src/clock/S32K1xx/clock_S32K1xx.o
 .debug_line    0x00003364     0x1048 ./SDK/platform/drivers/src/edma/edma_driver.o
 .debug_line    0x000043ac      0x596 ./SDK/platform/drivers/src/edma/edma_hw_access.o
 .debug_line    0x00004942      0x4fd ./SDK/platform/drivers/src/edma/edma_irq.o
 .debug_line    0x00004e3f      0xa7f ./SDK/platform/drivers/src/ftm/ftm_common.o
 .debug_line    0x000058be      0x514 ./SDK/platform/drivers/src/ftm/ftm_hw_access.o
 .debug_line    0x00005dd2      0x693 ./SDK/platform/drivers/src/ftm/ftm_oc_driver.o
 .debug_line    0x00006465      0x528 ./SDK/platform/drivers/src/interrupt/interrupt_manager.o
 .debug_line    0x0000698d      0x87c ./SDK/platform/drivers/src/lpit/lpit_driver.o
 .debug_line    0x00007209      0x9bc ./SDK/platform/drivers/src/lptmr/lptmr_driver.o
 .debug_line    0x00007bc5      0x3e4 ./SDK/platform/drivers/src/lptmr/lptmr_hw_access.o
 .debug_line    0x00007fa9      0xde0 ./SDK/platform/drivers/src/lpuart/lpuart_driver.o
 .debug_line    0x00008d89      0x5c9 ./SDK/platform/drivers/src/lpuart/lpuart_hw_access.o
 .debug_line    0x00009352      0x3c8 ./SDK/platform/drivers/src/lpuart/lpuart_irq.o
 .debug_line    0x0000971a      0x66f ./SDK/platform/drivers/src/pins/pins_driver.o
 .debug_line    0x00009d89      0x52e ./SDK/platform/drivers/src/pins/pins_port_hw_access.o
 .debug_line    0x0000a2b7      0x7d4 ./SDK/platform/pal/src/timing/timing_irq.o
 .debug_line    0x0000aa8b      0xb01 ./SDK/platform/pal/src/timing/timing_pal.o
 .debug_line    0x0000b58c      0x5b5 ./SDK/rtos/osif/osif_baremetal.o
 .debug_line    0x0000bb41      0x3e8 ./board/clock_config.o
 .debug_line    0x0000bf29      0x4a2 ./board/peripherals_timing_pal_1.o
 .debug_line    0x0000c3cb      0x4a2 ./board/peripherals_timing_pal_2.o
 .debug_line    0x0000c86d      0x6f4 ./board/pin_mux.o
 .debug_line    0x0000cf61      0x707 ./src/e-bike_app.o
 .debug_line    0x0000d668      0x700 ./src/main.o
 .debug_line    0x0000dd68      0x406 ./src/motor_control.o
 .debug_line    0x0000e16e      0x33f ./src/pwm_isr.o

.debug_str      0x00000000    0x797a6
 .debug_str     0x00000000    0x70ee8 ./BaseDriver/Gpio.o
                              0x714b0 (size before relaxing)
 .debug_str     0x00070ee8      0x15a ./BaseDriver/Timer.o
                              0x7150f (size before relaxing)
 .debug_str     0x00071042      0x1e1 ./BaseDriver/adc.o
                              0x63b66 (size before relaxing)
 .debug_str     0x00071223       0xf5 ./BaseDriver/lpuart_LPUART_0.o
                              0x6a372 (size before relaxing)
 .debug_str     0x00071318       0x3f ./Project_Settings/Startup_Code/startup_S32K142.o
                                 0x67 (size before relaxing)
 .debug_str     0x00071357      0x264 ./SDK/platform/devices/S32K142/startup/system_S32K142.o
                              0x6954e (size before relaxing)
 .debug_str     0x000715bb      0x367 ./SDK/platform/devices/startup.o
                              0x696c0 (size before relaxing)
 .debug_str     0x00071922     0x239d ./SDK/platform/drivers/src/clock/S32K1xx/clock_S32K1xx.o
                              0x6d839 (size before relaxing)
 .debug_str     0x00073cbf     0x11ff ./SDK/platform/drivers/src/edma/edma_driver.o
                              0x6c3b6 (size before relaxing)
 .debug_str     0x00074ebe       0x46 ./SDK/platform/drivers/src/edma/edma_hw_access.o
                              0x69c1f (size before relaxing)
 .debug_str     0x00074f04      0x162 ./SDK/platform/drivers/src/edma/edma_irq.o
                              0x6992a (size before relaxing)
 .debug_str     0x00075066      0xe2e ./SDK/platform/drivers/src/ftm/ftm_common.o
                              0x6c5c0 (size before relaxing)
 .debug_str     0x00075e94       0xa7 ./SDK/platform/drivers/src/ftm/ftm_hw_access.o
                              0x6abf1 (size before relaxing)
 .debug_str     0x00075f3b      0x35c ./SDK/platform/drivers/src/ftm/ftm_oc_driver.o
                              0x6b746 (size before relaxing)
 .debug_str     0x00076297      0x18e ./SDK/platform/drivers/src/interrupt/interrupt_manager.o
                              0x69df5 (size before relaxing)
 .debug_str     0x00076425      0x83f ./SDK/platform/drivers/src/lpit/lpit_driver.o
                              0x6b2ce (size before relaxing)
 .debug_str     0x00076c64      0x81c ./SDK/platform/drivers/src/lptmr/lptmr_driver.o
                              0x6af84 (size before relaxing)
 .debug_str     0x00077480       0x34 ./SDK/platform/drivers/src/lptmr/lptmr_hw_access.o
                              0x6961d (size before relaxing)
 .debug_str     0x000774b4      0xb43 ./SDK/platform/drivers/src/lpuart/lpuart_driver.o
                              0x6bba4 (size before relaxing)
 .debug_str     0x00077ff7       0xc4 ./SDK/platform/drivers/src/lpuart/lpuart_hw_access.o
                              0x6a5ce (size before relaxing)
 .debug_str     0x000780bb       0x56 ./SDK/platform/drivers/src/lpuart/lpuart_irq.o
                              0x69326 (size before relaxing)
 .debug_str     0x00078111      0x5b6 ./SDK/platform/drivers/src/pins/pins_driver.o
                              0x6a81c (size before relaxing)
 .debug_str     0x000786c7      0x19d ./SDK/platform/drivers/src/pins/pins_port_hw_access.o
                              0x69d04 (size before relaxing)
 .debug_str     0x00078864      0x30e ./SDK/platform/pal/src/timing/timing_irq.o
                              0x6ac7f (size before relaxing)
 .debug_str     0x00078b72      0x411 ./SDK/platform/pal/src/timing/timing_pal.o
                              0x6cb7d (size before relaxing)
 .debug_str     0x00078f83      0x1a1 ./SDK/rtos/osif/osif_baremetal.o
                              0x6a667 (size before relaxing)
 .debug_str     0x00079124       0x18 ./board/clock_config.o
                              0x6b5c6 (size before relaxing)
 .debug_str     0x0007913c       0x24 ./board/peripherals_timing_pal_1.o
                              0x6aaf6 (size before relaxing)
 .debug_str     0x00079160       0x24 ./board/peripherals_timing_pal_2.o
                              0x6ae0d (size before relaxing)
 .debug_str     0x00079184       0x13 ./board/pin_mux.o
                              0x71363 (size before relaxing)
 .debug_str     0x00079197      0x117 ./src/e-bike_app.o
                              0x71470 (size before relaxing)
 .debug_str     0x000792ae       0x18 ./src/main.o
                              0x713d3 (size before relaxing)
 .debug_str     0x000792c6      0x46a ./src/motor_control.o
                              0x63fc7 (size before relaxing)
 .debug_str     0x00079730       0x76 ./src/pwm_isr.o
                              0x63ffa (size before relaxing)

.comment        0x00000000       0xa0
 .comment       0x00000000       0xa0 ./BaseDriver/Gpio.o
                                 0xa1 (size before relaxing)
 .comment       0x000000a0       0xa1 ./BaseDriver/Timer.o
 .comment       0x000000a0       0xa1 ./BaseDriver/adc.o
 .comment       0x000000a0       0xa1 ./BaseDriver/lpuart_LPUART_0.o
 .comment       0x000000a0       0xa1 ./SDK/platform/devices/S32K142/startup/system_S32K142.o
 .comment       0x000000a0       0xa1 ./SDK/platform/devices/startup.o
 .comment       0x000000a0       0xa1 ./SDK/platform/drivers/src/clock/S32K1xx/clock_S32K1xx.o
 .comment       0x000000a0       0xa1 ./SDK/platform/drivers/src/edma/edma_driver.o
 .comment       0x000000a0       0xa1 ./SDK/platform/drivers/src/edma/edma_hw_access.o
 .comment       0x000000a0       0xa1 ./SDK/platform/drivers/src/edma/edma_irq.o
 .comment       0x000000a0       0xa1 ./SDK/platform/drivers/src/ftm/ftm_common.o
 .comment       0x000000a0       0xa1 ./SDK/platform/drivers/src/ftm/ftm_hw_access.o
 .comment       0x000000a0       0xa1 ./SDK/platform/drivers/src/ftm/ftm_oc_driver.o
 .comment       0x000000a0       0xa1 ./SDK/platform/drivers/src/interrupt/interrupt_manager.o
 .comment       0x000000a0       0xa1 ./SDK/platform/drivers/src/lpit/lpit_driver.o
 .comment       0x000000a0       0xa1 ./SDK/platform/drivers/src/lptmr/lptmr_driver.o
 .comment       0x000000a0       0xa1 ./SDK/platform/drivers/src/lptmr/lptmr_hw_access.o
 .comment       0x000000a0       0xa1 ./SDK/platform/drivers/src/lpuart/lpuart_driver.o
 .comment       0x000000a0       0xa1 ./SDK/platform/drivers/src/lpuart/lpuart_hw_access.o
 .comment       0x000000a0       0xa1 ./SDK/platform/drivers/src/lpuart/lpuart_irq.o
 .comment       0x000000a0       0xa1 ./SDK/platform/drivers/src/pins/pins_driver.o
 .comment       0x000000a0       0xa1 ./SDK/platform/drivers/src/pins/pins_port_hw_access.o
 .comment       0x000000a0       0xa1 ./SDK/platform/pal/src/timing/timing_irq.o
 .comment       0x000000a0       0xa1 ./SDK/platform/pal/src/timing/timing_pal.o
 .comment       0x000000a0       0xa1 ./SDK/rtos/osif/osif_baremetal.o
 .comment       0x000000a0       0xa1 ./board/clock_config.o
 .comment       0x000000a0       0xa1 ./board/peripherals_timing_pal_1.o
 .comment       0x000000a0       0xa1 ./board/peripherals_timing_pal_2.o
 .comment       0x000000a0       0xa1 ./board/pin_mux.o
 .comment       0x000000a0       0xa1 ./src/e-bike_app.o
 .comment       0x000000a0       0xa1 ./src/main.o
 .comment       0x000000a0       0xa1 ./src/motor_control.o
 .comment       0x000000a0       0xa1 ./src/pwm_isr.o

.debug_frame    0x00000000     0x2318
 .debug_frame   0x00000000      0x17c ./BaseDriver/Gpio.o
 .debug_frame   0x0000017c       0xbc ./BaseDriver/Timer.o
 .debug_frame   0x00000238       0x20 ./BaseDriver/adc.o
 .debug_frame   0x00000258       0x6c ./BaseDriver/lpuart_LPUART_0.o
 .debug_frame   0x000002c4       0x40 ./SDK/platform/devices/S32K142/startup/system_S32K142.o
 .debug_frame   0x00000304       0x2c ./SDK/platform/devices/startup.o
 .debug_frame   0x00000330      0x3a4 ./SDK/platform/drivers/src/clock/S32K1xx/clock_S32K1xx.o
 .debug_frame   0x000006d4      0x3a0 ./SDK/platform/drivers/src/edma/edma_driver.o
 .debug_frame   0x00000a74      0x140 ./SDK/platform/drivers/src/edma/edma_hw_access.o
 .debug_frame   0x00000bb4      0x1ac ./SDK/platform/drivers/src/edma/edma_irq.o
 .debug_frame   0x00000d60      0x204 ./SDK/platform/drivers/src/ftm/ftm_common.o
 .debug_frame   0x00000f64       0x64 ./SDK/platform/drivers/src/ftm/ftm_hw_access.o
 .debug_frame   0x00000fc8       0x7c ./SDK/platform/drivers/src/ftm/ftm_oc_driver.o
 .debug_frame   0x00001044       0xd8 ./SDK/platform/drivers/src/interrupt/interrupt_manager.o
 .debug_frame   0x0000111c      0x1a8 ./SDK/platform/drivers/src/lpit/lpit_driver.o
 .debug_frame   0x000012c4      0x1b8 ./SDK/platform/drivers/src/lptmr/lptmr_driver.o
 .debug_frame   0x0000147c       0x20 ./SDK/platform/drivers/src/lptmr/lptmr_hw_access.o
 .debug_frame   0x0000149c      0x3ac ./SDK/platform/drivers/src/lpuart/lpuart_driver.o
 .debug_frame   0x00001848      0x100 ./SDK/platform/drivers/src/lpuart/lpuart_hw_access.o
 .debug_frame   0x00001948       0x40 ./SDK/platform/drivers/src/lpuart/lpuart_irq.o
 .debug_frame   0x00001988      0x1e4 ./SDK/platform/drivers/src/pins/pins_driver.o
 .debug_frame   0x00001b6c       0xa0 ./SDK/platform/drivers/src/pins/pins_port_hw_access.o
 .debug_frame   0x00001c0c      0x208 ./SDK/platform/pal/src/timing/timing_irq.o
 .debug_frame   0x00001e14      0x1fc ./SDK/platform/pal/src/timing/timing_pal.o
 .debug_frame   0x00002010       0xf4 ./SDK/rtos/osif/osif_baremetal.o
 .debug_frame   0x00002104       0x20 ./src/e-bike_app.o
 .debug_frame   0x00002124       0x28 ./src/main.o
 .debug_frame   0x0000214c      0x118 ./src/motor_control.o
 .debug_frame   0x00002264       0x2c ./src/pwm_isr.o
 .debug_frame   0x00002290       0x2c c:/nxp/s32ds_arm_v2.2/s32ds/build_tools/gcc_v6.3/gcc-6.3-arm32-eabi/bin/../lib/gcc/arm-none-eabi/6.3.1/thumb/v7e-m/fpv4-sp/hard\libgcc.a(_aeabi_uldivmod.o)
 .debug_frame   0x000022bc       0x34 c:/nxp/s32ds_arm_v2.2/s32ds/build_tools/gcc_v6.3/gcc-6.3-arm32-eabi/bin/../lib/gcc/arm-none-eabi/6.3.1/thumb/v7e-m/fpv4-sp/hard\libgcc.a(_udivmoddi4.o)
 .debug_frame   0x000022f0       0x28 C:/NXP/S32DS_ARM_v2.2/S32DS/build_tools/gcc_v6.3/gcc-6.3-arm32-eabi/arm-none-eabi/newlib/lib/thumb/v7e-m/fpv4-sp/hard\libc_nano.a(lib_a-memcpy-stub.o)

.debug_loc      0x00000000    0x16d99
 .debug_loc     0x00000000       0xca ./BaseDriver/Timer.o
 .debug_loc     0x000000ca       0x21 ./BaseDriver/adc.o
 .debug_loc     0x000000eb      0x12f ./BaseDriver/lpuart_LPUART_0.o
 .debug_loc     0x0000021a       0xeb ./SDK/platform/devices/S32K142/startup/system_S32K142.o
 .debug_loc     0x00000305       0xec ./SDK/platform/devices/startup.o
 .debug_loc     0x000003f1     0x5061 ./SDK/platform/drivers/src/clock/S32K1xx/clock_S32K1xx.o